Archive member included because of file (symbol)

/usr/local/Cellar/gcc-arm-none-eabi-49/20150925/bin/../lib/gcc/arm-none-eabi/4.9.3/../../../../arm-none-eabi/lib/armv7e-m/fpu/libc_nano.a(lib_a-efgcvt.o)
                              build/main.o (gcvt)
/usr/local/Cellar/gcc-arm-none-eabi-49/20150925/bin/../lib/gcc/arm-none-eabi/4.9.3/../../../../arm-none-eabi/lib/armv7e-m/fpu/libc_nano.a(lib_a-exit.o)
                              /usr/local/Cellar/gcc-arm-none-eabi-49/20150925/bin/../lib/gcc/arm-none-eabi/4.9.3/../../../../arm-none-eabi/lib/armv7e-m/fpu/crt0.o (exit)
/usr/local/Cellar/gcc-arm-none-eabi-49/20150925/bin/../lib/gcc/arm-none-eabi/4.9.3/../../../../arm-none-eabi/lib/armv7e-m/fpu/libc_nano.a(lib_a-impure.o)
                              /usr/local/Cellar/gcc-arm-none-eabi-49/20150925/bin/../lib/gcc/arm-none-eabi/4.9.3/../../../../arm-none-eabi/lib/armv7e-m/fpu/libc_nano.a(lib_a-exit.o) (_global_impure_ptr)
/usr/local/Cellar/gcc-arm-none-eabi-49/20150925/bin/../lib/gcc/arm-none-eabi/4.9.3/../../../../arm-none-eabi/lib/armv7e-m/fpu/libc_nano.a(lib_a-init.o)
                              /usr/local/Cellar/gcc-arm-none-eabi-49/20150925/bin/../lib/gcc/arm-none-eabi/4.9.3/../../../../arm-none-eabi/lib/armv7e-m/fpu/crt0.o (__libc_init_array)
/usr/local/Cellar/gcc-arm-none-eabi-49/20150925/bin/../lib/gcc/arm-none-eabi/4.9.3/../../../../arm-none-eabi/lib/armv7e-m/fpu/libc_nano.a(lib_a-memset.o)
                              /usr/local/Cellar/gcc-arm-none-eabi-49/20150925/bin/../lib/gcc/arm-none-eabi/4.9.3/../../../../arm-none-eabi/lib/armv7e-m/fpu/crt0.o (memset)
/usr/local/Cellar/gcc-arm-none-eabi-49/20150925/bin/../lib/gcc/arm-none-eabi/4.9.3/../../../../arm-none-eabi/lib/armv7e-m/fpu/libc_nano.a(lib_a-sprintf.o)
                              build/main.o (sprintf)
/usr/local/Cellar/gcc-arm-none-eabi-49/20150925/bin/../lib/gcc/arm-none-eabi/4.9.3/../../../../arm-none-eabi/lib/armv7e-m/fpu/libc_nano.a(lib_a-ecvtbuf.o)
                              /usr/local/Cellar/gcc-arm-none-eabi-49/20150925/bin/../lib/gcc/arm-none-eabi/4.9.3/../../../../arm-none-eabi/lib/armv7e-m/fpu/libc_nano.a(lib_a-efgcvt.o) (fcvtbuf)
/usr/local/Cellar/gcc-arm-none-eabi-49/20150925/bin/../lib/gcc/arm-none-eabi/4.9.3/../../../../arm-none-eabi/lib/armv7e-m/fpu/libc_nano.a(lib_a-mprec.o)
                              /usr/local/Cellar/gcc-arm-none-eabi-49/20150925/bin/../lib/gcc/arm-none-eabi/4.9.3/../../../../arm-none-eabi/lib/armv7e-m/fpu/libc_nano.a(lib_a-ecvtbuf.o) (_mprec_log10)
/usr/local/Cellar/gcc-arm-none-eabi-49/20150925/bin/../lib/gcc/arm-none-eabi/4.9.3/../../../../arm-none-eabi/lib/armv7e-m/fpu/libc_nano.a(lib_a-nano-callocr.o)
                              /usr/local/Cellar/gcc-arm-none-eabi-49/20150925/bin/../lib/gcc/arm-none-eabi/4.9.3/../../../../arm-none-eabi/lib/armv7e-m/fpu/libc_nano.a(lib_a-mprec.o) (_calloc_r)
/usr/local/Cellar/gcc-arm-none-eabi-49/20150925/bin/../lib/gcc/arm-none-eabi/4.9.3/../../../../arm-none-eabi/lib/armv7e-m/fpu/libc_nano.a(lib_a-nano-mallocr.o)
                              /usr/local/Cellar/gcc-arm-none-eabi-49/20150925/bin/../lib/gcc/arm-none-eabi/4.9.3/../../../../arm-none-eabi/lib/armv7e-m/fpu/libc_nano.a(lib_a-nano-callocr.o) (_malloc_r)
/usr/local/Cellar/gcc-arm-none-eabi-49/20150925/bin/../lib/gcc/arm-none-eabi/4.9.3/../../../../arm-none-eabi/lib/armv7e-m/fpu/libc_nano.a(lib_a-nano-reallocr.o)
                              /usr/local/Cellar/gcc-arm-none-eabi-49/20150925/bin/../lib/gcc/arm-none-eabi/4.9.3/../../../../arm-none-eabi/lib/armv7e-m/fpu/libc_nano.a(lib_a-ecvtbuf.o) (_realloc_r)
/usr/local/Cellar/gcc-arm-none-eabi-49/20150925/bin/../lib/gcc/arm-none-eabi/4.9.3/../../../../arm-none-eabi/lib/armv7e-m/fpu/libc_nano.a(lib_a-nano-svfprintf.o)
                              /usr/local/Cellar/gcc-arm-none-eabi-49/20150925/bin/../lib/gcc/arm-none-eabi/4.9.3/../../../../arm-none-eabi/lib/armv7e-m/fpu/libc_nano.a(lib_a-sprintf.o) (_svfprintf_r)
/usr/local/Cellar/gcc-arm-none-eabi-49/20150925/bin/../lib/gcc/arm-none-eabi/4.9.3/../../../../arm-none-eabi/lib/armv7e-m/fpu/libc_nano.a(lib_a-nano-vfprintf_i.o)
                              /usr/local/Cellar/gcc-arm-none-eabi-49/20150925/bin/../lib/gcc/arm-none-eabi/4.9.3/../../../../arm-none-eabi/lib/armv7e-m/fpu/libc_nano.a(lib_a-nano-svfprintf.o) (_printf_i)
/usr/local/Cellar/gcc-arm-none-eabi-49/20150925/bin/../lib/gcc/arm-none-eabi/4.9.3/../../../../arm-none-eabi/lib/armv7e-m/fpu/libc_nano.a(lib_a-sbrkr.o)
                              /usr/local/Cellar/gcc-arm-none-eabi-49/20150925/bin/../lib/gcc/arm-none-eabi/4.9.3/../../../../arm-none-eabi/lib/armv7e-m/fpu/libc_nano.a(lib_a-nano-mallocr.o) (_sbrk_r)
/usr/local/Cellar/gcc-arm-none-eabi-49/20150925/bin/../lib/gcc/arm-none-eabi/4.9.3/../../../../arm-none-eabi/lib/armv7e-m/fpu/libc_nano.a(lib_a-strcpy.o)
[...]
Memory Configuration

Name             Origin             Length             Attributes
RAM              0x0000000020000000 0x0000000000018000 xrw
RAM2             0x0000000010000000 0x0000000000008000 xrw
FLASH            0x0000000008000000 0x0000000000100000 xr
*default*        0x0000000000000000 0xffffffffffffffff

Linker script and memory map

LOAD /usr/local/Cellar/gcc-arm-none-eabi-49/20150925/bin/../lib/gcc/arm-none-eabi/4.9.3/armv7e-m/fpu/crti.o
LOAD /usr/local/Cellar/gcc-arm-none-eabi-49/20150925/bin/../lib/gcc/arm-none-eabi/4.9.3/armv7e-m/fpu/crtbegin.o
LOAD /usr/local/Cellar/gcc-arm-none-eabi-49/20150925/bin/../lib/gcc/arm-none-eabi/4.9.3/../../../../arm-none-eabi/lib/armv7e-m/fpu/crt0.o
LOAD build/ADCsrc.o
LOAD build/main.o
LOAD build/gpio.o
LOAD build/usart.o
LOAD build/stm32l4xx_it.o
LOAD build/stm32l4xx_hal_msp.o
LOAD build/stm32l4xx_hal_tim.o
LOAD build/stm32l4xx_hal_tim_ex.o
LOAD build/stm32l4xx_hal_uart.o
LOAD build/stm32l4xx_hal_uart_ex.o
LOAD build/stm32l4xx_hal.o
LOAD build/stm32l4xx_hal_i2c.o
LOAD build/stm32l4xx_hal_i2c_ex.o
LOAD build/stm32l4xx_hal_rcc.o
LOAD build/stm32l4xx_hal_rcc_ex.o
LOAD build/stm32l4xx_hal_flash.o
LOAD build/stm32l4xx_hal_flash_ex.o
LOAD build/stm32l4xx_hal_flash_ramfunc.o
LOAD build/stm32l4xx_hal_gpio.o
LOAD build/stm32l4xx_hal_dma.o
LOAD build/stm32l4xx_hal_dma_ex.o
LOAD build/stm32l4xx_hal_pwr.o
LOAD build/stm32l4xx_hal_pwr_ex.o
LOAD build/stm32l4xx_hal_cortex.o
LOAD build/system_stm32l4xx.o
LOAD build/startup_stm32l476xx.o
LOAD /usr/local/Cellar/gcc-arm-none-eabi-49/20150925/bin/../lib/gcc/arm-none-eabi/4.9.3/../../../../arm-none-eabi/lib/armv7e-m/fpu/libc_nano.a
LOAD /usr/local/Cellar/gcc-arm-none-eabi-49/20150925/bin/../lib/gcc/arm-none-eabi/4.9.3/../../../../arm-none-eabi/lib/armv7e-m/fpu/libm.a
LOAD /usr/local/Cellar/gcc-arm-none-eabi-49/20150925/bin/../lib/gcc/arm-none-eabi/4.9.3/../../../../arm-none-eabi/lib/armv7e-m/fpu/libnosys.a
START GROUP
LOAD /usr/local/Cellar/gcc-arm-none-eabi-49/20150925/bin/../lib/gcc/arm-none-eabi/4.9.3/armv7e-m/fpu/libgcc.a
LOAD /usr/local/Cellar/gcc-arm-none-eabi-49/20150925/bin/../lib/gcc/arm-none-eabi/4.9.3/../../../../arm-none-eabi/lib/armv7e-m/fpu/libc_nano.a
END GROUP
START GROUP
LOAD /usr/local/Cellar/gcc-arm-none-eabi-49/20150925/bin/../lib/gcc/arm-none-eabi/4.9.3/armv7e-m/fpu/libgcc.a
LOAD /usr/local/Cellar/gcc-arm-none-eabi-49/20150925/bin/../lib/gcc/arm-none-eabi/4.9.3/../../../../arm-none-eabi/lib/armv7e-m/fpu/libc_nano.a
END GROUP
LOAD /usr/local/Cellar/gcc-arm-none-eabi-49/20150925/bin/../lib/gcc/arm-none-eabi/4.9.3/armv7e-m/fpu/crtend.o
LOAD /usr/local/Cellar/gcc-arm-none-eabi-49/20150925/bin/../lib/gcc/arm-none-eabi/4.9.3/armv7e-m/fpu/crtn.o
                0x0000000020018000                _estack = 0x20018000
                0x0000000000000200                _Min_Heap_Size = 0x200
                0x0000000000000400                _Min_Stack_Size = 0x400

.isr_vector     0x0000000008000000      0x188
                0x0000000008000000                . = ALIGN (0x8)
 *(.isr_vector)
 .isr_vector    0x0000000008000000      0x188 build/startup_stm32l476xx.o
                0x0000000008000000                g_pfnVectors
                0x0000000008000188                . = ALIGN (0x8)

.text           0x0000000008000188     0x5918
                0x0000000008000188                . = ALIGN (0x8)
 *(.text)
 .text          0x0000000008000188       0x5c /usr/local/Cellar/gcc-arm-none-eabi-49/20150925/bin/../lib/gcc/arm-none-eabi/4.9.3/armv7e-m/fpu/crtbegin.o
 .text          0x00000000080001e4      0x370 /usr/local/Cellar/gcc-arm-none-eabi-49/20150925/bin/../lib/gcc/arm-none-eabi/4.9.3/armv7e-m/fpu/libgcc.a(_arm_addsubdf3.o)
                0x00000000080001e4                __aeabi_drsub
                0x00000000080001ec                __subdf3
                0x00000000080001ec                __aeabi_dsub
                0x00000000080001f0                __aeabi_dadd
                0x00000000080001f0                __adddf3
                0x0000000008000468                __aeabi_ui2d
                0x0000000008000468                __floatunsidf
                0x0000000008000488                __floatsidf
                0x0000000008000488                __aeabi_i2d
                0x00000000080004ac                __extendsfdf2
                0x00000000080004ac                __aeabi_f2d
                0x00000000080004e8                __aeabi_ul2d
                0x00000000080004e8                __floatundidf
                0x00000000080004f8                __aeabi_l2d
                0x00000000080004f8                __floatdidf
 .text          0x0000000008000554      0x424 /usr/local/Cellar/gcc-arm-none-eabi-49/20150925/bin/../lib/gcc/arm-none-eabi/4.9.3/armv7e-m/fpu/libgcc.a(_arm_muldivdf3.o)
                0x0000000008000554                __aeabi_dmul
                0x0000000008000554                __muldf3
                0x00000000080007a8                __aeabi_ddiv
                0x00000000080007a8                __divdf3
 .text          0x0000000008000978      0x110 /usr/local/Cellar/gcc-arm-none-eabi-49/20150925/bin/../lib/gcc/arm-none-eabi/4.9.3/armv7e-m/fpu/libgcc.a(_arm_cmpdf2.o)
                0x0000000008000978                __gedf2
                0x0000000008000978                __gtdf2
                0x0000000008000980                __ledf2
                0x0000000008000980                __ltdf2
                0x0000000008000988                __cmpdf2
                0x0000000008000988                __eqdf2
                0x0000000008000988                __nedf2
                0x0000000008000a04                __aeabi_cdrcmple
                0x0000000008000a14                __aeabi_cdcmple
                0x0000000008000a14                __aeabi_cdcmpeq
                0x0000000008000a24                __aeabi_dcmpeq
                0x0000000008000a38                __aeabi_dcmplt
                0x0000000008000a4c                __aeabi_dcmple
                0x0000000008000a60                __aeabi_dcmpge
                0x0000000008000a74                __aeabi_dcmpgt
 .text          0x0000000008000a88       0x50 /usr/local/Cellar/gcc-arm-none-eabi-49/20150925/bin/../lib/gcc/arm-none-eabi/4.9.3/armv7e-m/fpu/libgcc.a(_arm_fixdfsi.o)
                0x0000000008000a88                __fixdfsi
                0x0000000008000a88                __aeabi_d2iz
 .text          0x0000000008000ad8       0xa0 /usr/local/Cellar/gcc-arm-none-eabi-49/20150925/bin/../lib/gcc/arm-none-eabi/4.9.3/armv7e-m/fpu/libgcc.a(_arm_truncdfsf2.o)
                0x0000000008000ad8                __aeabi_d2f
                0x0000000008000ad8                __truncdfsf2
 .text          0x0000000008000b78       0x30 /usr/local/Cellar/gcc-arm-none-eabi-49/20150925/bin/../lib/gcc/arm-none-eabi/4.9.3/armv7e-m/fpu/libgcc.a(_aeabi_uldivmod.o)
                0x0000000008000b78                __aeabi_uldivmod
 .text          0x0000000008000ba8       0x60 /usr/local/Cellar/gcc-arm-none-eabi-49/20150925/bin/../lib/gcc/arm-none-eabi/4.9.3/armv7e-m/fpu/libgcc.a(bpabi.o)
                0x0000000008000ba8                __gnu_ldivmod_helper
                0x0000000008000bd8                __gnu_uldivmod_helper
 .text          0x0000000008000c08        0x4 /usr/local/Cellar/gcc-arm-none-eabi-49/20150925/bin/../lib/gcc/arm-none-eabi/4.9.3/armv7e-m/fpu/libgcc.a(_dvmd_tls.o)
                0x0000000008000c08                __aeabi_ldiv0
                0x0000000008000c08                __aeabi_idiv0
 .text          0x0000000008000c0c      0x29c /usr/local/Cellar/gcc-arm-none-eabi-49/20150925/bin/../lib/gcc/arm-none-eabi/4.9.3/armv7e-m/fpu/libgcc.a(_divdi3.o)
                0x0000000008000c0c                __divdi3
 .text          0x0000000008000ea8      0x26c /usr/local/Cellar/gcc-arm-none-eabi-49/20150925/bin/../lib/gcc/arm-none-eabi/4.9.3/armv7e-m/fpu/libgcc.a(_udivdi3.o)
                0x0000000008000ea8                __udivdi3
 *(.text*)
 .text.ADC1_Wakeup
                0x0000000008001114       0x30 build/ADCsrc.o
                0x0000000008001114                ADC1_Wakeup
 .text.ADC1_Init
                0x0000000008001144      0x100 build/ADCsrc.o
                0x0000000008001144                ADC1_Init
 .text.GPIO_Init
                0x0000000008001244       0x3c build/ADCsrc.o
                0x0000000008001244                GPIO_Init
 .text.TIM4_Init
                0x0000000008001280       0x6c build/ADCsrc.o
                0x0000000008001280                TIM4_Init
 .text.ADC_Calibration
                0x00000000080012ec       0x34 build/ADCsrc.o
                0x00000000080012ec                ADC_Calibration
 .text.arm_mean_f32
                0x0000000008001320       0x5c build/ADCsrc.o
                0x0000000008001320                arm_mean_f32
 .text.arm_std_f32
                0x000000000800137c       0xd8 build/ADCsrc.o
                0x000000000800137c                arm_std_f32
 .text.arm_max_f32
                0x0000000008001454       0x9c build/ADCsrc.o
                0x0000000008001454                arm_max_f32
 .text.arm_correlate_f32
                0x00000000080014f0      0x3b8 build/ADCsrc.o
                0x00000000080014f0                arm_correlate_f32
 .text.findFrequency
                0x00000000080018a8      0x14c build/ADCsrc.o
                0x00000000080018a8                findFrequency
 .text.DMA_Init
                0x00000000080019f4       0xd4 build/main.o
                0x00000000080019f4                DMA_Init
 .text.DMA1_Channel1_IRQHandler
                0x0000000008001ac8       0x7c build/main.o
                0x0000000008001ac8                DMA1_Channel1_IRQHandler
 .text.ADC1_2_IRQHandler
                0x0000000008001b44       0x1c build/main.o
                0x0000000008001b44                ADC1_2_IRQHandler
 .text._Error_Handler
                0x0000000008001b60        0x4 build/main.o
                0x0000000008001b60                _Error_Handler
 .text.SystemClock_Config
                0x0000000008001b64       0xa0 build/main.o
                0x0000000008001b64                SystemClock_Config
 .text.main     0x0000000008001c04      0x198 build/main.o
                0x0000000008001c04                main
 .text.MX_GPIO_Init
                0x0000000008001d9c       0x98 build/gpio.o
                0x0000000008001d9c                MX_GPIO_Init
 .text.MX_USART2_UART_Init
                0x0000000008001e34       0x40 build/usart.o
                0x0000000008001e34                MX_USART2_UART_Init
 .text.HAL_UART_MspInit
                0x0000000008001e74       0x4c build/usart.o
                0x0000000008001e74                HAL_UART_MspInit
 .text.SysTick_Handler
                0x0000000008001ec0        0xc build/stm32l4xx_it.o
                0x0000000008001ec0                SysTick_Handler
 .text.HAL_MspInit
                0x0000000008001ecc       0x90 build/stm32l4xx_hal_msp.o
                0x0000000008001ecc                HAL_MspInit
 .text.UART_SetConfig
                0x0000000008001f5c      0x414 build/stm32l4xx_hal_uart.o
                0x0000000008001f5c                UART_SetConfig
 .text.UART_AdvFeatureConfig
                0x0000000008002370       0xc8 build/stm32l4xx_hal_uart.o
                0x0000000008002370                UART_AdvFeatureConfig
 .text.UART_WaitOnFlagUntilTimeout
                0x0000000008002438       0x68 build/stm32l4xx_hal_uart.o
                0x0000000008002438                UART_WaitOnFlagUntilTimeout
 .text.HAL_UART_Transmit
                0x00000000080024a0       0xd0 build/stm32l4xx_hal_uart.o
                0x00000000080024a0                HAL_UART_Transmit
 .text.UART_CheckIdleState
                0x0000000008002570       0x6c build/stm32l4xx_hal_uart.o
                0x0000000008002570                UART_CheckIdleState
 .text.HAL_UART_Init
                0x00000000080025dc       0x6c build/stm32l4xx_hal_uart.o
                0x00000000080025dc                HAL_UART_Init
 .text.HAL_InitTick
                0x0000000008002648       0x2c build/stm32l4xx_hal.o
                0x0000000008002648                HAL_InitTick
 .text.HAL_Init
                0x0000000008002674       0x24 build/stm32l4xx_hal.o
                0x0000000008002674                HAL_Init
 .text.HAL_IncTick
                0x0000000008002698       0x10 build/stm32l4xx_hal.o
                0x0000000008002698                HAL_IncTick
 .text.HAL_GetTick
                0x00000000080026a8        0xc build/stm32l4xx_hal.o
                0x00000000080026a8                HAL_GetTick
 .text.RCC_SetFlashLatencyFromMSIRange
                0x00000000080026b4       0x90 build/stm32l4xx_hal_rcc.o
 .text.HAL_RCC_GetSysClockFreq
                0x0000000008002744      0x100 build/stm32l4xx_hal_rcc.o
                0x0000000008002744                HAL_RCC_GetSysClockFreq
 .text.HAL_RCC_OscConfig
                0x0000000008002844      0x5a4 build/stm32l4xx_hal_rcc.o
                0x0000000008002844                HAL_RCC_OscConfig
 .text.HAL_RCC_ClockConfig
                0x0000000008002de8      0x158 build/stm32l4xx_hal_rcc.o
                0x0000000008002de8                HAL_RCC_ClockConfig
 .text.HAL_RCC_GetHCLKFreq
                0x0000000008002f40        0xc build/stm32l4xx_hal_rcc.o
                0x0000000008002f40                HAL_RCC_GetHCLKFreq
 .text.HAL_RCC_GetPCLK1Freq
                0x0000000008002f4c       0x20 build/stm32l4xx_hal_rcc.o
                0x0000000008002f4c                HAL_RCC_GetPCLK1Freq
 .text.HAL_RCC_GetPCLK2Freq
                0x0000000008002f6c       0x20 build/stm32l4xx_hal_rcc.o
                0x0000000008002f6c                HAL_RCC_GetPCLK2Freq
 .text.RCCEx_PLLSAI1_Config
                0x0000000008002f8c      0x180 build/stm32l4xx_hal_rcc_ex.o
 .text.RCCEx_PLLSAI2_Config
                0x000000000800310c      0x15c build/stm32l4xx_hal_rcc_ex.o
 .text.HAL_RCCEx_PeriphCLKConfig
                0x0000000008003268      0x438 build/stm32l4xx_hal_rcc_ex.o
                0x0000000008003268                HAL_RCCEx_PeriphCLKConfig
 .text.HAL_GPIO_Init
                0x00000000080036a0      0x1d8 build/stm32l4xx_hal_gpio.o
                0x00000000080036a0                HAL_GPIO_Init
 .text.HAL_GPIO_WritePin
                0x0000000008003878        0xc build/stm32l4xx_hal_gpio.o
                0x0000000008003878                HAL_GPIO_WritePin
 .text.HAL_PWREx_GetVoltageRange
                0x0000000008003884       0x10 build/stm32l4xx_hal_pwr_ex.o
                0x0000000008003884                HAL_PWREx_GetVoltageRange
 .text.HAL_PWREx_ControlVoltageScaling
                0x0000000008003894       0x90 build/stm32l4xx_hal_pwr_ex.o
                0x0000000008003894                HAL_PWREx_ControlVoltageScaling
 .text.HAL_NVIC_SetPriorityGrouping
                0x0000000008003924       0x24 build/stm32l4xx_hal_cortex.o
                0x0000000008003924                HAL_NVIC_SetPriorityGrouping
 .text.HAL_NVIC_SetPriority
                0x0000000008003948       0x64 build/stm32l4xx_hal_cortex.o
                0x0000000008003948                HAL_NVIC_SetPriority
 .text.HAL_SYSTICK_Config
                0x00000000080039ac       0x2c build/stm32l4xx_hal_cortex.o
                0x00000000080039ac                HAL_SYSTICK_Config
 .text.HAL_SYSTICK_CLKSourceConfig
                0x00000000080039d8       0x20 build/stm32l4xx_hal_cortex.o
                0x00000000080039d8                HAL_SYSTICK_CLKSourceConfig
 .text.HAL_SYSTICK_Callback
                0x00000000080039f8        0x4 build/stm32l4xx_hal_cortex.o
                0x00000000080039f8                HAL_SYSTICK_Callback
 .text.HAL_SYSTICK_IRQHandler
                0x00000000080039fc        0x8 build/stm32l4xx_hal_cortex.o
                0x00000000080039fc                HAL_SYSTICK_IRQHandler
 .text.SystemInit
                0x0000000008003a04       0x48 build/system_stm32l4xx.o
                0x0000000008003a04                SystemInit
 .text.Reset_Handler
                0x0000000008003a4c       0x50 build/startup_stm32l476xx.o
                0x0000000008003a4c                Reset_Handler
 .text.Default_Handler
                0x0000000008003a9c        0x2 build/startup_stm32l476xx.o
                0x0000000008003a9c                TIM1_BRK_TIM15_IRQHandler
                0x0000000008003a9c                EXTI2_IRQHandler
                0x0000000008003a9c                TIM8_TRG_COM_IRQHandler
                0x0000000008003a9c                TIM8_CC_IRQHandler
                0x0000000008003a9c                DebugMon_Handler
                0x0000000008003a9c                TIM1_CC_IRQHandler
                0x0000000008003a9c                TSC_IRQHandler
                0x0000000008003a9c                HardFault_Handler
                0x0000000008003a9c                TAMP_STAMP_IRQHandler
                0x0000000008003a9c                PendSV_Handler
                0x0000000008003a9c                NMI_Handler
                0x0000000008003a9c                EXTI3_IRQHandler
                0x0000000008003a9c                LPTIM2_IRQHandler
                0x0000000008003a9c                DFSDM1_FLT1_IRQHandler
                0x0000000008003a9c                I2C3_ER_IRQHandler
                0x0000000008003a9c                DFSDM1_FLT2_IRQHandler
                0x0000000008003a9c                EXTI0_IRQHandler
                0x0000000008003a9c                I2C2_EV_IRQHandler
                0x0000000008003a9c                CAN1_RX0_IRQHandler
                0x0000000008003a9c                FPU_IRQHandler
                0x0000000008003a9c                TIM1_UP_TIM16_IRQHandler
                0x0000000008003a9c                UsageFault_Handler
                0x0000000008003a9c                SPI1_IRQHandler
                0x0000000008003a9c                TIM6_DAC_IRQHandler
                0x0000000008003a9c                TIM8_UP_IRQHandler
                0x0000000008003a9c                DMA2_Channel2_IRQHandler
                0x0000000008003a9c                DMA1_Channel4_IRQHandler
                0x0000000008003a9c                SAI2_IRQHandler
                0x0000000008003a9c                DFSDM1_FLT3_IRQHandler
                0x0000000008003a9c                USART3_IRQHandler
                0x0000000008003a9c                DMA1_Channel7_IRQHandler
                0x0000000008003a9c                CAN1_RX1_IRQHandler
                0x0000000008003a9c                LCD_IRQHandler
                0x0000000008003a9c                UART5_IRQHandler
                0x0000000008003a9c                ADC3_IRQHandler
                0x0000000008003a9c                TIM4_IRQHandler
                0x0000000008003a9c                DMA2_Channel1_IRQHandler
                0x0000000008003a9c                QUADSPI_IRQHandler
                0x0000000008003a9c                I2C1_EV_IRQHandler
                0x0000000008003a9c                DMA1_Channel6_IRQHandler
                0x0000000008003a9c                UART4_IRQHandler
                0x0000000008003a9c                DMA2_Channel4_IRQHandler
                0x0000000008003a9c                TIM3_IRQHandler
                0x0000000008003a9c                RCC_IRQHandler
                0x0000000008003a9c                Default_Handler
                0x0000000008003a9c                DMA2_Channel7_IRQHandler
                0x0000000008003a9c                EXTI15_10_IRQHandler
                0x0000000008003a9c                TIM7_IRQHandler
                0x0000000008003a9c                SDMMC1_IRQHandler
                0x0000000008003a9c                TIM5_IRQHandler
                0x0000000008003a9c                I2C3_EV_IRQHandler
                0x0000000008003a9c                EXTI9_5_IRQHandler
                0x0000000008003a9c                RTC_WKUP_IRQHandler
                0x0000000008003a9c                PVD_PVM_IRQHandler
                0x0000000008003a9c                SPI2_IRQHandler
                0x0000000008003a9c                MemManage_Handler
                0x0000000008003a9c                CAN1_TX_IRQHandler
                0x0000000008003a9c                SVC_Handler
                0x0000000008003a9c                DMA2_Channel5_IRQHandler
                0x0000000008003a9c                DMA1_Channel5_IRQHandler
                0x0000000008003a9c                EXTI4_IRQHandler
                0x0000000008003a9c                RNG_IRQHandler
                0x0000000008003a9c                TIM1_TRG_COM_TIM17_IRQHandler
                0x0000000008003a9c                DMA1_Channel3_IRQHandler
                0x0000000008003a9c                COMP_IRQHandler
                0x0000000008003a9c                WWDG_IRQHandler
                0x0000000008003a9c                LPUART1_IRQHandler
                0x0000000008003a9c                DMA2_Channel6_IRQHandler
                0x0000000008003a9c                TIM2_IRQHandler
                0x0000000008003a9c                EXTI1_IRQHandler
                0x0000000008003a9c                USART2_IRQHandler
                0x0000000008003a9c                DFSDM1_FLT0_IRQHandler
                0x0000000008003a9c                I2C2_ER_IRQHandler
                0x0000000008003a9c                DMA1_Channel2_IRQHandler
                0x0000000008003a9c                TIM8_BRK_IRQHandler
                0x0000000008003a9c                CAN1_SCE_IRQHandler
                0x0000000008003a9c                FLASH_IRQHandler
                0x0000000008003a9c                BusFault_Handler
                0x0000000008003a9c                USART1_IRQHandler
                0x0000000008003a9c                OTG_FS_IRQHandler
                0x0000000008003a9c                SPI3_IRQHandler
                0x0000000008003a9c                I2C1_ER_IRQHandler
                0x0000000008003a9c                FMC_IRQHandler
                0x0000000008003a9c                SWPMI1_IRQHandler
                0x0000000008003a9c                LPTIM1_IRQHandler
                0x0000000008003a9c                SAI1_IRQHandler
                0x0000000008003a9c                DMA2_Channel3_IRQHandler
                0x0000000008003a9c                RTC_Alarm_IRQHandler
 *fill*         0x0000000008003a9e        0x2 
 .text.gcvt     0x0000000008003aa0       0x58 /usr/local/Cellar/gcc-arm-none-eabi-49/20150925/bin/../lib/gcc/arm-none-eabi/4.9.3/../../../../arm-none-eabi/lib/armv7e-m/fpu/libc_nano.a(lib_a-efgcvt.o)
                0x0000000008003aa0                gcvt
 .text.__libc_init_array
                0x0000000008003af8       0x4c /usr/local/Cellar/gcc-arm-none-eabi-49/20150925/bin/../lib/gcc/arm-none-eabi/4.9.3/../../../../arm-none-eabi/lib/armv7e-m/fpu/libc_nano.a(lib_a-init.o)
                0x0000000008003af8                __libc_init_array
 .text.memset   0x0000000008003b44       0x10 /usr/local/Cellar/gcc-arm-none-eabi-49/20150925/bin/../lib/gcc/arm-none-eabi/4.9.3/../../../../arm-none-eabi/lib/armv7e-m/fpu/libc_nano.a(lib_a-memset.o)
                0x0000000008003b44                memset
 .text.sprintf  0x0000000008003b54       0x48 /usr/local/Cellar/gcc-arm-none-eabi-49/20150925/bin/../lib/gcc/arm-none-eabi/4.9.3/../../../../arm-none-eabi/lib/armv7e-m/fpu/libc_nano.a(lib_a-sprintf.o)
                0x0000000008003b54                sprintf
                0x0000000008003b54                siprintf
 .text.print_e  0x0000000008003b9c       0xe8 /usr/local/Cellar/gcc-arm-none-eabi-49/20150925/bin/../lib/gcc/arm-none-eabi/4.9.3/../../../../arm-none-eabi/lib/armv7e-m/fpu/libc_nano.a(lib_a-ecvtbuf.o)
 *fill*         0x0000000008003c84        0x4 
 .text._gcvt    0x0000000008003c88      0x18c /usr/local/Cellar/gcc-arm-none-eabi-49/20150925/bin/../lib/gcc/arm-none-eabi/4.9.3/../../../../arm-none-eabi/lib/armv7e-m/fpu/libc_nano.a(lib_a-ecvtbuf.o)
                0x0000000008003c88                _gcvt
 .text._Balloc  0x0000000008003e14       0x6a /usr/local/Cellar/gcc-arm-none-eabi-49/20150925/bin/../lib/gcc/arm-none-eabi/4.9.3/../../../../arm-none-eabi/lib/armv7e-m/fpu/libc_nano.a(lib_a-mprec.o)
                0x0000000008003e14                _Balloc
 .text._Bfree   0x0000000008003e7e       0x2e /usr/local/Cellar/gcc-arm-none-eabi-49/20150925/bin/../lib/gcc/arm-none-eabi/4.9.3/../../../../arm-none-eabi/lib/armv7e-m/fpu/libc_nano.a(lib_a-mprec.o)
                0x0000000008003e7e                _Bfree
 .text.__multadd
                0x0000000008003eac       0x7c /usr/local/Cellar/gcc-arm-none-eabi-49/20150925/bin/../lib/gcc/arm-none-eabi/4.9.3/../../../../arm-none-eabi/lib/armv7e-m/fpu/libc_nano.a(lib_a-mprec.o)
                0x0000000008003eac                __multadd
 .text.__hi0bits
                0x0000000008003f28       0x40 /usr/local/Cellar/gcc-arm-none-eabi-49/20150925/bin/../lib/gcc/arm-none-eabi/4.9.3/../../../../arm-none-eabi/lib/armv7e-m/fpu/libc_nano.a(lib_a-mprec.o)
                0x0000000008003f28                __hi0bits
 .text.__lo0bits
                0x0000000008003f68       0x5a /usr/local/Cellar/gcc-arm-none-eabi-49/20150925/bin/../lib/gcc/arm-none-eabi/4.9.3/../../../../arm-none-eabi/lib/armv7e-m/fpu/libc_nano.a(lib_a-mprec.o)
                0x0000000008003f68                __lo0bits
 .text.__i2b    0x0000000008003fc2       0x12 /usr/local/Cellar/gcc-arm-none-eabi-49/20150925/bin/../lib/gcc/arm-none-eabi/4.9.3/../../../../arm-none-eabi/lib/armv7e-m/fpu/libc_nano.a(lib_a-mprec.o)
                0x0000000008003fc2                __i2b
 .text.__multiply
                0x0000000008003fd4      0x122 /usr/local/Cellar/gcc-arm-none-eabi-49/20150925/bin/../lib/gcc/arm-none-eabi/4.9.3/../../../../arm-none-eabi/lib/armv7e-m/fpu/libc_nano.a(lib_a-mprec.o)
                0x0000000008003fd4                __multiply
 *fill*         0x00000000080040f6        0x2 
 .text.__pow5mult
                0x00000000080040f8       0x9c /usr/local/Cellar/gcc-arm-none-eabi-49/20150925/bin/../lib/gcc/arm-none-eabi/4.9.3/../../../../arm-none-eabi/lib/armv7e-m/fpu/libc_nano.a(lib_a-mprec.o)
                0x00000000080040f8                __pow5mult
 .text.__lshift
                0x0000000008004194       0xa6 /usr/local/Cellar/gcc-arm-none-eabi-49/20150925/bin/../lib/gcc/arm-none-eabi/4.9.3/../../../../arm-none-eabi/lib/armv7e-m/fpu/libc_nano.a(lib_a-mprec.o)
                0x0000000008004194                __lshift
 .text.__mcmp   0x000000000800423a       0x38 /usr/local/Cellar/gcc-arm-none-eabi-49/20150925/bin/../lib/gcc/arm-none-eabi/4.9.3/../../../../arm-none-eabi/lib/armv7e-m/fpu/libc_nano.a(lib_a-mprec.o)
                0x000000000800423a                __mcmp
 .text.__mdiff  0x0000000008004272       0xbe /usr/local/Cellar/gcc-arm-none-eabi-49/20150925/bin/../lib/gcc/arm-none-eabi/4.9.3/../../../../arm-none-eabi/lib/armv7e-m/fpu/libc_nano.a(lib_a-mprec.o)
                0x0000000008004272                __mdiff
 .text.__d2b    0x0000000008004330       0xa4 /usr/local/Cellar/gcc-arm-none-eabi-49/20150925/bin/../lib/gcc/arm-none-eabi/4.9.3/../../../../arm-none-eabi/lib/armv7e-m/fpu/libc_nano.a(lib_a-mprec.o)
                0x0000000008004330                __d2b
 .text._mprec_log10
                0x00000000080043d4       0x38 /usr/local/Cellar/gcc-arm-none-eabi-49/20150925/bin/../lib/gcc/arm-none-eabi/4.9.3/../../../../arm-none-eabi/lib/armv7e-m/fpu/libc_nano.a(lib_a-mprec.o)
                0x00000000080043d4                _mprec_log10
 .text._calloc_r
                0x000000000800440c       0x1c /usr/local/Cellar/gcc-arm-none-eabi-49/20150925/bin/../lib/gcc/arm-none-eabi/4.9.3/../../../../arm-none-eabi/lib/armv7e-m/fpu/libc_nano.a(lib_a-nano-callocr.o)
                0x000000000800440c                _calloc_r
 .text._malloc_r
                0x0000000008004428       0xac /usr/local/Cellar/gcc-arm-none-eabi-49/20150925/bin/../lib/gcc/arm-none-eabi/4.9.3/../../../../arm-none-eabi/lib/armv7e-m/fpu/libc_nano.a(lib_a-nano-mallocr.o)
                0x0000000008004428                _malloc_r
 .text._realloc_r
                0x00000000080044d4       0x4c /usr/local/Cellar/gcc-arm-none-eabi-49/20150925/bin/../lib/gcc/arm-none-eabi/4.9.3/../../../../arm-none-eabi/lib/armv7e-m/fpu/libc_nano.a(lib_a-nano-reallocr.o)
                0x00000000080044d4                _realloc_r
 .text.__ssputs_r
                0x0000000008004520       0xb2 /usr/local/Cellar/gcc-arm-none-eabi-49/20150925/bin/../lib/gcc/arm-none-eabi/4.9.3/../../../../arm-none-eabi/lib/armv7e-m/fpu/libc_nano.a(lib_a-nano-svfprintf.o)
                0x0000000008004520                __ssputs_r
 *fill*         0x00000000080045d2        0x2 
 .text._svfprintf_r
                0x00000000080045d4      0x1e4 /usr/local/Cellar/gcc-arm-none-eabi-49/20150925/bin/../lib/gcc/arm-none-eabi/4.9.3/../../../../arm-none-eabi/lib/armv7e-m/fpu/libc_nano.a(lib_a-nano-svfprintf.o)
                0x00000000080045d4                _svfprintf_r
                0x00000000080045d4                _svfiprintf_r
 .text._printf_common
                0x00000000080047b8       0xea /usr/local/Cellar/gcc-arm-none-eabi-49/20150925/bin/../lib/gcc/arm-none-eabi/4.9.3/../../../../arm-none-eabi/lib/armv7e-m/fpu/libc_nano.a(lib_a-nano-vfprintf_i.o)
                0x00000000080047b8                _printf_common
 *fill*         0x00000000080048a2        0x2 
 .text._printf_i
                0x00000000080048a4      0x240 /usr/local/Cellar/gcc-arm-none-eabi-49/20150925/bin/../lib/gcc/arm-none-eabi/4.9.3/../../../../arm-none-eabi/lib/armv7e-m/fpu/libc_nano.a(lib_a-nano-vfprintf_i.o)
                0x00000000080048a4                _printf_i
 .text._sbrk_r  0x0000000008004ae4       0x20 /usr/local/Cellar/gcc-arm-none-eabi-49/20150925/bin/../lib/gcc/arm-none-eabi/4.9.3/../../../../arm-none-eabi/lib/armv7e-m/fpu/libc_nano.a(lib_a-sbrkr.o)
                0x0000000008004ae4                _sbrk_r
 .text.strcpy   0x0000000008004b04       0x10 /usr/local/Cellar/gcc-arm-none-eabi-49/20150925/bin/../lib/gcc/arm-none-eabi/4.9.3/../../../../arm-none-eabi/lib/armv7e-m/fpu/libc_nano.a(lib_a-strcpy.o)
                0x0000000008004b04                strcpy
 .text.quorem   0x0000000008004b14      0x11a /usr/local/Cellar/gcc-arm-none-eabi-49/20150925/bin/../lib/gcc/arm-none-eabi/4.9.3/../../../../arm-none-eabi/lib/armv7e-m/fpu/libc_nano.a(lib_a-dtoa.o)
 *fill*         0x0000000008004c2e        0x2 
 .text._dtoa_r  0x0000000008004c30      0xb80 /usr/local/Cellar/gcc-arm-none-eabi-49/20150925/bin/../lib/gcc/arm-none-eabi/4.9.3/../../../../arm-none-eabi/lib/armv7e-m/fpu/libc_nano.a(lib_a-dtoa.o)
                0x0000000008004c30                _dtoa_r
 .text.malloc   0x00000000080057b0       0x10 /usr/local/Cellar/gcc-arm-none-eabi-49/20150925/bin/../lib/gcc/arm-none-eabi/4.9.3/../../../../arm-none-eabi/lib/armv7e-m/fpu/libc_nano.a(lib_a-malloc.o)
                0x00000000080057b0                malloc
 .text.memchr   0x00000000080057c0       0x1e /usr/local/Cellar/gcc-arm-none-eabi-49/20150925/bin/../lib/gcc/arm-none-eabi/4.9.3/../../../../arm-none-eabi/lib/armv7e-m/fpu/libc_nano.a(lib_a-memchr.o)
                0x00000000080057c0                memchr
 .text.memcpy   0x00000000080057de       0x16 /usr/local/Cellar/gcc-arm-none-eabi-49/20150925/bin/../lib/gcc/arm-none-eabi/4.9.3/../../../../arm-none-eabi/lib/armv7e-m/fpu/libc_nano.a(lib_a-memcpy.o)
                0x00000000080057de                memcpy
 .text.memmove  0x00000000080057f4       0x36 /usr/local/Cellar/gcc-arm-none-eabi-49/20150925/bin/../lib/gcc/arm-none-eabi/4.9.3/../../../../arm-none-eabi/lib/armv7e-m/fpu/libc_nano.a(lib_a-memmove.o)
                0x00000000080057f4                memmove
 *fill*         0x000000000800582a        0x2 
 .text._free_r  0x000000000800582c       0x88 /usr/local/Cellar/gcc-arm-none-eabi-49/20150925/bin/../lib/gcc/arm-none-eabi/4.9.3/../../../../arm-none-eabi/lib/armv7e-m/fpu/libc_nano.a(lib_a-nano-freer.o)
                0x000000000800582c                _free_r
 .text._malloc_usable_size_r
                0x00000000080058b4       0x14 /usr/local/Cellar/gcc-arm-none-eabi-49/20150925/bin/../lib/gcc/arm-none-eabi/4.9.3/../../../../arm-none-eabi/lib/armv7e-m/fpu/libc_nano.a(lib_a-nano-msizer.o)
                0x00000000080058b4                _malloc_usable_size_r
 .text.sqrtf    0x00000000080058c8       0xb8 /usr/local/Cellar/gcc-arm-none-eabi-49/20150925/bin/../lib/gcc/arm-none-eabi/4.9.3/../../../../arm-none-eabi/lib/armv7e-m/fpu/libm.a(lib_a-wf_sqrt.o)
                0x00000000080058c8                sqrtf
 .text.__ieee754_sqrtf
                0x0000000008005980       0xa4 /usr/local/Cellar/gcc-arm-none-eabi-49/20150925/bin/../lib/gcc/arm-none-eabi/4.9.3/../../../../arm-none-eabi/lib/armv7e-m/fpu/libm.a(lib_a-ef_sqrt.o)
                0x0000000008005980                __ieee754_sqrtf
 .text.matherr  0x0000000008005a24        0x4 /usr/local/Cellar/gcc-arm-none-eabi-49/20150925/bin/../lib/gcc/arm-none-eabi/4.9.3/../../../../arm-none-eabi/lib/armv7e-m/fpu/libm.a(lib_a-s_matherr.o)
                0x0000000008005a24                matherr
 .text.__fpclassifyf
                0x0000000008005a28       0x38 /usr/local/Cellar/gcc-arm-none-eabi-49/20150925/bin/../lib/gcc/arm-none-eabi/4.9.3/../../../../arm-none-eabi/lib/armv7e-m/fpu/libm.a(lib_a-sf_fpclassify.o)
                0x0000000008005a28                __fpclassifyf
 .text._sbrk    0x0000000008005a60       0x1c /usr/local/Cellar/gcc-arm-none-eabi-49/20150925/bin/../lib/gcc/arm-none-eabi/4.9.3/../../../../arm-none-eabi/lib/armv7e-m/fpu/libnosys.a(sbrk.o)
                0x0000000008005a60                _sbrk
 .text.__errno  0x0000000008005a7c        0xc /usr/local/Cellar/gcc-arm-none-eabi-49/20150925/bin/../lib/gcc/arm-none-eabi/4.9.3/../../../../arm-none-eabi/lib/armv7e-m/fpu/libc_nano.a(lib_a-errno.o)
                0x0000000008005a7c                __errno
 *(.glue_7)
 .glue_7        0x0000000000000000        0x0 linker stubs
 *(.glue_7t)
 .glue_7t       0x0000000000000000        0x0 linker stubs
 *(.eh_frame)
 .eh_frame      0x0000000008005a88        0x0 /usr/local/Cellar/gcc-arm-none-eabi-49/20150925/bin/../lib/gcc/arm-none-eabi/4.9.3/armv7e-m/fpu/crtbegin.o
 *(.init)
 .init          0x0000000008005a88        0x4 /usr/local/Cellar/gcc-arm-none-eabi-49/20150925/bin/../lib/gcc/arm-none-eabi/4.9.3/armv7e-m/fpu/crti.o
                0x0000000008005a88                _init
 .init          0x0000000008005a8c        0x8 /usr/local/Cellar/gcc-arm-none-eabi-49/20150925/bin/../lib/gcc/arm-none-eabi/4.9.3/armv7e-m/fpu/crtn.o
 *(.fini)
 .fini          0x0000000008005a94        0x4 /usr/local/Cellar/gcc-arm-none-eabi-49/20150925/bin/../lib/gcc/arm-none-eabi/4.9.3/armv7e-m/fpu/crti.o
                0x0000000008005a94                _fini
 .fini          0x0000000008005a98        0x8 /usr/local/Cellar/gcc-arm-none-eabi-49/20150925/bin/../lib/gcc/arm-none-eabi/4.9.3/armv7e-m/fpu/crtn.o
                0x0000000008005aa0                . = ALIGN (0x8)
                0x0000000008005aa0                _etext = .

.vfp11_veneer   0x0000000008005aa0        0x0
 .vfp11_veneer  0x0000000000000000        0x0 linker stubs

.v4_bx          0x0000000008005aa0        0x0
 .v4_bx         0x0000000000000000        0x0 linker stubs

.iplt           0x0000000008005aa0        0x0
 .iplt          0x0000000000000000        0x0 /usr/local/Cellar/gcc-arm-none-eabi-49/20150925/bin/../lib/gcc/arm-none-eabi/4.9.3/armv7e-m/fpu/crtbegin.o

.rodata         0x0000000008005aa0      0x228
                0x0000000008005aa0                . = ALIGN (0x8)
 *(.rodata)
 .rodata        0x0000000008005aa0       0x28 build/main.o
 *(.rodata*)
 .rodata.str1.4
                0x0000000008005ac8       0x5b build/main.o
 *fill*         0x0000000008005b23        0x1 
 .rodata.str1.4
                0x0000000008005b24        0xc build/usart.o
 .rodata.AHBPrescTable
                0x0000000008005b30       0x10 build/system_stm32l4xx.o
                0x0000000008005b30                AHBPrescTable
 .rodata.APBPrescTable
                0x0000000008005b40        0x8 build/system_stm32l4xx.o
                0x0000000008005b40                APBPrescTable
 .rodata.MSIRangeTable
                0x0000000008005b48       0x30 build/system_stm32l4xx.o
                0x0000000008005b48                MSIRangeTable
 .rodata.str1.1
                0x0000000008005b78        0x2 /usr/local/Cellar/gcc-arm-none-eabi-49/20150925/bin/../lib/gcc/arm-none-eabi/4.9.3/../../../../arm-none-eabi/lib/armv7e-m/fpu/libc_nano.a(lib_a-impure.o)
 *fill*         0x0000000008005b7a        0x6 
 .rodata.__mprec_tens
                0x0000000008005b80       0xc8 /usr/local/Cellar/gcc-arm-none-eabi-49/20150925/bin/../lib/gcc/arm-none-eabi/4.9.3/../../../../arm-none-eabi/lib/armv7e-m/fpu/libc_nano.a(lib_a-mprec.o)
                0x0000000008005b80                __mprec_tens
 .rodata.__mprec_bigtens
                0x0000000008005c48       0x28 /usr/local/Cellar/gcc-arm-none-eabi-49/20150925/bin/../lib/gcc/arm-none-eabi/4.9.3/../../../../arm-none-eabi/lib/armv7e-m/fpu/libc_nano.a(lib_a-mprec.o)
                0x0000000008005c48                __mprec_bigtens
 .rodata.p05.5314
                0x0000000008005c70        0xc /usr/local/Cellar/gcc-arm-none-eabi-49/20150925/bin/../lib/gcc/arm-none-eabi/4.9.3/../../../../arm-none-eabi/lib/armv7e-m/fpu/libc_nano.a(lib_a-mprec.o)
 .rodata.str1.1
                0x0000000008005c7c       0x11 /usr/local/Cellar/gcc-arm-none-eabi-49/20150925/bin/../lib/gcc/arm-none-eabi/4.9.3/../../../../arm-none-eabi/lib/armv7e-m/fpu/libc_nano.a(lib_a-nano-svfprintf.o)
 .rodata.str1.1
                0x0000000008005c8d       0x22 /usr/local/Cellar/gcc-arm-none-eabi-49/20150925/bin/../lib/gcc/arm-none-eabi/4.9.3/../../../../arm-none-eabi/lib/armv7e-m/fpu/libc_nano.a(lib_a-nano-vfprintf_i.o)
 .rodata.str1.1
                0x0000000008005caf        0xf /usr/local/Cellar/gcc-arm-none-eabi-49/20150925/bin/../lib/gcc/arm-none-eabi/4.9.3/../../../../arm-none-eabi/lib/armv7e-m/fpu/libc_nano.a(lib_a-dtoa.o)
 *fill*         0x0000000008005cbe        0x2 
 .rodata.str1.4
                0x0000000008005cc0        0x8 /usr/local/Cellar/gcc-arm-none-eabi-49/20150925/bin/../lib/gcc/arm-none-eabi/4.9.3/../../../../arm-none-eabi/lib/armv7e-m/fpu/libm.a(lib_a-wf_sqrt.o)
                                          0x6 (size before relaxing)
                0x0000000008005cc8                . = ALIGN (0x8)

.ARM.extab      0x0000000008005cc8        0x0
                0x0000000008005cc8                . = ALIGN (0x8)
 *(.ARM.extab* .gnu.linkonce.armextab.*)
                0x0000000008005cc8                . = ALIGN (0x8)

.ARM            0x0000000008005cc8        0x8
                0x0000000008005cc8                . = ALIGN (0x8)
                0x0000000008005cc8                __exidx_start = .
 *(.ARM.exidx*)
 .ARM.exidx     0x0000000008005cc8        0x8 /usr/local/Cellar/gcc-arm-none-eabi-49/20150925/bin/../lib/gcc/arm-none-eabi/4.9.3/armv7e-m/fpu/libgcc.a(_divdi3.o)
 .ARM.exidx     0x0000000008005cd0        0x0 /usr/local/Cellar/gcc-arm-none-eabi-49/20150925/bin/../lib/gcc/arm-none-eabi/4.9.3/armv7e-m/fpu/libgcc.a(_udivdi3.o)
                                          0x8 (size before relaxing)
                0x0000000008005cd0                __exidx_end = .
                0x0000000008005cd0                . = ALIGN (0x8)

.rel.dyn        0x0000000008005cd0        0x0
 .rel.iplt      0x0000000000000000        0x0 /usr/local/Cellar/gcc-arm-none-eabi-49/20150925/bin/../lib/gcc/arm-none-eabi/4.9.3/armv7e-m/fpu/crtbegin.o

.preinit_array  0x0000000008005cd0        0x0
                0x0000000008005cd0                . = ALIGN (0x8)
                0x0000000008005cd0                PROVIDE (__preinit_array_start, .)
 *(.preinit_array*)
                0x0000000008005cd0                PROVIDE (__preinit_array_end, .)
                0x0000000008005cd0                . = ALIGN (0x8)

.init_array     0x0000000008005cd0        0x8
                0x0000000008005cd0                . = ALIGN (0x8)
                0x0000000008005cd0                PROVIDE (__init_array_start, .)
 *(SORT(.init_array.*))
 *(.init_array*)
 .init_array    0x0000000008005cd0        0x4 /usr/local/Cellar/gcc-arm-none-eabi-49/20150925/bin/../lib/gcc/arm-none-eabi/4.9.3/armv7e-m/fpu/crtbegin.o
                0x0000000008005cd4                PROVIDE (__init_array_end, .)
                0x0000000008005cd8                . = ALIGN (0x8)
 *fill*         0x0000000008005cd4        0x4 

.fini_array     0x0000000008005cd8        0x8
                0x0000000008005cd8                . = ALIGN (0x8)
                0x0000000008005cd8                PROVIDE (__fini_array_start, .)
 *(SORT(.fini_array.*))
 *(.fini_array*)
 .fini_array    0x0000000008005cd8        0x4 /usr/local/Cellar/gcc-arm-none-eabi-49/20150925/bin/../lib/gcc/arm-none-eabi/4.9.3/armv7e-m/fpu/crtbegin.o
                0x0000000008005cdc                PROVIDE (__fini_array_end, .)
                0x0000000008005ce0                . = ALIGN (0x8)
 *fill*         0x0000000008005cdc        0x4 
                0x0000000008005ce0                _sidata = LOADADDR (.data)

.data           0x0000000020000000       0x78 load address 0x0000000008005ce0
                0x0000000020000000                . = ALIGN (0x8)
                0x0000000020000000                _sdata = .
 *(.data)
 *(.data*)
 .data.pReadyWrite
                0x0000000020000000        0x4 build/main.o
                0x0000000020000000                pReadyWrite
 .data.pReadyProcess
                0x0000000020000004        0x4 build/main.o
                0x0000000020000004                pReadyProcess
 .data.vsense   0x0000000020000008        0x4 build/main.o
                0x0000000020000008                vsense
 .data.SystemCoreClock
                0x000000002000000c        0x4 build/system_stm32l4xx.o
                0x000000002000000c                SystemCoreClock
 .data.impure_data
                0x0000000020000010       0x60 /usr/local/Cellar/gcc-arm-none-eabi-49/20150925/bin/../lib/gcc/arm-none-eabi/4.9.3/../../../../arm-none-eabi/lib/armv7e-m/fpu/libc_nano.a(lib_a-impure.o)
 .data._impure_ptr
                0x0000000020000070        0x4 /usr/local/Cellar/gcc-arm-none-eabi-49/20150925/bin/../lib/gcc/arm-none-eabi/4.9.3/../../../../arm-none-eabi/lib/armv7e-m/fpu/libc_nano.a(lib_a-impure.o)
                0x0000000020000070                _impure_ptr
 .data.__fdlib_version
                0x0000000020000074        0x1 /usr/local/Cellar/gcc-arm-none-eabi-49/20150925/bin/../lib/gcc/arm-none-eabi/4.9.3/../../../../arm-none-eabi/lib/armv7e-m/fpu/libm.a(lib_a-s_lib_ver.o)
                0x0000000020000074                __fdlib_version
                0x0000000020000078                . = ALIGN (0x8)
 *fill*         0x0000000020000075        0x3 
                0x0000000020000078                _edata = .

.jcr            0x0000000020000078        0x0 load address 0x0000000008005d58
 .jcr           0x0000000020000078        0x0 /usr/local/Cellar/gcc-arm-none-eabi-49/20150925/bin/../lib/gcc/arm-none-eabi/4.9.3/armv7e-m/fpu/crtbegin.o

.igot.plt       0x0000000020000078        0x0 load address 0x0000000008005d58
 .igot.plt      0x0000000000000000        0x0 /usr/local/Cellar/gcc-arm-none-eabi-49/20150925/bin/../lib/gcc/arm-none-eabi/4.9.3/armv7e-m/fpu/crtbegin.o
                0x0000000020000078                . = ALIGN (0x4)

.bss            0x0000000020000078     0x1fec load address 0x0000000008005d58
                0x0000000020000078                _sbss = .
                0x0000000020000078                __bss_start__ = _sbss
 *(.bss)
 .bss           0x0000000020000078       0x1c /usr/local/Cellar/gcc-arm-none-eabi-49/20150925/bin/../lib/gcc/arm-none-eabi/4.9.3/armv7e-m/fpu/crtbegin.o
 *(.bss*)
 .bss.ADC_DMA_DONE
                0x0000000020000094        0x4 build/main.o
                0x0000000020000094                ADC_DMA_DONE
 .bss.__malloc_sbrk_start
                0x0000000020000098        0x4 /usr/local/Cellar/gcc-arm-none-eabi-49/20150925/bin/../lib/gcc/arm-none-eabi/4.9.3/../../../../arm-none-eabi/lib/armv7e-m/fpu/libc_nano.a(lib_a-nano-mallocr.o)
                0x0000000020000098                __malloc_sbrk_start
 .bss.__malloc_free_list
                0x000000002000009c        0x4 /usr/local/Cellar/gcc-arm-none-eabi-49/20150925/bin/../lib/gcc/arm-none-eabi/4.9.3/../../../../arm-none-eabi/lib/armv7e-m/fpu/libc_nano.a(lib_a-nano-mallocr.o)
                0x000000002000009c                __malloc_free_list
 .bss.heap_end.4079
                0x00000000200000a0        0x4 /usr/local/Cellar/gcc-arm-none-eabi-49/20150925/bin/../lib/gcc/arm-none-eabi/4.9.3/../../../../arm-none-eabi/lib/armv7e-m/fpu/libnosys.a(sbrk.o)
 *(COMMON)
 COMMON         0x00000000200000a4     0x1f40 build/main.o
                0x00000000200000a4                Buffer_Pong
                0x0000000020001044                Buffer_Ping
 COMMON         0x0000000020001fe4       0x78 build/usart.o
                0x0000000020001fe4                huart2
 COMMON         0x000000002000205c        0x4 build/stm32l4xx_hal.o
                0x000000002000205c                uwTick
 COMMON         0x0000000020002060        0x4 /usr/local/Cellar/gcc-arm-none-eabi-49/20150925/bin/../lib/gcc/arm-none-eabi/4.9.3/../../../../arm-none-eabi/lib/armv7e-m/fpu/libc_nano.a(lib_a-reent.o)
                0x0000000020002060                errno
                0x0000000020002064                . = ALIGN (0x4)
                0x0000000020002064                _ebss = .
                0x0000000020002064                __bss_end__ = _ebss

._user_heap_stack
                0x0000000020002064      0x604 load address 0x0000000008005d58
                0x0000000020002068                . = ALIGN (0x8)
 *fill*         0x0000000020002064        0x4 
                0x0000000020002068                PROVIDE (end, .)
                0x0000000020002068                PROVIDE (_end, .)
                0x0000000020002268                . = (. + _Min_Heap_Size)
 *fill*         0x0000000020002068      0x200 
                0x0000000020002668                . = (. + _Min_Stack_Size)
 *fill*         0x0000000020002268      0x400 
                0x0000000020002668                . = ALIGN (0x8)

/DISCARD/
 libc.a(*)
 libm.a(*)
 libgcc.a(*)

.ARM.attributes
                0x0000000000000000       0x30
 *(.ARM.attributes)
 .ARM.attributes
                0x0000000000000000       0x22 /usr/local/Cellar/gcc-arm-none-eabi-49/20150925/bin/../lib/gcc/arm-none-eabi/4.9.3/armv7e-m/fpu/crti.o
 .ARM.attributes
                0x0000000000000022       0x34 /usr/local/Cellar/gcc-arm-none-eabi-49/20150925/bin/../lib/gcc/arm-none-eabi/4.9.3/armv7e-m/fpu/crtbegin.o
 .ARM.attributes
                0x0000000000000056       0x39 build/ADCsrc.o
 .ARM.attributes
                0x000000000000008f       0x39 build/main.o
 .ARM.attributes
                0x00000000000000c8       0x39 build/gpio.o
 .ARM.attributes
                0x0000000000000101       0x39 build/usart.o
 .ARM.attributes
                0x000000000000013a       0x39 build/stm32l4xx_it.o
 .ARM.attributes
                0x0000000000000173       0x39 build/stm32l4xx_hal_msp.o
 .ARM.attributes
                0x00000000000001ac       0x39 build/stm32l4xx_hal_uart.o
 .ARM.attributes
                0x00000000000001e5       0x39 build/stm32l4xx_hal.o
 .ARM.attributes
                0x000000000000021e       0x39 build/stm32l4xx_hal_rcc.o
 .ARM.attributes
                0x0000000000000257       0x39 build/stm32l4xx_hal_rcc_ex.o
 .ARM.attributes
                0x0000000000000290       0x39 build/stm32l4xx_hal_gpio.o
 .ARM.attributes
                0x00000000000002c9       0x39 build/stm32l4xx_hal_pwr_ex.o
 .ARM.attributes
                0x0000000000000302       0x39 build/stm32l4xx_hal_cortex.o
 .ARM.attributes
                0x000000000000033b       0x39 build/system_stm32l4xx.o
 .ARM.attributes
                0x0000000000000374       0x21 build/startup_stm32l476xx.o
 .ARM.attributes
                0x0000000000000395       0x34 /usr/local/Cellar/gcc-arm-none-eabi-49/20150925/bin/../lib/gcc/arm-none-eabi/4.9.3/../../../../arm-none-eabi/lib/armv7e-m/fpu/libc_nano.a(lib_a-efgcvt.o)
 .ARM.attributes
                0x00000000000003c9       0x34 /usr/local/Cellar/gcc-arm-none-eabi-49/20150925/bin/../lib/gcc/arm-none-eabi/4.9.3/../../../../arm-none-eabi/lib/armv7e-m/fpu/libc_nano.a(lib_a-impure.o)
 .ARM.attributes
                0x00000000000003fd       0x34 /usr/local/Cellar/gcc-arm-none-eabi-49/20150925/bin/../lib/gcc/arm-none-eabi/4.9.3/../../../../arm-none-eabi/lib/armv7e-m/fpu/libc_nano.a(lib_a-init.o)
 .ARM.attributes
                0x0000000000000431       0x34 /usr/local/Cellar/gcc-arm-none-eabi-49/20150925/bin/../lib/gcc/arm-none-eabi/4.9.3/../../../../arm-none-eabi/lib/armv7e-m/fpu/libc_nano.a(lib_a-memset.o)
 .ARM.attributes
                0x0000000000000465       0x34 /usr/local/Cellar/gcc-arm-none-eabi-49/20150925/bin/../lib/gcc/arm-none-eabi/4.9.3/../../../../arm-none-eabi/lib/armv7e-m/fpu/libc_nano.a(lib_a-sprintf.o)
 .ARM.attributes
                0x0000000000000499       0x34 /usr/local/Cellar/gcc-arm-none-eabi-49/20150925/bin/../lib/gcc/arm-none-eabi/4.9.3/../../../../arm-none-eabi/lib/armv7e-m/fpu/libc_nano.a(lib_a-ecvtbuf.o)
 .ARM.attributes
                0x00000000000004cd       0x34 /usr/local/Cellar/gcc-arm-none-eabi-49/20150925/bin/../lib/gcc/arm-none-eabi/4.9.3/../../../../arm-none-eabi/lib/armv7e-m/fpu/libc_nano.a(lib_a-mprec.o)
 .ARM.attributes
                0x0000000000000501       0x34 /usr/local/Cellar/gcc-arm-none-eabi-49/20150925/bin/../lib/gcc/arm-none-eabi/4.9.3/../../../../arm-none-eabi/lib/armv7e-m/fpu/libc_nano.a(lib_a-nano-callocr.o)
 .ARM.attributes
                0x0000000000000535       0x34 /usr/local/Cellar/gcc-arm-none-eabi-49/20150925/bin/../lib/gcc/arm-none-eabi/4.9.3/../../../../arm-none-eabi/lib/armv7e-m/fpu/libc_nano.a(lib_a-nano-mallocr.o)
 .ARM.attributes
                0x0000000000000569       0x34 /usr/local/Cellar/gcc-arm-none-eabi-49/20150925/bin/../lib/gcc/arm-none-eabi/4.9.3/../../../../arm-none-eabi/lib/armv7e-m/fpu/libc_nano.a(lib_a-nano-reallocr.o)
 .ARM.attributes
                0x000000000000059d       0x34 /usr/local/Cellar/gcc-arm-none-eabi-49/20150925/bin/../lib/gcc/arm-none-eabi/4.9.3/../../../../arm-none-eabi/lib/armv7e-m/fpu/libc_nano.a(lib_a-nano-svfprintf.o)
 .ARM.attributes
                0x00000000000005d1       0x34 /usr/local/Cellar/gcc-arm-none-eabi-49/20150925/bin/../lib/gcc/arm-none-eabi/4.9.3/../../../../arm-none-eabi/lib/armv7e-m/fpu/libc_nano.a(lib_a-nano-vfprintf_i.o)
 .ARM.attributes
                0x0000000000000605       0x34 /usr/local/Cellar/gcc-arm-none-eabi-49/20150925/bin/../lib/gcc/arm-none-eabi/4.9.3/../../../../arm-none-eabi/lib/armv7e-m/fpu/libc_nano.a(lib_a-sbrkr.o)
 .ARM.attributes
                0x0000000000000639       0x34 /usr/local/Cellar/gcc-arm-none-eabi-49/20150925/bin/../lib/gcc/arm-none-eabi/4.9.3/../../../../arm-none-eabi/lib/armv7e-m/fpu/libc_nano.a(lib_a-strcpy.o)
 .ARM.attributes
                0x000000000000066d       0x34 /usr/local/Cellar/gcc-arm-none-eabi-49/20150925/bin/../lib/gcc/arm-none-eabi/4.9.3/../../../../arm-none-eabi/lib/armv7e-m/fpu/libc_nano.a(lib_a-dtoa.o)
 .ARM.attributes
                0x00000000000006a1       0x34 /usr/local/Cellar/gcc-arm-none-eabi-49/20150925/bin/../lib/gcc/arm-none-eabi/4.9.3/../../../../arm-none-eabi/lib/armv7e-m/fpu/libc_nano.a(lib_a-malloc.o)
 .ARM.attributes
                0x00000000000006d5       0x34 /usr/local/Cellar/gcc-arm-none-eabi-49/20150925/bin/../lib/gcc/arm-none-eabi/4.9.3/../../../../arm-none-eabi/lib/armv7e-m/fpu/libc_nano.a(lib_a-memchr.o)
 .ARM.attributes
                0x0000000000000709       0x34 /usr/local/Cellar/gcc-arm-none-eabi-49/20150925/bin/../lib/gcc/arm-none-eabi/4.9.3/../../../../arm-none-eabi/lib/armv7e-m/fpu/libc_nano.a(lib_a-memcpy.o)
 .ARM.attributes
                0x000000000000073d       0x34 /usr/local/Cellar/gcc-arm-none-eabi-49/20150925/bin/../lib/gcc/arm-none-eabi/4.9.3/../../../../arm-none-eabi/lib/armv7e-m/fpu/libc_nano.a(lib_a-memmove.o)
 .ARM.attributes
                0x0000000000000771       0x34 /usr/local/Cellar/gcc-arm-none-eabi-49/20150925/bin/../lib/gcc/arm-none-eabi/4.9.3/../../../../arm-none-eabi/lib/armv7e-m/fpu/libc_nano.a(lib_a-nano-freer.o)
 .ARM.attributes
                0x00000000000007a5       0x34 /usr/local/Cellar/gcc-arm-none-eabi-49/20150925/bin/../lib/gcc/arm-none-eabi/4.9.3/../../../../arm-none-eabi/lib/armv7e-m/fpu/libc_nano.a(lib_a-nano-msizer.o)
 .ARM.attributes
                0x00000000000007d9       0x34 /usr/local/Cellar/gcc-arm-none-eabi-49/20150925/bin/../lib/gcc/arm-none-eabi/4.9.3/../../../../arm-none-eabi/lib/armv7e-m/fpu/libc_nano.a(lib_a-reent.o)
 .ARM.attributes
                0x000000000000080d       0x34 /usr/local/Cellar/gcc-arm-none-eabi-49/20150925/bin/../lib/gcc/arm-none-eabi/4.9.3/../../../../arm-none-eabi/lib/armv7e-m/fpu/libm.a(lib_a-wf_sqrt.o)
 .ARM.attributes
                0x0000000000000841       0x34 /usr/local/Cellar/gcc-arm-none-eabi-49/20150925/bin/../lib/gcc/arm-none-eabi/4.9.3/../../../../arm-none-eabi/lib/armv7e-m/fpu/libm.a(lib_a-ef_sqrt.o)
 .ARM.attributes
                0x0000000000000875       0x34 /usr/local/Cellar/gcc-arm-none-eabi-49/20150925/bin/../lib/gcc/arm-none-eabi/4.9.3/../../../../arm-none-eabi/lib/armv7e-m/fpu/libm.a(lib_a-s_lib_ver.o)
 .ARM.attributes
                0x00000000000008a9       0x34 /usr/local/Cellar/gcc-arm-none-eabi-49/20150925/bin/../lib/gcc/arm-none-eabi/4.9.3/../../../../arm-none-eabi/lib/armv7e-m/fpu/libm.a(lib_a-s_matherr.o)
 .ARM.attributes
                0x00000000000008dd       0x34 /usr/local/Cellar/gcc-arm-none-eabi-49/20150925/bin/../lib/gcc/arm-none-eabi/4.9.3/../../../../arm-none-eabi/lib/armv7e-m/fpu/libm.a(lib_a-sf_fpclassify.o)
 .ARM.attributes
                0x0000000000000911       0x34 /usr/local/Cellar/gcc-arm-none-eabi-49/20150925/bin/../lib/gcc/arm-none-eabi/4.9.3/../../../../arm-none-eabi/lib/armv7e-m/fpu/libnosys.a(sbrk.o)
 .ARM.attributes
                0x0000000000000945       0x22 /usr/local/Cellar/gcc-arm-none-eabi-49/20150925/bin/../lib/gcc/arm-none-eabi/4.9.3/armv7e-m/fpu/libgcc.a(_arm_addsubdf3.o)
 .ARM.attributes
                0x0000000000000967       0x22 /usr/local/Cellar/gcc-arm-none-eabi-49/20150925/bin/../lib/gcc/arm-none-eabi/4.9.3/armv7e-m/fpu/libgcc.a(_arm_muldivdf3.o)
 .ARM.attributes
                0x0000000000000989       0x22 /usr/local/Cellar/gcc-arm-none-eabi-49/20150925/bin/../lib/gcc/arm-none-eabi/4.9.3/armv7e-m/fpu/libgcc.a(_arm_cmpdf2.o)
 .ARM.attributes
                0x00000000000009ab       0x22 /usr/local/Cellar/gcc-arm-none-eabi-49/20150925/bin/../lib/gcc/arm-none-eabi/4.9.3/armv7e-m/fpu/libgcc.a(_arm_fixdfsi.o)
 .ARM.attributes
                0x00000000000009cd       0x22 /usr/local/Cellar/gcc-arm-none-eabi-49/20150925/bin/../lib/gcc/arm-none-eabi/4.9.3/armv7e-m/fpu/libgcc.a(_arm_truncdfsf2.o)
 .ARM.attributes
                0x00000000000009ef       0x22 /usr/local/Cellar/gcc-arm-none-eabi-49/20150925/bin/../lib/gcc/arm-none-eabi/4.9.3/armv7e-m/fpu/libgcc.a(_aeabi_uldivmod.o)
 .ARM.attributes
                0x0000000000000a11       0x34 /usr/local/Cellar/gcc-arm-none-eabi-49/20150925/bin/../lib/gcc/arm-none-eabi/4.9.3/armv7e-m/fpu/libgcc.a(bpabi.o)
 .ARM.attributes
                0x0000000000000a45       0x22 /usr/local/Cellar/gcc-arm-none-eabi-49/20150925/bin/../lib/gcc/arm-none-eabi/4.9.3/armv7e-m/fpu/libgcc.a(_dvmd_tls.o)
 .ARM.attributes
                0x0000000000000a67       0x34 /usr/local/Cellar/gcc-arm-none-eabi-49/20150925/bin/../lib/gcc/arm-none-eabi/4.9.3/armv7e-m/fpu/libgcc.a(_divdi3.o)
 .ARM.attributes
                0x0000000000000a9b       0x34 /usr/local/Cellar/gcc-arm-none-eabi-49/20150925/bin/../lib/gcc/arm-none-eabi/4.9.3/armv7e-m/fpu/libgcc.a(_udivdi3.o)
 .ARM.attributes
                0x0000000000000acf       0x34 /usr/local/Cellar/gcc-arm-none-eabi-49/20150925/bin/../lib/gcc/arm-none-eabi/4.9.3/../../../../arm-none-eabi/lib/armv7e-m/fpu/libc_nano.a(lib_a-errno.o)
 .ARM.attributes
                0x0000000000000b03       0x22 /usr/local/Cellar/gcc-arm-none-eabi-49/20150925/bin/../lib/gcc/arm-none-eabi/4.9.3/armv7e-m/fpu/crtn.o
OUTPUT(build/UART.elf elf32-littlearm)

.debug_info     0x0000000000000000     0xba20
 .debug_info    0x0000000000000000      0xf71 build/ADCsrc.o
 .debug_info    0x0000000000000f71     0x1bcb build/main.o
 .debug_info    0x0000000000002b3c      0x5a9 build/gpio.o
 .debug_info    0x00000000000030e5      0xc0e build/usart.o
 .debug_info    0x0000000000003cf3       0xea build/stm32l4xx_it.o
 .debug_info    0x0000000000003ddd      0x6bc build/stm32l4xx_hal_msp.o
 .debug_info    0x0000000000004499     0x1d8b build/stm32l4xx_hal_uart.o
 .debug_info    0x0000000000006224      0xce0 build/stm32l4xx_hal.o
 .debug_info    0x0000000000006f04      0xf06 build/stm32l4xx_hal_rcc.o
 .debug_info    0x0000000000007e0a     0x11d3 build/stm32l4xx_hal_rcc_ex.o
 .debug_info    0x0000000000008fdd      0x897 build/stm32l4xx_hal_gpio.o
 .debug_info    0x0000000000009874      0xb3e build/stm32l4xx_hal_pwr_ex.o
 .debug_info    0x000000000000a3b2      0xfe4 build/stm32l4xx_hal_cortex.o
 .debug_info    0x000000000000b396      0x613 build/system_stm32l4xx.o
 .debug_info    0x000000000000b9a9       0x77 build/startup_stm32l476xx.o

.debug_abbrev   0x0000000000000000     0x1c6d
 .debug_abbrev  0x0000000000000000      0x2c4 build/ADCsrc.o
 .debug_abbrev  0x00000000000002c4      0x311 build/main.o
 .debug_abbrev  0x00000000000005d5      0x157 build/gpio.o
 .debug_abbrev  0x000000000000072c      0x1cf build/usart.o
 .debug_abbrev  0x00000000000008fb       0x87 build/stm32l4xx_it.o
 .debug_abbrev  0x0000000000000982      0x122 build/stm32l4xx_hal_msp.o
 .debug_abbrev  0x0000000000000aa4      0x26b build/stm32l4xx_hal_uart.o
 .debug_abbrev  0x0000000000000d0f      0x235 build/stm32l4xx_hal.o
 .debug_abbrev  0x0000000000000f44      0x28e build/stm32l4xx_hal_rcc.o
 .debug_abbrev  0x00000000000011d2      0x285 build/stm32l4xx_hal_rcc_ex.o
 .debug_abbrev  0x0000000000001457      0x200 build/stm32l4xx_hal_gpio.o
 .debug_abbrev  0x0000000000001657      0x21a build/stm32l4xx_hal_pwr_ex.o
 .debug_abbrev  0x0000000000001871      0x2c8 build/stm32l4xx_hal_cortex.o
 .debug_abbrev  0x0000000000001b39      0x122 build/system_stm32l4xx.o
 .debug_abbrev  0x0000000000001c5b       0x12 build/startup_stm32l476xx.o

.debug_loc      0x0000000000000000     0x693d
 .debug_loc     0x0000000000000000     0x115d build/ADCsrc.o
 .debug_loc     0x000000000000115d       0x99 build/main.o
 .debug_loc     0x00000000000011f6       0x38 build/gpio.o
 .debug_loc     0x000000000000122e       0xd1 build/usart.o
 .debug_loc     0x00000000000012ff       0x20 build/stm32l4xx_it.o
 .debug_loc     0x000000000000131f       0x38 build/stm32l4xx_hal_msp.o
 .debug_loc     0x0000000000001357     0x1b64 build/stm32l4xx_hal_uart.o
 .debug_loc     0x0000000000002ebb      0x1a3 build/stm32l4xx_hal.o
 .debug_loc     0x000000000000305e      0x805 build/stm32l4xx_hal_rcc.o
 .debug_loc     0x0000000000003863     0x1d36 build/stm32l4xx_hal_rcc_ex.o
 .debug_loc     0x0000000000005599      0x392 build/stm32l4xx_hal_gpio.o
 .debug_loc     0x000000000000592b      0x915 build/stm32l4xx_hal_pwr_ex.o
 .debug_loc     0x0000000000006240      0x566 build/stm32l4xx_hal_cortex.o
 .debug_loc     0x00000000000067a6      0x197 build/system_stm32l4xx.o

.debug_aranges  0x0000000000000000      0x828
 .debug_aranges
                0x0000000000000000       0x68 build/ADCsrc.o
 .debug_aranges
                0x0000000000000068       0x48 build/main.o
 .debug_aranges
                0x00000000000000b0       0x20 build/gpio.o
 .debug_aranges
                0x00000000000000d0       0x30 build/usart.o
 .debug_aranges
                0x0000000000000100       0x20 build/stm32l4xx_it.o
 .debug_aranges
                0x0000000000000120       0x20 build/stm32l4xx_hal_msp.o
 .debug_aranges
                0x0000000000000140      0x1f8 build/stm32l4xx_hal_uart.o
 .debug_aranges
                0x0000000000000338      0x118 build/stm32l4xx_hal.o
 .debug_aranges
                0x0000000000000450       0x88 build/stm32l4xx_hal_rcc.o
 .debug_aranges
                0x00000000000004d8       0xb8 build/stm32l4xx_hal_rcc_ex.o
 .debug_aranges
                0x0000000000000590       0x58 build/stm32l4xx_hal_gpio.o
 .debug_aranges
                0x00000000000005e8      0x148 build/stm32l4xx_hal_pwr_ex.o
 .debug_aranges
                0x0000000000000730       0xa8 build/stm32l4xx_hal_cortex.o
 .debug_aranges
                0x00000000000007d8       0x28 build/system_stm32l4xx.o
 .debug_aranges
                0x0000000000000800       0x28 build/startup_stm32l476xx.o

.debug_ranges   0x0000000000000000      0x758
 .debug_ranges  0x0000000000000000       0x58 build/ADCsrc.o
 .debug_ranges  0x0000000000000058       0x38 build/main.o
 .debug_ranges  0x0000000000000090       0x10 build/gpio.o
 .debug_ranges  0x00000000000000a0       0x20 build/usart.o
 .debug_ranges  0x00000000000000c0       0x10 build/stm32l4xx_it.o
 .debug_ranges  0x00000000000000d0       0x10 build/stm32l4xx_hal_msp.o
 .debug_ranges  0x00000000000000e0      0x1e8 build/stm32l4xx_hal_uart.o
 .debug_ranges  0x00000000000002c8      0x108 build/stm32l4xx_hal.o
 .debug_ranges  0x00000000000003d0       0x90 build/stm32l4xx_hal_rcc.o
 .debug_ranges  0x0000000000000460       0xa8 build/stm32l4xx_hal_rcc_ex.o
 .debug_ranges  0x0000000000000508       0x48 build/stm32l4xx_hal_gpio.o
 .debug_ranges  0x0000000000000550      0x138 build/stm32l4xx_hal_pwr_ex.o
 .debug_ranges  0x0000000000000688       0x98 build/stm32l4xx_hal_cortex.o
 .debug_ranges  0x0000000000000720       0x18 build/system_stm32l4xx.o
 .debug_ranges  0x0000000000000738       0x20 build/startup_stm32l476xx.o

.debug_line     0x0000000000000000     0x3d23
 .debug_line    0x0000000000000000      0x4d0 build/ADCsrc.o
 .debug_line    0x00000000000004d0      0x395 build/main.o
 .debug_line    0x0000000000000865      0x19a build/gpio.o
 .debug_line    0x00000000000009ff      0x21c build/usart.o
 .debug_line    0x0000000000000c1b      0x16f build/stm32l4xx_it.o
 .debug_line    0x0000000000000d8a      0x1a5 build/stm32l4xx_hal_msp.o
 .debug_line    0x0000000000000f2f      0xd3d build/stm32l4xx_hal_uart.o
 .debug_line    0x0000000000001c6c      0x426 build/stm32l4xx_hal.o
 .debug_line    0x0000000000002092      0x57a build/stm32l4xx_hal_rcc.o
 .debug_line    0x000000000000260c      0x7c9 build/stm32l4xx_hal_rcc_ex.o
 .debug_line    0x0000000000002dd5      0x32d build/stm32l4xx_hal_gpio.o
 .debug_line    0x0000000000003102      0x64d build/stm32l4xx_hal_pwr_ex.o
 .debug_line    0x000000000000374f      0x3c1 build/stm32l4xx_hal_cortex.o
 .debug_line    0x0000000000003b10      0x19f build/system_stm32l4xx.o
 .debug_line    0x0000000000003caf       0x74 build/startup_stm32l476xx.o

.debug_str      0x0000000000000000     0x3043
 .debug_str     0x0000000000000000      0x66d build/ADCsrc.o
                                        0x6da (size before relaxing)
 .debug_str     0x000000000000066d      0xfa2 build/main.o
                                       0x140b (size before relaxing)
 .debug_str     0x000000000000160f       0x92 build/gpio.o
                                        0x3f3 (size before relaxing)
 .debug_str     0x00000000000016a1       0x59 build/usart.o
                                        0x8d4 (size before relaxing)
 .debug_str     0x00000000000016fa       0x46 build/stm32l4xx_it.o
                                        0x1ed (size before relaxing)
 .debug_str     0x0000000000001740       0x41 build/stm32l4xx_hal_msp.o
                                        0x84c (size before relaxing)
 .debug_str     0x0000000000001781      0x724 build/stm32l4xx_hal_uart.o
                                        0xf69 (size before relaxing)
 .debug_str     0x0000000000001ea5      0x414 build/stm32l4xx_hal.o
                                        0xcf4 (size before relaxing)
 .debug_str     0x00000000000022b9      0x202 build/stm32l4xx_hal_rcc.o
                                        0x872 (size before relaxing)
 .debug_str     0x00000000000024bb      0x307 build/stm32l4xx_hal_rcc_ex.o
                                        0xaaf (size before relaxing)
 .debug_str     0x00000000000027c2       0xc7 build/stm32l4xx_hal_gpio.o
                                        0x572 (size before relaxing)
 .debug_str     0x0000000000002889      0x48d build/stm32l4xx_hal_pwr_ex.o
                                        0x824 (size before relaxing)
 .debug_str     0x0000000000002d16      0x2f5 build/stm32l4xx_hal_cortex.o
                                        0xc29 (size before relaxing)
 .debug_str     0x000000000000300b       0x38 build/system_stm32l4xx.o
                                        0x406 (size before relaxing)

.comment        0x0000000000000000       0x70
 .comment       0x0000000000000000       0x70 build/ADCsrc.o
                                         0x71 (size before relaxing)
 .comment       0x0000000000000000       0x71 build/main.o
 .comment       0x0000000000000000       0x71 build/gpio.o
 .comment       0x0000000000000000       0x71 build/usart.o
 .comment       0x0000000000000000       0x71 build/stm32l4xx_it.o
 .comment       0x0000000000000000       0x71 build/stm32l4xx_hal_msp.o
 .comment       0x0000000000000000       0x71 build/stm32l4xx_hal_uart.o
 .comment       0x0000000000000000       0x71 build/stm32l4xx_hal.o
 .comment       0x0000000000000000       0x71 build/stm32l4xx_hal_rcc.o
 .comment       0x0000000000000000       0x71 build/stm32l4xx_hal_rcc_ex.o
 .comment       0x0000000000000000       0x71 build/stm32l4xx_hal_gpio.o
 .comment       0x0000000000000000       0x71 build/stm32l4xx_hal_pwr_ex.o
 .comment       0x0000000000000000       0x71 build/stm32l4xx_hal_cortex.o
 .comment       0x0000000000000000       0x71 build/system_stm32l4xx.o

.debug_frame    0x0000000000000000     0x1e20
 .debug_frame   0x0000000000000000      0x138 build/ADCsrc.o
 .debug_frame   0x0000000000000138       0x90 build/main.o
 .debug_frame   0x00000000000001c8       0x30 build/gpio.o
 .debug_frame   0x00000000000001f8       0x6c build/usart.o
 .debug_frame   0x0000000000000264       0x2c build/stm32l4xx_it.o
 .debug_frame   0x0000000000000290       0x30 build/stm32l4xx_hal_msp.o
 .debug_frame   0x00000000000002c0      0x644 build/stm32l4xx_hal_uart.o
 .debug_frame   0x0000000000000904      0x250 build/stm32l4xx_hal.o
 .debug_frame   0x0000000000000b54      0x1b0 build/stm32l4xx_hal_rcc.o
 .debug_frame   0x0000000000000d04      0x220 build/stm32l4xx_hal_rcc_ex.o
 .debug_frame   0x0000000000000f24       0xd4 build/stm32l4xx_hal_gpio.o
 .debug_frame   0x0000000000000ff8      0x27c build/stm32l4xx_hal_pwr_ex.o
 .debug_frame   0x0000000000001274      0x168 build/stm32l4xx_hal_cortex.o
 .debug_frame   0x00000000000013dc       0x30 build/system_stm32l4xx.o
 .debug_frame   0x000000000000140c       0xcc /usr/local/Cellar/gcc-arm-none-eabi-49/20150925/bin/../lib/gcc/arm-none-eabi/4.9.3/../../../../arm-none-eabi/lib/armv7e-m/fpu/libc_nano.a(lib_a-efgcvt.o)
 .debug_frame   0x00000000000014d8       0x2c /usr/local/Cellar/gcc-arm-none-eabi-49/20150925/bin/../lib/gcc/arm-none-eabi/4.9.3/../../../../arm-none-eabi/lib/armv7e-m/fpu/libc_nano.a(lib_a-init.o)
 .debug_frame   0x0000000000001504       0x20 /usr/local/Cellar/gcc-arm-none-eabi-49/20150925/bin/../lib/gcc/arm-none-eabi/4.9.3/../../../../arm-none-eabi/lib/armv7e-m/fpu/libc_nano.a(lib_a-memset.o)
 .debug_frame   0x0000000000001524       0x70 /usr/local/Cellar/gcc-arm-none-eabi-49/20150925/bin/../lib/gcc/arm-none-eabi/4.9.3/../../../../arm-none-eabi/lib/armv7e-m/fpu/libc_nano.a(lib_a-sprintf.o)
 .debug_frame   0x0000000000001594       0xf4 /usr/local/Cellar/gcc-arm-none-eabi-49/20150925/bin/../lib/gcc/arm-none-eabi/4.9.3/../../../../arm-none-eabi/lib/armv7e-m/fpu/libc_nano.a(lib_a-ecvtbuf.o)
 .debug_frame   0x0000000000001688      0x230 /usr/local/Cellar/gcc-arm-none-eabi-49/20150925/bin/../lib/gcc/arm-none-eabi/4.9.3/../../../../arm-none-eabi/lib/armv7e-m/fpu/libc_nano.a(lib_a-mprec.o)
 .debug_frame   0x00000000000018b8       0x2c /usr/local/Cellar/gcc-arm-none-eabi-49/20150925/bin/../lib/gcc/arm-none-eabi/4.9.3/../../../../arm-none-eabi/lib/armv7e-m/fpu/libc_nano.a(lib_a-nano-callocr.o)
 .debug_frame   0x00000000000018e4       0x2c /usr/local/Cellar/gcc-arm-none-eabi-49/20150925/bin/../lib/gcc/arm-none-eabi/4.9.3/../../../../arm-none-eabi/lib/armv7e-m/fpu/libc_nano.a(lib_a-nano-mallocr.o)
 .debug_frame   0x0000000000001910       0x3c /usr/local/Cellar/gcc-arm-none-eabi-49/20150925/bin/../lib/gcc/arm-none-eabi/4.9.3/../../../../arm-none-eabi/lib/armv7e-m/fpu/libc_nano.a(lib_a-nano-reallocr.o)
 .debug_frame   0x000000000000194c       0x8c /usr/local/Cellar/gcc-arm-none-eabi-49/20150925/bin/../lib/gcc/arm-none-eabi/4.9.3/../../../../arm-none-eabi/lib/armv7e-m/fpu/libc_nano.a(lib_a-nano-svfprintf.o)
 .debug_frame   0x00000000000019d8       0x58 /usr/local/Cellar/gcc-arm-none-eabi-49/20150925/bin/../lib/gcc/arm-none-eabi/4.9.3/../../../../arm-none-eabi/lib/armv7e-m/fpu/libc_nano.a(lib_a-nano-vfprintf_i.o)
 .debug_frame   0x0000000000001a30       0x2c /usr/local/Cellar/gcc-arm-none-eabi-49/20150925/bin/../lib/gcc/arm-none-eabi/4.9.3/../../../../arm-none-eabi/lib/armv7e-m/fpu/libc_nano.a(lib_a-sbrkr.o)
 .debug_frame   0x0000000000001a5c       0x20 /usr/local/Cellar/gcc-arm-none-eabi-49/20150925/bin/../lib/gcc/arm-none-eabi/4.9.3/../../../../arm-none-eabi/lib/armv7e-m/fpu/libc_nano.a(lib_a-strcpy.o)
 .debug_frame   0x0000000000001a7c       0x6c /usr/local/Cellar/gcc-arm-none-eabi-49/20150925/bin/../lib/gcc/arm-none-eabi/4.9.3/../../../../arm-none-eabi/lib/armv7e-m/fpu/libc_nano.a(lib_a-dtoa.o)
 .debug_frame   0x0000000000001ae8       0x30 /usr/local/Cellar/gcc-arm-none-eabi-49/20150925/bin/../lib/gcc/arm-none-eabi/4.9.3/../../../../arm-none-eabi/lib/armv7e-m/fpu/libc_nano.a(lib_a-malloc.o)
 .debug_frame   0x0000000000001b18       0x28 /usr/local/Cellar/gcc-arm-none-eabi-49/20150925/bin/../lib/gcc/arm-none-eabi/4.9.3/../../../../arm-none-eabi/lib/armv7e-m/fpu/libc_nano.a(lib_a-memchr.o)
 .debug_frame   0x0000000000001b40       0x28 /usr/local/Cellar/gcc-arm-none-eabi-49/20150925/bin/../lib/gcc/arm-none-eabi/4.9.3/../../../../arm-none-eabi/lib/armv7e-m/fpu/libc_nano.a(lib_a-memcpy.o)
 .debug_frame   0x0000000000001b68       0x28 /usr/local/Cellar/gcc-arm-none-eabi-49/20150925/bin/../lib/gcc/arm-none-eabi/4.9.3/../../../../arm-none-eabi/lib/armv7e-m/fpu/libc_nano.a(lib_a-memmove.o)
 .debug_frame   0x0000000000001b90       0x2c /usr/local/Cellar/gcc-arm-none-eabi-49/20150925/bin/../lib/gcc/arm-none-eabi/4.9.3/../../../../arm-none-eabi/lib/armv7e-m/fpu/libc_nano.a(lib_a-nano-freer.o)
 .debug_frame   0x0000000000001bbc       0x20 /usr/local/Cellar/gcc-arm-none-eabi-49/20150925/bin/../lib/gcc/arm-none-eabi/4.9.3/../../../../arm-none-eabi/lib/armv7e-m/fpu/libc_nano.a(lib_a-nano-msizer.o)
 .debug_frame   0x0000000000001bdc       0x5c /usr/local/Cellar/gcc-arm-none-eabi-49/20150925/bin/../lib/gcc/arm-none-eabi/4.9.3/../../../../arm-none-eabi/lib/armv7e-m/fpu/libc_nano.a(lib_a-reent.o)
 .debug_frame   0x0000000000001c38       0x50 /usr/local/Cellar/gcc-arm-none-eabi-49/20150925/bin/../lib/gcc/arm-none-eabi/4.9.3/../../../../arm-none-eabi/lib/armv7e-m/fpu/libm.a(lib_a-wf_sqrt.o)
 .debug_frame   0x0000000000001c88       0x3c /usr/local/Cellar/gcc-arm-none-eabi-49/20150925/bin/../lib/gcc/arm-none-eabi/4.9.3/../../../../arm-none-eabi/lib/armv7e-m/fpu/libm.a(lib_a-ef_sqrt.o)
 .debug_frame   0x0000000000001cc4       0x20 /usr/local/Cellar/gcc-arm-none-eabi-49/20150925/bin/../lib/gcc/arm-none-eabi/4.9.3/../../../../arm-none-eabi/lib/armv7e-m/fpu/libm.a(lib_a-s_matherr.o)
 .debug_frame   0x0000000000001ce4       0x20 /usr/local/Cellar/gcc-arm-none-eabi-49/20150925/bin/../lib/gcc/arm-none-eabi/4.9.3/../../../../arm-none-eabi/lib/armv7e-m/fpu/libm.a(lib_a-sf_fpclassify.o)
 .debug_frame   0x0000000000001d04       0x20 /usr/local/Cellar/gcc-arm-none-eabi-49/20150925/bin/../lib/gcc/arm-none-eabi/4.9.3/../../../../arm-none-eabi/lib/armv7e-m/fpu/libnosys.a(sbrk.o)
 .debug_frame   0x0000000000001d24       0x28 /usr/local/Cellar/gcc-arm-none-eabi-49/20150925/bin/../lib/gcc/arm-none-eabi/4.9.3/armv7e-m/fpu/libgcc.a(_aeabi_uldivmod.o)
 .debug_frame   0x0000000000001d4c       0x50 /usr/local/Cellar/gcc-arm-none-eabi-49/20150925/bin/../lib/gcc/arm-none-eabi/4.9.3/armv7e-m/fpu/libgcc.a(bpabi.o)
 .debug_frame   0x0000000000001d9c       0x34 /usr/local/Cellar/gcc-arm-none-eabi-49/20150925/bin/../lib/gcc/arm-none-eabi/4.9.3/armv7e-m/fpu/libgcc.a(_divdi3.o)
 .debug_frame   0x0000000000001dd0       0x30 /usr/local/Cellar/gcc-arm-none-eabi-49/20150925/bin/../lib/gcc/arm-none-eabi/4.9.3/armv7e-m/fpu/libgcc.a(_udivdi3.o)
 .debug_frame   0x0000000000001e00       0x20 /usr/local/Cellar/gcc-arm-none-eabi-49/20150925/bin/../lib/gcc/arm-none-eabi/4.9.3/../../../../arm-none-eabi/lib/armv7e-m/fpu/libc_nano.a(lib_a-errno.o)

Cross Reference Table

Symbol                                            File
ADC1_2_IRQHandler                                 build/main.o
ADC1_Init                                         build/ADCsrc.o
                                                  build/main.o
ADC1_Wakeup                                       build/ADCsrc.o
ADC3_IRQHandler                                   build/startup_stm32l476xx.o
ADC_Calibration                                   build/ADCsrc.o
                                                  build/main.o
ADC_DMA_DONE                                      build/main.o
AHBPrescTable                                     build/system_stm32l4xx.o
                                                  build/stm32l4xx_hal_rcc.o
APBPrescTable                                     build/system_stm32l4xx.o
                                                  build/stm32l4xx_hal_rcc.o
Buffer_Ping                                       build/main.o
Buffer_Pong                                       build/main.o
BusFault_Handler                                  build/startup_stm32l476xx.o
CAN1_RX0_IRQHandler                               build/startup_stm32l476xx.o
CAN1_RX1_IRQHandler                               build/startup_stm32l476xx.o
CAN1_SCE_IRQHandler                               build/startup_stm32l476xx.o
CAN1_TX_IRQHandler                                build/startup_stm32l476xx.o
COMP_IRQHandler                                   build/startup_stm32l476xx.o
DFSDM1_FLT0_IRQHandler                            build/startup_stm32l476xx.o
DFSDM1_FLT1_IRQHandler                            build/startup_stm32l476xx.o
DFSDM1_FLT2_IRQHandler                            build/startup_stm32l476xx.o
DFSDM1_FLT3_IRQHandler                            build/startup_stm32l476xx.o
DMA1_Channel1_IRQHandler                          build/main.o
DMA1_Channel2_IRQHandler                          build/startup_stm32l476xx.o
DMA1_Channel3_IRQHandler                          build/startup_stm32l476xx.o
DMA1_Channel4_IRQHandler                          build/startup_stm32l476xx.o
DMA1_Channel5_IRQHandler                          build/startup_stm32l476xx.o
DMA1_Channel6_IRQHandler                          build/startup_stm32l476xx.o
DMA1_Channel7_IRQHandler                          build/startup_stm32l476xx.o
DMA2_Channel1_IRQHandler                          build/startup_stm32l476xx.o
DMA2_Channel2_IRQHandler                          build/startup_stm32l476xx.o
DMA2_Channel3_IRQHandler                          build/startup_stm32l476xx.o
DMA2_Channel4_IRQHandler                          build/startup_stm32l476xx.o
DMA2_Channel5_IRQHandler                          build/startup_stm32l476xx.o
DMA2_Channel6_IRQHandler                          build/startup_stm32l476xx.o
DMA2_Channel7_IRQHandler                          build/startup_stm32l476xx.o
DMA_Init                                          build/main.o
DebugMon_Handler                                  build/startup_stm32l476xx.o
Default_Handler                                   build/startup_stm32l476xx.o
EXTI0_IRQHandler                                  build/startup_stm32l476xx.o
EXTI15_10_IRQHandler                              build/startup_stm32l476xx.o
EXTI1_IRQHandler                                  build/startup_stm32l476xx.o
EXTI2_IRQHandler                                  build/startup_stm32l476xx.o
EXTI3_IRQHandler                                  build/startup_stm32l476xx.o
EXTI4_IRQHandler                                  build/startup_stm32l476xx.o
EXTI9_5_IRQHandler                                build/startup_stm32l476xx.o
FLASH_FlushCaches                                 build/stm32l4xx_hal_flash_ex.o
                                                  build/stm32l4xx_hal_flash.o
FLASH_IRQHandler                                  build/startup_stm32l476xx.o
FLASH_PageErase                                   build/stm32l4xx_hal_flash_ex.o
                                                  build/stm32l4xx_hal_flash.o
FLASH_WaitForLastOperation                        build/stm32l4xx_hal_flash.o
                                                  build/stm32l4xx_hal_flash_ex.o
FMC_IRQHandler                                    build/startup_stm32l476xx.o
FPU_IRQHandler                                    build/startup_stm32l476xx.o
GPIO_Init                                         build/ADCsrc.o
                                                  build/main.o
HAL_DBGMCU_DisableDBGSleepMode                    build/stm32l4xx_hal.o
HAL_DBGMCU_DisableDBGStandbyMode                  build/stm32l4xx_hal.o
HAL_DBGMCU_DisableDBGStopMode                     build/stm32l4xx_hal.o
HAL_DBGMCU_EnableDBGSleepMode                     build/stm32l4xx_hal.o
HAL_DBGMCU_EnableDBGStandbyMode                   build/stm32l4xx_hal.o
HAL_DBGMCU_EnableDBGStopMode                      build/stm32l4xx_hal.o
HAL_DMA_Abort                                     build/stm32l4xx_hal_dma.o
                                                  build/stm32l4xx_hal_uart.o
HAL_DMA_Abort_IT                                  build/stm32l4xx_hal_dma.o
                                                  build/stm32l4xx_hal_i2c.o
                                                  build/stm32l4xx_hal_uart.o
HAL_DMA_DeInit                                    build/stm32l4xx_hal_dma.o
HAL_DMA_GetError                                  build/stm32l4xx_hal_dma.o
HAL_DMA_GetState                                  build/stm32l4xx_hal_dma.o
HAL_DMA_IRQHandler                                build/stm32l4xx_hal_dma.o
HAL_DMA_Init                                      build/stm32l4xx_hal_dma.o
HAL_DMA_PollForTransfer                           build/stm32l4xx_hal_dma.o
HAL_DMA_RegisterCallback                          build/stm32l4xx_hal_dma.o
HAL_DMA_Start                                     build/stm32l4xx_hal_dma.o
HAL_DMA_Start_IT                                  build/stm32l4xx_hal_dma.o
                                                  build/stm32l4xx_hal_i2c.o
                                                  build/stm32l4xx_hal_uart.o
HAL_DMA_UnRegisterCallback                        build/stm32l4xx_hal_dma.o
HAL_DeInit                                        build/stm32l4xx_hal.o
HAL_Delay                                         build/stm32l4xx_hal.o
HAL_FLASHEx_DisableRunPowerDown                   build/stm32l4xx_hal_flash_ramfunc.o
HAL_FLASHEx_EnableRunPowerDown                    build/stm32l4xx_hal_flash_ramfunc.o
HAL_FLASHEx_Erase                                 build/stm32l4xx_hal_flash_ex.o
HAL_FLASHEx_Erase_IT                              build/stm32l4xx_hal_flash_ex.o
HAL_FLASHEx_OBGetConfig                           build/stm32l4xx_hal_flash_ex.o
HAL_FLASHEx_OBProgram                             build/stm32l4xx_hal_flash_ex.o
HAL_FLASH_EndOfOperationCallback                  build/stm32l4xx_hal_flash.o
HAL_FLASH_GetError                                build/stm32l4xx_hal_flash.o
HAL_FLASH_IRQHandler                              build/stm32l4xx_hal_flash.o
HAL_FLASH_Lock                                    build/stm32l4xx_hal_flash.o
HAL_FLASH_OB_Launch                               build/stm32l4xx_hal_flash.o
HAL_FLASH_OB_Lock                                 build/stm32l4xx_hal_flash.o
HAL_FLASH_OB_Unlock                               build/stm32l4xx_hal_flash.o
HAL_FLASH_OperationErrorCallback                  build/stm32l4xx_hal_flash.o
HAL_FLASH_Program                                 build/stm32l4xx_hal_flash.o
HAL_FLASH_Program_IT                              build/stm32l4xx_hal_flash.o
HAL_FLASH_Unlock                                  build/stm32l4xx_hal_flash.o
HAL_GPIO_DeInit                                   build/stm32l4xx_hal_gpio.o
                                                  build/usart.o
HAL_GPIO_EXTI_Callback                            build/stm32l4xx_hal_gpio.o
HAL_GPIO_EXTI_IRQHandler                          build/stm32l4xx_hal_gpio.o
HAL_GPIO_Init                                     build/stm32l4xx_hal_gpio.o
                                                  build/stm32l4xx_hal_rcc_ex.o
                                                  build/stm32l4xx_hal_rcc.o
                                                  build/usart.o
                                                  build/gpio.o
HAL_GPIO_LockPin                                  build/stm32l4xx_hal_gpio.o
HAL_GPIO_ReadPin                                  build/stm32l4xx_hal_gpio.o
HAL_GPIO_TogglePin                                build/stm32l4xx_hal_gpio.o
HAL_GPIO_WritePin                                 build/stm32l4xx_hal_gpio.o
                                                  build/gpio.o
HAL_GetDEVID                                      build/stm32l4xx_hal.o
HAL_GetHalVersion                                 build/stm32l4xx_hal.o
HAL_GetREVID                                      build/stm32l4xx_hal.o
HAL_GetTick                                       build/stm32l4xx_hal.o
                                                  build/stm32l4xx_hal_dma.o
                                                  build/stm32l4xx_hal_flash.o
                                                  build/stm32l4xx_hal_rcc_ex.o
                                                  build/stm32l4xx_hal_rcc.o
                                                  build/stm32l4xx_hal_i2c.o
                                                  build/stm32l4xx_hal_uart_ex.o
                                                  build/stm32l4xx_hal_uart.o
HAL_GetUIDw0                                      build/stm32l4xx_hal.o
HAL_GetUIDw1                                      build/stm32l4xx_hal.o
HAL_GetUIDw2                                      build/stm32l4xx_hal.o
HAL_HalfDuplex_EnableReceiver                     build/stm32l4xx_hal_uart.o
HAL_HalfDuplex_EnableTransmitter                  build/stm32l4xx_hal_uart.o
HAL_HalfDuplex_Init                               build/stm32l4xx_hal_uart.o
HAL_I2CEx_ConfigAnalogFilter                      build/stm32l4xx_hal_i2c_ex.o
HAL_I2CEx_ConfigDigitalFilter                     build/stm32l4xx_hal_i2c_ex.o
HAL_I2CEx_DisableFastModePlus                     build/stm32l4xx_hal_i2c_ex.o
HAL_I2CEx_DisableWakeUp                           build/stm32l4xx_hal_i2c_ex.o
HAL_I2CEx_EnableFastModePlus                      build/stm32l4xx_hal_i2c_ex.o
HAL_I2CEx_EnableWakeUp                            build/stm32l4xx_hal_i2c_ex.o
HAL_I2C_AbortCpltCallback                         build/stm32l4xx_hal_i2c.o
HAL_I2C_AddrCallback                              build/stm32l4xx_hal_i2c.o
HAL_I2C_DeInit                                    build/stm32l4xx_hal_i2c.o
HAL_I2C_DisableListen_IT                          build/stm32l4xx_hal_i2c.o
HAL_I2C_ER_IRQHandler                             build/stm32l4xx_hal_i2c.o
HAL_I2C_EV_IRQHandler                             build/stm32l4xx_hal_i2c.o
HAL_I2C_EnableListen_IT                           build/stm32l4xx_hal_i2c.o
HAL_I2C_ErrorCallback                             build/stm32l4xx_hal_i2c.o
HAL_I2C_GetError                                  build/stm32l4xx_hal_i2c.o
HAL_I2C_GetMode                                   build/stm32l4xx_hal_i2c.o
HAL_I2C_GetState                                  build/stm32l4xx_hal_i2c.o
HAL_I2C_Init                                      build/stm32l4xx_hal_i2c.o
HAL_I2C_IsDeviceReady                             build/stm32l4xx_hal_i2c.o
HAL_I2C_ListenCpltCallback                        build/stm32l4xx_hal_i2c.o
HAL_I2C_MasterRxCpltCallback                      build/stm32l4xx_hal_i2c.o
HAL_I2C_MasterTxCpltCallback                      build/stm32l4xx_hal_i2c.o
HAL_I2C_Master_Abort_IT                           build/stm32l4xx_hal_i2c.o
HAL_I2C_Master_Receive                            build/stm32l4xx_hal_i2c.o
HAL_I2C_Master_Receive_DMA                        build/stm32l4xx_hal_i2c.o
HAL_I2C_Master_Receive_IT                         build/stm32l4xx_hal_i2c.o
HAL_I2C_Master_Sequential_Receive_DMA             build/stm32l4xx_hal_i2c.o
HAL_I2C_Master_Sequential_Receive_IT              build/stm32l4xx_hal_i2c.o
HAL_I2C_Master_Sequential_Transmit_DMA            build/stm32l4xx_hal_i2c.o
HAL_I2C_Master_Sequential_Transmit_IT             build/stm32l4xx_hal_i2c.o
HAL_I2C_Master_Transmit                           build/stm32l4xx_hal_i2c.o
HAL_I2C_Master_Transmit_DMA                       build/stm32l4xx_hal_i2c.o
HAL_I2C_Master_Transmit_IT                        build/stm32l4xx_hal_i2c.o
HAL_I2C_MemRxCpltCallback                         build/stm32l4xx_hal_i2c.o
HAL_I2C_MemTxCpltCallback                         build/stm32l4xx_hal_i2c.o
HAL_I2C_Mem_Read                                  build/stm32l4xx_hal_i2c.o
HAL_I2C_Mem_Read_DMA                              build/stm32l4xx_hal_i2c.o
HAL_I2C_Mem_Read_IT                               build/stm32l4xx_hal_i2c.o
HAL_I2C_Mem_Write                                 build/stm32l4xx_hal_i2c.o
HAL_I2C_Mem_Write_DMA                             build/stm32l4xx_hal_i2c.o
HAL_I2C_Mem_Write_IT                              build/stm32l4xx_hal_i2c.o
HAL_I2C_MspDeInit                                 build/stm32l4xx_hal_i2c.o
HAL_I2C_MspInit                                   build/stm32l4xx_hal_i2c.o
HAL_I2C_SlaveRxCpltCallback                       build/stm32l4xx_hal_i2c.o
HAL_I2C_SlaveTxCpltCallback                       build/stm32l4xx_hal_i2c.o
HAL_I2C_Slave_Receive                             build/stm32l4xx_hal_i2c.o
HAL_I2C_Slave_Receive_DMA                         build/stm32l4xx_hal_i2c.o
HAL_I2C_Slave_Receive_IT                          build/stm32l4xx_hal_i2c.o
HAL_I2C_Slave_Sequential_Receive_DMA              build/stm32l4xx_hal_i2c.o
HAL_I2C_Slave_Sequential_Receive_IT               build/stm32l4xx_hal_i2c.o
HAL_I2C_Slave_Sequential_Transmit_DMA             build/stm32l4xx_hal_i2c.o
HAL_I2C_Slave_Sequential_Transmit_IT              build/stm32l4xx_hal_i2c.o
HAL_I2C_Slave_Transmit                            build/stm32l4xx_hal_i2c.o
HAL_I2C_Slave_Transmit_DMA                        build/stm32l4xx_hal_i2c.o
HAL_I2C_Slave_Transmit_IT                         build/stm32l4xx_hal_i2c.o
HAL_IncTick                                       build/stm32l4xx_hal.o
                                                  build/stm32l4xx_it.o
HAL_Init                                          build/stm32l4xx_hal.o
                                                  build/main.o
HAL_InitTick                                      build/stm32l4xx_hal.o
                                                  build/stm32l4xx_hal_rcc.o
HAL_LIN_Init                                      build/stm32l4xx_hal_uart.o
HAL_LIN_SendBreak                                 build/stm32l4xx_hal_uart.o
HAL_MPU_ConfigRegion                              build/stm32l4xx_hal_cortex.o
HAL_MPU_Disable                                   build/stm32l4xx_hal_cortex.o
HAL_MPU_Enable                                    build/stm32l4xx_hal_cortex.o
HAL_MspDeInit                                     build/stm32l4xx_hal.o
HAL_MspInit                                       build/stm32l4xx_hal_msp.o
HAL_MultiProcessorEx_AddressLength_Set            build/stm32l4xx_hal_uart_ex.o
HAL_MultiProcessor_DisableMuteMode                build/stm32l4xx_hal_uart.o
HAL_MultiProcessor_EnableMuteMode                 build/stm32l4xx_hal_uart.o
HAL_MultiProcessor_EnterMuteMode                  build/stm32l4xx_hal_uart.o
HAL_MultiProcessor_Init                           build/stm32l4xx_hal_uart.o
HAL_NVIC_ClearPendingIRQ                          build/stm32l4xx_hal_cortex.o
HAL_NVIC_DisableIRQ                               build/stm32l4xx_hal_cortex.o
HAL_NVIC_EnableIRQ                                build/stm32l4xx_hal_cortex.o
HAL_NVIC_GetActive                                build/stm32l4xx_hal_cortex.o
HAL_NVIC_GetPendingIRQ                            build/stm32l4xx_hal_cortex.o
HAL_NVIC_GetPriority                              build/stm32l4xx_hal_cortex.o
HAL_NVIC_GetPriorityGrouping                      build/stm32l4xx_hal_cortex.o
HAL_NVIC_SetPendingIRQ                            build/stm32l4xx_hal_cortex.o
HAL_NVIC_SetPriority                              build/stm32l4xx_hal_cortex.o
                                                  build/stm32l4xx_hal.o
                                                  build/stm32l4xx_hal_msp.o
                                                  build/main.o
HAL_NVIC_SetPriorityGrouping                      build/stm32l4xx_hal_cortex.o
                                                  build/stm32l4xx_hal.o
                                                  build/stm32l4xx_hal_msp.o
HAL_NVIC_SystemReset                              build/stm32l4xx_hal_cortex.o
HAL_PWREx_ConfigPVM                               build/stm32l4xx_hal_pwr_ex.o
HAL_PWREx_ControlVoltageScaling                   build/stm32l4xx_hal_pwr_ex.o
                                                  build/main.o
HAL_PWREx_DisableBatteryCharging                  build/stm32l4xx_hal_pwr_ex.o
HAL_PWREx_DisableGPIOPullDown                     build/stm32l4xx_hal_pwr_ex.o
HAL_PWREx_DisableGPIOPullUp                       build/stm32l4xx_hal_pwr_ex.o
HAL_PWREx_DisableInternalWakeUpLine               build/stm32l4xx_hal_pwr_ex.o
HAL_PWREx_DisableLowPowerRunMode                  build/stm32l4xx_hal_pwr_ex.o
                                                  build/stm32l4xx_hal_pwr.o
HAL_PWREx_DisablePVM1                             build/stm32l4xx_hal_pwr_ex.o
HAL_PWREx_DisablePVM2                             build/stm32l4xx_hal_pwr_ex.o
HAL_PWREx_DisablePVM3                             build/stm32l4xx_hal_pwr_ex.o
HAL_PWREx_DisablePVM4                             build/stm32l4xx_hal_pwr_ex.o
HAL_PWREx_DisablePullUpPullDownConfig             build/stm32l4xx_hal_pwr_ex.o
HAL_PWREx_DisableSRAM2ContentRetention            build/stm32l4xx_hal_pwr_ex.o
HAL_PWREx_DisableVddIO2                           build/stm32l4xx_hal_pwr_ex.o
HAL_PWREx_DisableVddUSB                           build/stm32l4xx_hal_pwr_ex.o
HAL_PWREx_EnableBatteryCharging                   build/stm32l4xx_hal_pwr_ex.o
HAL_PWREx_EnableGPIOPullDown                      build/stm32l4xx_hal_pwr_ex.o
HAL_PWREx_EnableGPIOPullUp                        build/stm32l4xx_hal_pwr_ex.o
HAL_PWREx_EnableInternalWakeUpLine                build/stm32l4xx_hal_pwr_ex.o
HAL_PWREx_EnableLowPowerRunMode                   build/stm32l4xx_hal_pwr_ex.o
                                                  build/stm32l4xx_hal_pwr.o
HAL_PWREx_EnablePVM1                              build/stm32l4xx_hal_pwr_ex.o
HAL_PWREx_EnablePVM2                              build/stm32l4xx_hal_pwr_ex.o
HAL_PWREx_EnablePVM3                              build/stm32l4xx_hal_pwr_ex.o
HAL_PWREx_EnablePVM4                              build/stm32l4xx_hal_pwr_ex.o
HAL_PWREx_EnablePullUpPullDownConfig              build/stm32l4xx_hal_pwr_ex.o
HAL_PWREx_EnableSRAM2ContentRetention             build/stm32l4xx_hal_pwr_ex.o
HAL_PWREx_EnableVddIO2                            build/stm32l4xx_hal_pwr_ex.o
HAL_PWREx_EnableVddUSB                            build/stm32l4xx_hal_pwr_ex.o
HAL_PWREx_EnterSHUTDOWNMode                       build/stm32l4xx_hal_pwr_ex.o
HAL_PWREx_EnterSTOP0Mode                          build/stm32l4xx_hal_pwr_ex.o
                                                  build/stm32l4xx_hal_pwr.o
HAL_PWREx_EnterSTOP1Mode                          build/stm32l4xx_hal_pwr_ex.o
                                                  build/stm32l4xx_hal_pwr.o
HAL_PWREx_EnterSTOP2Mode                          build/stm32l4xx_hal_pwr_ex.o
HAL_PWREx_GetVoltageRange                         build/stm32l4xx_hal_pwr_ex.o
                                                  build/stm32l4xx_hal_rcc.o
HAL_PWREx_PVD_PVM_IRQHandler                      build/stm32l4xx_hal_pwr_ex.o
HAL_PWREx_PVM1Callback                            build/stm32l4xx_hal_pwr_ex.o
HAL_PWREx_PVM2Callback                            build/stm32l4xx_hal_pwr_ex.o
HAL_PWREx_PVM3Callback                            build/stm32l4xx_hal_pwr_ex.o
HAL_PWREx_PVM4Callback                            build/stm32l4xx_hal_pwr_ex.o
HAL_PWR_ConfigPVD                                 build/stm32l4xx_hal_pwr.o
HAL_PWR_DeInit                                    build/stm32l4xx_hal_pwr.o
HAL_PWR_DisableBkUpAccess                         build/stm32l4xx_hal_pwr.o
                                                  build/stm32l4xx_hal_rcc_ex.o
HAL_PWR_DisablePVD                                build/stm32l4xx_hal_pwr.o
HAL_PWR_DisableSEVOnPend                          build/stm32l4xx_hal_pwr.o
HAL_PWR_DisableSleepOnExit                        build/stm32l4xx_hal_pwr.o
HAL_PWR_DisableWakeUpPin                          build/stm32l4xx_hal_pwr.o
HAL_PWR_EnableBkUpAccess                          build/stm32l4xx_hal_pwr.o
                                                  build/stm32l4xx_hal_rcc_ex.o
HAL_PWR_EnablePVD                                 build/stm32l4xx_hal_pwr.o
HAL_PWR_EnableSEVOnPend                           build/stm32l4xx_hal_pwr.o
HAL_PWR_EnableSleepOnExit                         build/stm32l4xx_hal_pwr.o
HAL_PWR_EnableWakeUpPin                           build/stm32l4xx_hal_pwr.o
HAL_PWR_EnterSLEEPMode                            build/stm32l4xx_hal_pwr.o
HAL_PWR_EnterSTANDBYMode                          build/stm32l4xx_hal_pwr.o
HAL_PWR_EnterSTOPMode                             build/stm32l4xx_hal_pwr.o