Archive member included because of file (symbol)

/usr/local/Cellar/gcc-arm-none-eabi-49/20150925/bin/../lib/gcc/arm-none-eabi/4.9.3/../../../../arm-none-eabi/lib/armv7e-m/fpu/libc_nano.a(lib_a-exit.o)
                              /usr/local/Cellar/gcc-arm-none-eabi-49/20150925/bin/../lib/gcc/arm-none-eabi/4.9.3/../../../../arm-none-eabi/lib/armv7e-m/fpu/crt0.o (exit)
/usr/local/Cellar/gcc-arm-none-eabi-49/20150925/bin/../lib/gcc/arm-none-eabi/4.9.3/../../../../arm-none-eabi/lib/armv7e-m/fpu/libc_nano.a(lib_a-impure.o)
                              /usr/local/Cellar/gcc-arm-none-eabi-49/20150925/bin/../lib/gcc/arm-none-eabi/4.9.3/../../../../arm-none-eabi/lib/armv7e-m/fpu/libc_nano.a(lib_a-exit.o) (_global_impure_ptr)
/usr/local/Cellar/gcc-arm-none-eabi-49/20150925/bin/../lib/gcc/arm-none-eabi/4.9.3/../../../../arm-none-eabi/lib/armv7e-m/fpu/libc_nano.a(lib_a-init.o)
                              /usr/local/Cellar/gcc-arm-none-eabi-49/20150925/bin/../lib/gcc/arm-none-eabi/4.9.3/../../../../arm-none-eabi/lib/armv7e-m/fpu/crt0.o (__libc_init_array)
/usr/local/Cellar/gcc-arm-none-eabi-49/20150925/bin/../lib/gcc/arm-none-eabi/4.9.3/../../../../arm-none-eabi/lib/armv7e-m/fpu/libc_nano.a(lib_a-memset.o)
                              /usr/local/Cellar/gcc-arm-none-eabi-49/20150925/bin/../lib/gcc/arm-none-eabi/4.9.3/../../../../arm-none-eabi/lib/armv7e-m/fpu/crt0.o (memset)
/usr/local/Cellar/gcc-arm-none-eabi-49/20150925/bin/../lib/gcc/arm-none-eabi/4.9.3/../../../../arm-none-eabi/lib/armv7e-m/fpu/libc_nano.a(lib_a-nano-vfprintf_float.o)
                              (_printf_float)
/usr/local/Cellar/gcc-arm-none-eabi-49/20150925/bin/../lib/gcc/arm-none-eabi/4.9.3/../../../../arm-none-eabi/lib/armv7e-m/fpu/libc_nano.a(lib_a-nano-vfprintf_i.o)
                              /usr/local/Cellar/gcc-arm-none-eabi-49/20150925/bin/../lib/gcc/arm-none-eabi/4.9.3/../../../../arm-none-eabi/lib/armv7e-m/fpu/libc_nano.a(lib_a-nano-vfprintf_float.o) (_printf_common)
/usr/local/Cellar/gcc-arm-none-eabi-49/20150925/bin/../lib/gcc/arm-none-eabi/4.9.3/../../../../arm-none-eabi/lib/armv7e-m/fpu/libc_nano.a(lib_a-s_fpclassify.o)
                              /usr/local/Cellar/gcc-arm-none-eabi-49/20150925/bin/../lib/gcc/arm-none-eabi/4.9.3/../../../../arm-none-eabi/lib/armv7e-m/fpu/libc_nano.a(lib_a-nano-vfprintf_float.o) (__fpclassifyd)
/usr/local/Cellar/gcc-arm-none-eabi-49/20150925/bin/../lib/gcc/arm-none-eabi/4.9.3/../../../../arm-none-eabi/lib/armv7e-m/fpu/libc_nano.a(lib_a-sprintf.o)
                              build/noteDetect.o (sprintf)
/usr/local/Cellar/gcc-arm-none-eabi-49/20150925/bin/../lib/gcc/arm-none-eabi/4.9.3/../../../../arm-none-eabi/lib/armv7e-m/fpu/libc_nano.a(lib_a-strlen.o)
                              /usr/local/Cellar/gcc-arm-none-eabi-49/20150925/bin/../lib/gcc/arm-none-eabi/4.9.3/../../../../arm-none-eabi/lib/armv7e-m/fpu/libc_nano.a(lib_a-nano-vfprintf_float.o) (strlen)
/usr/local/Cellar/gcc-arm-none-eabi-49/20150925/bin/../lib/gcc/arm-none-eabi/4.9.3/../../../../arm-none-eabi/lib/armv7e-m/fpu/libc_nano.a(lib_a-dtoa.o)
                              /usr/local/Cellar/gcc-arm-none-eabi-49/20150925/bin/../lib/gcc/arm-none-eabi/4.9.3/../../../../arm-none-eabi/lib/armv7e-m/fpu/libc_nano.a(lib_a-nano-vfprintf_float.o) (_dtoa_r)
/usr/local/Cellar/gcc-arm-none-eabi-49/20150925/bin/../lib/gcc/arm-none-eabi/4.9.3/../../../../arm-none-eabi/lib/armv7e-m/fpu/libc_nano.a(lib_a-locale.o)
                              /usr/local/Cellar/gcc-arm-none-eabi-49/20150925/bin/../lib/gcc/arm-none-eabi/4.9.3/../../../../arm-none-eabi/lib/armv7e-m/fpu/libc_nano.a(lib_a-nano-vfprintf_float.o) (_localeconv_r)
/usr/local/Cellar/gcc-arm-none-eabi-49/20150925/bin/../lib/gcc/arm-none-eabi/4.9.3/../../../../arm-none-eabi/lib/armv7e-m/fpu/libc_nano.a(lib_a-malloc.o)
                              /usr/local/Cellar/gcc-arm-none-eabi-49/20150925/bin/../lib/gcc/arm-none-eabi/4.9.3/../../../../arm-none-eabi/lib/armv7e-m/fpu/libc_nano.a(lib_a-dtoa.o) (malloc)
/usr/local/Cellar/gcc-arm-none-eabi-49/20150925/bin/../lib/gcc/arm-none-eabi/4.9.3/../../../../arm-none-eabi/lib/armv7e-m/fpu/libc_nano.a(lib_a-memchr.o)
                              /usr/local/Cellar/gcc-arm-none-eabi-49/20150925/bin/../lib/gcc/arm-none-eabi/4.9.3/../../../../arm-none-eabi/lib/armv7e-m/fpu/libc_nano.a(lib_a-nano-vfprintf_i.o) (memchr)
/usr/local/Cellar/gcc-arm-none-eabi-49/20150925/bin/../lib/gcc/arm-none-eabi/4.9.3/../../../../arm-none-eabi/lib/armv7e-m/fpu/libc_nano.a(lib_a-memcpy.o)
                              /usr/local/Cellar/gcc-arm-none-eabi-49/20150925/bin/../lib/gcc/arm-none-eabi/4.9.3/../../../../arm-none-eabi/lib/armv7e-m/fpu/libc_nano.a(lib_a-dtoa.o) (memcpy)
/usr/local/Cellar/gcc-arm-none-eabi-49/20150925/bin/../lib/gcc/arm-none-eabi/4.9.3/../../../../arm-none-eabi/lib/armv7e-m/fpu/libc_nano.a(lib_a-mprec.o)
[...]
Memory Configuration

Name             Origin             Length             Attributes
RAM              0x0000000020000000 0x0000000000018000 xrw
RAM2             0x0000000010000000 0x0000000000008000 xrw
FLASH            0x0000000008000000 0x0000000000100000 xr
*default*        0x0000000000000000 0xffffffffffffffff

Linker script and memory map

LOAD /usr/local/Cellar/gcc-arm-none-eabi-49/20150925/bin/../lib/gcc/arm-none-eabi/4.9.3/armv7e-m/fpu/crti.o
LOAD /usr/local/Cellar/gcc-arm-none-eabi-49/20150925/bin/../lib/gcc/arm-none-eabi/4.9.3/armv7e-m/fpu/crtbegin.o
LOAD /usr/local/Cellar/gcc-arm-none-eabi-49/20150925/bin/../lib/gcc/arm-none-eabi/4.9.3/../../../../arm-none-eabi/lib/armv7e-m/fpu/crt0.o
LOAD build/ADCsrc.o
LOAD build/ssd1306.o
LOAD build/fonts.o
LOAD build/main.o
LOAD build/gpio.o
LOAD build/opamp.o
LOAD build/adc.o
LOAD build/dma.o
LOAD build/noteDetect.o
LOAD build/tim.o
LOAD build/i2c.o
LOAD build/usart.o
LOAD build/stm32l4xx_it.o
LOAD build/stm32l4xx_hal_msp.o
LOAD build/stm32l4xx_hal_opamp.o
LOAD build/stm32l4xx_hal_opamp_ex.o
LOAD build/stm32l4xx_hal_adc.o
LOAD build/stm32l4xx_hal_adc_ex.o
LOAD build/stm32l4xx_hal_tim.o
LOAD build/stm32l4xx_hal_tim_ex.o
LOAD build/stm32l4xx_hal_uart.o
LOAD build/stm32l4xx_hal_uart_ex.o
LOAD build/stm32l4xx_hal.o
LOAD build/stm32l4xx_hal_i2c.o
LOAD build/stm32l4xx_hal_i2c_ex.o
LOAD build/stm32l4xx_hal_rcc.o
LOAD build/stm32l4xx_hal_rcc_ex.o
LOAD build/stm32l4xx_hal_flash.o
LOAD build/stm32l4xx_hal_flash_ex.o
LOAD build/stm32l4xx_hal_flash_ramfunc.o
LOAD build/stm32l4xx_hal_gpio.o
LOAD build/stm32l4xx_hal_dma.o
LOAD build/stm32l4xx_hal_dma_ex.o
LOAD build/stm32l4xx_hal_pwr.o
LOAD build/stm32l4xx_hal_pwr_ex.o
LOAD build/stm32l4xx_hal_cortex.o
LOAD build/system_stm32l4xx.o
LOAD build/startup_stm32l476xx.o
LOAD /usr/local/Cellar/gcc-arm-none-eabi-49/20150925/bin/../lib/gcc/arm-none-eabi/4.9.3/../../../../arm-none-eabi/lib/armv7e-m/fpu/libc_nano.a
LOAD /usr/local/Cellar/gcc-arm-none-eabi-49/20150925/bin/../lib/gcc/arm-none-eabi/4.9.3/../../../../arm-none-eabi/lib/armv7e-m/fpu/libm.a
LOAD /usr/local/Cellar/gcc-arm-none-eabi-49/20150925/bin/../lib/gcc/arm-none-eabi/4.9.3/../../../../arm-none-eabi/lib/armv7e-m/fpu/libnosys.a
START GROUP
LOAD /usr/local/Cellar/gcc-arm-none-eabi-49/20150925/bin/../lib/gcc/arm-none-eabi/4.9.3/armv7e-m/fpu/libgcc.a
LOAD /usr/local/Cellar/gcc-arm-none-eabi-49/20150925/bin/../lib/gcc/arm-none-eabi/4.9.3/../../../../arm-none-eabi/lib/armv7e-m/fpu/libc_nano.a
END GROUP
START GROUP
LOAD /usr/local/Cellar/gcc-arm-none-eabi-49/20150925/bin/../lib/gcc/arm-none-eabi/4.9.3/armv7e-m/fpu/libgcc.a
LOAD /usr/local/Cellar/gcc-arm-none-eabi-49/20150925/bin/../lib/gcc/arm-none-eabi/4.9.3/../../../../arm-none-eabi/lib/armv7e-m/fpu/libc_nano.a
END GROUP
LOAD /usr/local/Cellar/gcc-arm-none-eabi-49/20150925/bin/../lib/gcc/arm-none-eabi/4.9.3/armv7e-m/fpu/crtend.o
LOAD /usr/local/Cellar/gcc-arm-none-eabi-49/20150925/bin/../lib/gcc/arm-none-eabi/4.9.3/armv7e-m/fpu/crtn.o
                0x0000000020018000                _estack = 0x20018000
                0x0000000000000200                _Min_Heap_Size = 0x200
                0x0000000000000400                _Min_Stack_Size = 0x400

.isr_vector     0x0000000008000000      0x188
                0x0000000008000000                . = ALIGN (0x8)
 *(.isr_vector)
 .isr_vector    0x0000000008000000      0x188 build/startup_stm32l476xx.o
                0x0000000008000000                g_pfnVectors
                0x0000000008000188                . = ALIGN (0x8)

.text           0x0000000008000188     0x73d0
                0x0000000008000188                . = ALIGN (0x8)
 *(.text)
 .text          0x0000000008000188       0x5c /usr/local/Cellar/gcc-arm-none-eabi-49/20150925/bin/../lib/gcc/arm-none-eabi/4.9.3/armv7e-m/fpu/crtbegin.o
 .text          0x00000000080001e4      0x370 /usr/local/Cellar/gcc-arm-none-eabi-49/20150925/bin/../lib/gcc/arm-none-eabi/4.9.3/armv7e-m/fpu/libgcc.a(_arm_addsubdf3.o)
                0x00000000080001e4                __aeabi_drsub
                0x00000000080001ec                __subdf3
                0x00000000080001ec                __aeabi_dsub
                0x00000000080001f0                __aeabi_dadd
                0x00000000080001f0                __adddf3
                0x0000000008000468                __aeabi_ui2d
                0x0000000008000468                __floatunsidf
                0x0000000008000488                __floatsidf
                0x0000000008000488                __aeabi_i2d
                0x00000000080004ac                __extendsfdf2
                0x00000000080004ac                __aeabi_f2d
                0x00000000080004e8                __aeabi_ul2d
                0x00000000080004e8                __floatundidf
                0x00000000080004f8                __aeabi_l2d
                0x00000000080004f8                __floatdidf
 .text          0x0000000008000554      0x424 /usr/local/Cellar/gcc-arm-none-eabi-49/20150925/bin/../lib/gcc/arm-none-eabi/4.9.3/armv7e-m/fpu/libgcc.a(_arm_muldivdf3.o)
                0x0000000008000554                __aeabi_dmul
                0x0000000008000554                __muldf3
                0x00000000080007a8                __aeabi_ddiv
                0x00000000080007a8                __divdf3
 .text          0x0000000008000978      0x110 /usr/local/Cellar/gcc-arm-none-eabi-49/20150925/bin/../lib/gcc/arm-none-eabi/4.9.3/armv7e-m/fpu/libgcc.a(_arm_cmpdf2.o)
                0x0000000008000978                __gedf2
                0x0000000008000978                __gtdf2
                0x0000000008000980                __ledf2
                0x0000000008000980                __ltdf2
                0x0000000008000988                __cmpdf2
                0x0000000008000988                __eqdf2
                0x0000000008000988                __nedf2
                0x0000000008000a04                __aeabi_cdrcmple
                0x0000000008000a14                __aeabi_cdcmple
                0x0000000008000a14                __aeabi_cdcmpeq
                0x0000000008000a24                __aeabi_dcmpeq
                0x0000000008000a38                __aeabi_dcmplt
                0x0000000008000a4c                __aeabi_dcmple
                0x0000000008000a60                __aeabi_dcmpge
                0x0000000008000a74                __aeabi_dcmpgt
 .text          0x0000000008000a88       0x50 /usr/local/Cellar/gcc-arm-none-eabi-49/20150925/bin/../lib/gcc/arm-none-eabi/4.9.3/armv7e-m/fpu/libgcc.a(_arm_fixdfsi.o)
                0x0000000008000a88                __fixdfsi
                0x0000000008000a88                __aeabi_d2iz
 .text          0x0000000008000ad8       0xa0 /usr/local/Cellar/gcc-arm-none-eabi-49/20150925/bin/../lib/gcc/arm-none-eabi/4.9.3/armv7e-m/fpu/libgcc.a(_arm_truncdfsf2.o)
                0x0000000008000ad8                __aeabi_d2f
                0x0000000008000ad8                __truncdfsf2
 *(.text*)
 .text.TIM4_Init
                0x0000000008000b78       0x6c build/ADCsrc.o
                0x0000000008000b78                TIM4_Init
 .text.getFloat
                0x0000000008000be4       0x2c build/ADCsrc.o
                0x0000000008000be4                getFloat
 .text.arm_mean_f32
                0x0000000008000c10       0x5c build/ADCsrc.o
                0x0000000008000c10                arm_mean_f32
 .text.arm_std_f32
                0x0000000008000c6c       0xd8 build/ADCsrc.o
                0x0000000008000c6c                arm_std_f32
 .text.arm_max_f32
                0x0000000008000d44       0x9c build/ADCsrc.o
                0x0000000008000d44                arm_max_f32
 .text.arm_correlate_f32
                0x0000000008000de0      0x3b8 build/ADCsrc.o
                0x0000000008000de0                arm_correlate_f32
 .text.findFrequency
                0x0000000008001198      0x144 build/ADCsrc.o
                0x0000000008001198                findFrequency
 .text.ssd1306_WriteCommand
                0x00000000080012dc       0x28 build/ssd1306.o
 .text.ssd1306_Fill
                0x0000000008001304       0x20 build/ssd1306.o
                0x0000000008001304                ssd1306_Fill
 .text.ssd1306_UpdateScreen
                0x0000000008001324       0x50 build/ssd1306.o
                0x0000000008001324                ssd1306_UpdateScreen
 .text.ssd1306_Init
                0x0000000008001374       0xcc build/ssd1306.o
                0x0000000008001374                ssd1306_Init
 .text.ssd1306_DrawPixel
                0x0000000008001440       0x54 build/ssd1306.o
                0x0000000008001440                ssd1306_DrawPixel
 .text.ssd1306_WriteChar
                0x0000000008001494       0xa4 build/ssd1306.o
                0x0000000008001494                ssd1306_WriteChar
 .text.ssd1306_WriteString
                0x0000000008001538       0x34 build/ssd1306.o
                0x0000000008001538                ssd1306_WriteString
 .text.ssd1306_SetCursor
                0x000000000800156c        0xc build/ssd1306.o
                0x000000000800156c                ssd1306_SetCursor
 .text.SystemClock_Config_MSI
                0x0000000008001578       0x68 build/main.o
                0x0000000008001578                SystemClock_Config_MSI
 .text.HAL_ADC_ConvCpltCallback
                0x00000000080015e0        0x4 build/main.o
                0x00000000080015e0                HAL_ADC_ConvCpltCallback
 .text.DMA_Init
                0x00000000080015e4       0xd4 build/main.o
                0x00000000080015e4                DMA_Init
 .text.main     0x00000000080016b8       0xec build/main.o
                0x00000000080016b8                main
 .text.DMA1_Channel1_IRQHandler
                0x00000000080017a4       0x70 build/main.o
                0x00000000080017a4                DMA1_Channel1_IRQHandler
 .text._Error_Handler
                0x0000000008001814        0x4 build/main.o
                0x0000000008001814                _Error_Handler
 .text.MX_GPIO_Init
                0x0000000008001818       0x54 build/gpio.o
                0x0000000008001818                MX_GPIO_Init
 .text.MX_OPAMP1_Init
                0x000000000800186c       0x38 build/opamp.o
                0x000000000800186c                MX_OPAMP1_Init
 .text.HAL_OPAMP_MspInit
                0x00000000080018a4       0x54 build/opamp.o
                0x00000000080018a4                HAL_OPAMP_MspInit
 .text.MX_ADC1_Init
                0x00000000080018f8       0xa8 build/adc.o
                0x00000000080018f8                MX_ADC1_Init
 .text.HAL_ADC_MspInit
                0x00000000080019a0       0xbc build/adc.o
                0x00000000080019a0                HAL_ADC_MspInit
 *fill*         0x0000000008001a5c        0x4 
 .text.findNote
                0x0000000008001a60     0x132c build/noteDetect.o
                0x0000000008001a60                findNote
 .text.MX_I2C1_Init
                0x0000000008002d8c       0x64 build/i2c.o
                0x0000000008002d8c                MX_I2C1_Init
 .text.HAL_I2C_MspInit
                0x0000000008002df0       0x54 build/i2c.o
                0x0000000008002df0                HAL_I2C_MspInit
 .text.SysTick_Handler
                0x0000000008002e44        0xc build/stm32l4xx_it.o
                0x0000000008002e44                SysTick_Handler
 .text.ADC1_2_IRQHandler
                0x0000000008002e50       0x10 build/stm32l4xx_it.o
                0x0000000008002e50                ADC1_2_IRQHandler
 .text.HAL_MspInit
                0x0000000008002e60       0x90 build/stm32l4xx_hal_msp.o
                0x0000000008002e60                HAL_MspInit
 .text.HAL_OPAMP_Init
                0x0000000008002ef0      0x12c build/stm32l4xx_hal_opamp.o
                0x0000000008002ef0                HAL_OPAMP_Init
 .text.HAL_OPAMP_Start
                0x000000000800301c       0x38 build/stm32l4xx_hal_opamp.o
                0x000000000800301c                HAL_OPAMP_Start
 .text.HAL_ADC_Init
                0x0000000008003054      0x2a8 build/stm32l4xx_hal_adc.o
                0x0000000008003054                HAL_ADC_Init
 .text.HAL_ADC_ConvHalfCpltCallback
                0x00000000080032fc        0x4 build/stm32l4xx_hal_adc.o
                0x00000000080032fc                HAL_ADC_ConvHalfCpltCallback
 .text.ADC_DMAHalfConvCplt
                0x0000000008003300        0xc build/stm32l4xx_hal_adc.o
                0x0000000008003300                ADC_DMAHalfConvCplt
 .text.HAL_ADC_LevelOutOfWindowCallback
                0x000000000800330c        0x4 build/stm32l4xx_hal_adc.o
                0x000000000800330c                HAL_ADC_LevelOutOfWindowCallback
 .text.HAL_ADC_ErrorCallback
                0x0000000008003310        0x4 build/stm32l4xx_hal_adc.o
                0x0000000008003310                HAL_ADC_ErrorCallback
 .text.HAL_ADC_IRQHandler
                0x0000000008003314      0x31c build/stm32l4xx_hal_adc.o
                0x0000000008003314                HAL_ADC_IRQHandler
 .text.ADC_DMAConvCplt
                0x0000000008003630       0x88 build/stm32l4xx_hal_adc.o
                0x0000000008003630                ADC_DMAConvCplt
 .text.ADC_DMAError
                0x00000000080036b8       0x1c build/stm32l4xx_hal_adc.o
                0x00000000080036b8                ADC_DMAError
 .text.HAL_ADC_ConfigChannel
                0x00000000080036d4      0x48c build/stm32l4xx_hal_adc.o
                0x00000000080036d4                HAL_ADC_ConfigChannel
 .text.ADC_Enable
                0x0000000008003b60       0xd8 build/stm32l4xx_hal_adc.o
                0x0000000008003b60                ADC_Enable
 .text.HAL_ADC_Start_DMA
                0x0000000008003c38      0x140 build/stm32l4xx_hal_adc.o
                0x0000000008003c38                HAL_ADC_Start_DMA
 .text.HAL_ADCEx_InjectedConvCpltCallback
                0x0000000008003d78        0x4 build/stm32l4xx_hal_adc_ex.o
                0x0000000008003d78                HAL_ADCEx_InjectedConvCpltCallback
 .text.HAL_ADCEx_InjectedQueueOverflowCallback
                0x0000000008003d7c        0x4 build/stm32l4xx_hal_adc_ex.o
                0x0000000008003d7c                HAL_ADCEx_InjectedQueueOverflowCallback
 .text.HAL_ADCEx_LevelOutOfWindow2Callback
                0x0000000008003d80        0x4 build/stm32l4xx_hal_adc_ex.o
                0x0000000008003d80                HAL_ADCEx_LevelOutOfWindow2Callback
 .text.HAL_ADCEx_LevelOutOfWindow3Callback
                0x0000000008003d84        0x4 build/stm32l4xx_hal_adc_ex.o
                0x0000000008003d84                HAL_ADCEx_LevelOutOfWindow3Callback
 .text.HAL_ADCEx_EndOfSamplingCallback
                0x0000000008003d88        0x4 build/stm32l4xx_hal_adc_ex.o
                0x0000000008003d88                HAL_ADCEx_EndOfSamplingCallback
 .text.HAL_ADCEx_MultiModeConfigChannel
                0x0000000008003d8c      0x144 build/stm32l4xx_hal_adc_ex.o
                0x0000000008003d8c                HAL_ADCEx_MultiModeConfigChannel
 .text.HAL_InitTick
                0x0000000008003ed0       0x2c build/stm32l4xx_hal.o
                0x0000000008003ed0                HAL_InitTick
 .text.HAL_Init
                0x0000000008003efc       0x24 build/stm32l4xx_hal.o
                0x0000000008003efc                HAL_Init
 .text.HAL_IncTick
                0x0000000008003f20       0x10 build/stm32l4xx_hal.o
                0x0000000008003f20                HAL_IncTick
 .text.HAL_GetTick
                0x0000000008003f30        0xc build/stm32l4xx_hal.o
                0x0000000008003f30                HAL_GetTick
 .text.HAL_Delay
                0x0000000008003f3c       0x20 build/stm32l4xx_hal.o
                0x0000000008003f3c                HAL_Delay
 .text.I2C_Flush_TXDR
                0x0000000008003f5c       0x24 build/stm32l4xx_hal_i2c.o
 .text.I2C_TransferConfig
                0x0000000008003f80       0x38 build/stm32l4xx_hal_i2c.o
 .text.I2C_IsAcknowledgeFailed
                0x0000000008003fb8       0x90 build/stm32l4xx_hal_i2c.o
 .text.I2C_WaitOnTXISFlagUntilTimeout
                0x0000000008004048       0x58 build/stm32l4xx_hal_i2c.o
 .text.I2C_WaitOnFlagUntilTimeout
                0x00000000080040a0       0x54 build/stm32l4xx_hal_i2c.o
 .text.I2C_RequestMemoryWrite
                0x00000000080040f4       0x70 build/stm32l4xx_hal_i2c.o
 .text.I2C_WaitOnSTOPFlagUntilTimeout
                0x0000000008004164       0x50 build/stm32l4xx_hal_i2c.o
 .text.HAL_I2C_Init
                0x00000000080041b4       0xc0 build/stm32l4xx_hal_i2c.o
                0x00000000080041b4                HAL_I2C_Init
 .text.HAL_I2C_Mem_Write
                0x0000000008004274      0x1a4 build/stm32l4xx_hal_i2c.o
                0x0000000008004274                HAL_I2C_Mem_Write
 .text.HAL_I2CEx_ConfigAnalogFilter
                0x0000000008004418       0x5c build/stm32l4xx_hal_i2c_ex.o
                0x0000000008004418                HAL_I2CEx_ConfigAnalogFilter
 .text.HAL_I2CEx_ConfigDigitalFilter
                0x0000000008004474       0x58 build/stm32l4xx_hal_i2c_ex.o
                0x0000000008004474                HAL_I2CEx_ConfigDigitalFilter
 .text.RCC_SetFlashLatencyFromMSIRange
                0x00000000080044cc       0x90 build/stm32l4xx_hal_rcc.o
 .text.HAL_RCC_GetSysClockFreq
                0x000000000800455c      0x100 build/stm32l4xx_hal_rcc.o
                0x000000000800455c                HAL_RCC_GetSysClockFreq
 .text.HAL_RCC_OscConfig
                0x000000000800465c      0x5a4 build/stm32l4xx_hal_rcc.o
                0x000000000800465c                HAL_RCC_OscConfig
 .text.HAL_RCC_ClockConfig
                0x0000000008004c00      0x158 build/stm32l4xx_hal_rcc.o
                0x0000000008004c00                HAL_RCC_ClockConfig
 .text.HAL_GPIO_Init
                0x0000000008004d58      0x1d8 build/stm32l4xx_hal_gpio.o
                0x0000000008004d58                HAL_GPIO_Init
 .text.DMA_SetConfig
                0x0000000008004f30       0x30 build/stm32l4xx_hal_dma.o
 .text.HAL_DMA_Init
                0x0000000008004f60      0x100 build/stm32l4xx_hal_dma.o
                0x0000000008004f60                HAL_DMA_Init
 .text.HAL_DMA_Start_IT
                0x0000000008005060       0x78 build/stm32l4xx_hal_dma.o
                0x0000000008005060                HAL_DMA_Start_IT
 .text.HAL_PWREx_GetVoltageRange
                0x00000000080050d8       0x10 build/stm32l4xx_hal_pwr_ex.o
                0x00000000080050d8                HAL_PWREx_GetVoltageRange
 .text.HAL_NVIC_SetPriorityGrouping
                0x00000000080050e8       0x24 build/stm32l4xx_hal_cortex.o
                0x00000000080050e8                HAL_NVIC_SetPriorityGrouping
 .text.HAL_NVIC_SetPriority
                0x000000000800510c       0x64 build/stm32l4xx_hal_cortex.o
                0x000000000800510c                HAL_NVIC_SetPriority
 .text.HAL_NVIC_EnableIRQ
                0x0000000008005170       0x18 build/stm32l4xx_hal_cortex.o
                0x0000000008005170                HAL_NVIC_EnableIRQ
 .text.HAL_SYSTICK_Config
                0x0000000008005188       0x2c build/stm32l4xx_hal_cortex.o
                0x0000000008005188                HAL_SYSTICK_Config
 .text.HAL_SYSTICK_Callback
                0x00000000080051b4        0x4 build/stm32l4xx_hal_cortex.o
                0x00000000080051b4                HAL_SYSTICK_Callback
 .text.HAL_SYSTICK_IRQHandler
                0x00000000080051b8        0x8 build/stm32l4xx_hal_cortex.o
                0x00000000080051b8                HAL_SYSTICK_IRQHandler
 .text.SystemInit
                0x00000000080051c0       0x48 build/system_stm32l4xx.o
                0x00000000080051c0                SystemInit
 .text.Reset_Handler
                0x0000000008005208       0x50 build/startup_stm32l476xx.o
                0x0000000008005208                Reset_Handler
 .text.Default_Handler
                0x0000000008005258        0x2 build/startup_stm32l476xx.o
                0x0000000008005258                TIM1_BRK_TIM15_IRQHandler
                0x0000000008005258                EXTI2_IRQHandler
                0x0000000008005258                TIM8_TRG_COM_IRQHandler
                0x0000000008005258                TIM8_CC_IRQHandler
                0x0000000008005258                DebugMon_Handler
                0x0000000008005258                TIM1_CC_IRQHandler
                0x0000000008005258                TSC_IRQHandler
                0x0000000008005258                HardFault_Handler
                0x0000000008005258                TAMP_STAMP_IRQHandler
                0x0000000008005258                PendSV_Handler
                0x0000000008005258                NMI_Handler
                0x0000000008005258                EXTI3_IRQHandler
                0x0000000008005258                LPTIM2_IRQHandler
                0x0000000008005258                DFSDM1_FLT1_IRQHandler
                0x0000000008005258                I2C3_ER_IRQHandler
                0x0000000008005258                DFSDM1_FLT2_IRQHandler
                0x0000000008005258                EXTI0_IRQHandler
                0x0000000008005258                I2C2_EV_IRQHandler
                0x0000000008005258                CAN1_RX0_IRQHandler
                0x0000000008005258                FPU_IRQHandler
                0x0000000008005258                TIM1_UP_TIM16_IRQHandler
                0x0000000008005258                UsageFault_Handler
                0x0000000008005258                SPI1_IRQHandler
                0x0000000008005258                TIM6_DAC_IRQHandler
                0x0000000008005258                TIM8_UP_IRQHandler
                0x0000000008005258                DMA2_Channel2_IRQHandler
                0x0000000008005258                DMA1_Channel4_IRQHandler
                0x0000000008005258                SAI2_IRQHandler
                0x0000000008005258                DFSDM1_FLT3_IRQHandler
                0x0000000008005258                USART3_IRQHandler
                0x0000000008005258                DMA1_Channel7_IRQHandler
                0x0000000008005258                CAN1_RX1_IRQHandler
                0x0000000008005258                LCD_IRQHandler
                0x0000000008005258                UART5_IRQHandler
                0x0000000008005258                ADC3_IRQHandler
                0x0000000008005258                TIM4_IRQHandler
                0x0000000008005258                DMA2_Channel1_IRQHandler
                0x0000000008005258                QUADSPI_IRQHandler
                0x0000000008005258                I2C1_EV_IRQHandler
                0x0000000008005258                DMA1_Channel6_IRQHandler
                0x0000000008005258                UART4_IRQHandler
                0x0000000008005258                DMA2_Channel4_IRQHandler
                0x0000000008005258                TIM3_IRQHandler
                0x0000000008005258                RCC_IRQHandler
                0x0000000008005258                Default_Handler
                0x0000000008005258                DMA2_Channel7_IRQHandler
                0x0000000008005258                EXTI15_10_IRQHandler
                0x0000000008005258                TIM7_IRQHandler
                0x0000000008005258                SDMMC1_IRQHandler
                0x0000000008005258                TIM5_IRQHandler
                0x0000000008005258                I2C3_EV_IRQHandler
                0x0000000008005258                EXTI9_5_IRQHandler
                0x0000000008005258                RTC_WKUP_IRQHandler
                0x0000000008005258                PVD_PVM_IRQHandler
                0x0000000008005258                SPI2_IRQHandler
                0x0000000008005258                MemManage_Handler
                0x0000000008005258                CAN1_TX_IRQHandler
                0x0000000008005258                SVC_Handler
                0x0000000008005258                DMA2_Channel5_IRQHandler
                0x0000000008005258                DMA1_Channel5_IRQHandler
                0x0000000008005258                EXTI4_IRQHandler
                0x0000000008005258                RNG_IRQHandler
                0x0000000008005258                TIM1_TRG_COM_TIM17_IRQHandler
                0x0000000008005258                DMA1_Channel3_IRQHandler
                0x0000000008005258                COMP_IRQHandler
                0x0000000008005258                WWDG_IRQHandler
                0x0000000008005258                LPUART1_IRQHandler
                0x0000000008005258                DMA2_Channel6_IRQHandler
                0x0000000008005258                TIM2_IRQHandler
                0x0000000008005258                EXTI1_IRQHandler
                0x0000000008005258                USART2_IRQHandler
                0x0000000008005258                DFSDM1_FLT0_IRQHandler
                0x0000000008005258                I2C2_ER_IRQHandler
                0x0000000008005258                DMA1_Channel2_IRQHandler
                0x0000000008005258                TIM8_BRK_IRQHandler
                0x0000000008005258                CAN1_SCE_IRQHandler
                0x0000000008005258                FLASH_IRQHandler
                0x0000000008005258                BusFault_Handler
                0x0000000008005258                USART1_IRQHandler
                0x0000000008005258                OTG_FS_IRQHandler
                0x0000000008005258                SPI3_IRQHandler
                0x0000000008005258                I2C1_ER_IRQHandler
                0x0000000008005258                FMC_IRQHandler
                0x0000000008005258                SWPMI1_IRQHandler
                0x0000000008005258                LPTIM1_IRQHandler
                0x0000000008005258                SAI1_IRQHandler
                0x0000000008005258                DMA2_Channel3_IRQHandler
                0x0000000008005258                RTC_Alarm_IRQHandler
 *fill*         0x000000000800525a        0x2 
 .text.__libc_init_array
                0x000000000800525c       0x4c /usr/local/Cellar/gcc-arm-none-eabi-49/20150925/bin/../lib/gcc/arm-none-eabi/4.9.3/../../../../arm-none-eabi/lib/armv7e-m/fpu/libc_nano.a(lib_a-init.o)
                0x000000000800525c                __libc_init_array
 .text.memset   0x00000000080052a8       0x10 /usr/local/Cellar/gcc-arm-none-eabi-49/20150925/bin/../lib/gcc/arm-none-eabi/4.9.3/../../../../arm-none-eabi/lib/armv7e-m/fpu/libc_nano.a(lib_a-memset.o)
                0x00000000080052a8                memset
 .text.__cvt    0x00000000080052b8       0xc4 /usr/local/Cellar/gcc-arm-none-eabi-49/20150925/bin/../lib/gcc/arm-none-eabi/4.9.3/../../../../arm-none-eabi/lib/armv7e-m/fpu/libc_nano.a(lib_a-nano-vfprintf_float.o)
                0x00000000080052b8                __cvt
 .text.__exponent
                0x000000000800537c       0x60 /usr/local/Cellar/gcc-arm-none-eabi-49/20150925/bin/../lib/gcc/arm-none-eabi/4.9.3/../../../../arm-none-eabi/lib/armv7e-m/fpu/libc_nano.a(lib_a-nano-vfprintf_float.o)
                0x000000000800537c                __exponent
 .text._printf_float
                0x00000000080053dc      0x47c /usr/local/Cellar/gcc-arm-none-eabi-49/20150925/bin/../lib/gcc/arm-none-eabi/4.9.3/../../../../arm-none-eabi/lib/armv7e-m/fpu/libc_nano.a(lib_a-nano-vfprintf_float.o)
                0x00000000080053dc                _printf_float
 .text._printf_common
                0x0000000008005858       0xea /usr/local/Cellar/gcc-arm-none-eabi-49/20150925/bin/../lib/gcc/arm-none-eabi/4.9.3/../../../../arm-none-eabi/lib/armv7e-m/fpu/libc_nano.a(lib_a-nano-vfprintf_i.o)
                0x0000000008005858                _printf_common
 *fill*         0x0000000008005942        0x2 
 .text._printf_i
                0x0000000008005944      0x240 /usr/local/Cellar/gcc-arm-none-eabi-49/20150925/bin/../lib/gcc/arm-none-eabi/4.9.3/../../../../arm-none-eabi/lib/armv7e-m/fpu/libc_nano.a(lib_a-nano-vfprintf_i.o)
                0x0000000008005944                _printf_i
 .text.__fpclassifyd
                0x0000000008005b84       0x58 /usr/local/Cellar/gcc-arm-none-eabi-49/20150925/bin/../lib/gcc/arm-none-eabi/4.9.3/../../../../arm-none-eabi/lib/armv7e-m/fpu/libc_nano.a(lib_a-s_fpclassify.o)
                0x0000000008005b84                __fpclassifyd
 .text.sprintf  0x0000000008005bdc       0x48 /usr/local/Cellar/gcc-arm-none-eabi-49/20150925/bin/../lib/gcc/arm-none-eabi/4.9.3/../../../../arm-none-eabi/lib/armv7e-m/fpu/libc_nano.a(lib_a-sprintf.o)
                0x0000000008005bdc                sprintf
                0x0000000008005bdc                siprintf
 .text.strlen   0x0000000008005c24       0x10 /usr/local/Cellar/gcc-arm-none-eabi-49/20150925/bin/../lib/gcc/arm-none-eabi/4.9.3/../../../../arm-none-eabi/lib/armv7e-m/fpu/libc_nano.a(lib_a-strlen.o)
                0x0000000008005c24                strlen
 .text.quorem   0x0000000008005c34      0x11a /usr/local/Cellar/gcc-arm-none-eabi-49/20150925/bin/../lib/gcc/arm-none-eabi/4.9.3/../../../../arm-none-eabi/lib/armv7e-m/fpu/libc_nano.a(lib_a-dtoa.o)
 *fill*         0x0000000008005d4e        0x2 
 .text._dtoa_r  0x0000000008005d50      0xb80 /usr/local/Cellar/gcc-arm-none-eabi-49/20150925/bin/../lib/gcc/arm-none-eabi/4.9.3/../../../../arm-none-eabi/lib/armv7e-m/fpu/libc_nano.a(lib_a-dtoa.o)
                0x0000000008005d50                _dtoa_r
 .text._localeconv_r
                0x00000000080068d0        0x8 /usr/local/Cellar/gcc-arm-none-eabi-49/20150925/bin/../lib/gcc/arm-none-eabi/4.9.3/../../../../arm-none-eabi/lib/armv7e-m/fpu/libc_nano.a(lib_a-locale.o)
                0x00000000080068d0                _localeconv_r
 .text.malloc   0x00000000080068d8       0x10 /usr/local/Cellar/gcc-arm-none-eabi-49/20150925/bin/../lib/gcc/arm-none-eabi/4.9.3/../../../../arm-none-eabi/lib/armv7e-m/fpu/libc_nano.a(lib_a-malloc.o)
                0x00000000080068d8                malloc
 .text.memchr   0x00000000080068e8       0x1e /usr/local/Cellar/gcc-arm-none-eabi-49/20150925/bin/../lib/gcc/arm-none-eabi/4.9.3/../../../../arm-none-eabi/lib/armv7e-m/fpu/libc_nano.a(lib_a-memchr.o)
                0x00000000080068e8                memchr
 .text.memcpy   0x0000000008006906       0x16 /usr/local/Cellar/gcc-arm-none-eabi-49/20150925/bin/../lib/gcc/arm-none-eabi/4.9.3/../../../../arm-none-eabi/lib/armv7e-m/fpu/libc_nano.a(lib_a-memcpy.o)
                0x0000000008006906                memcpy
 .text._Balloc  0x000000000800691c       0x6a /usr/local/Cellar/gcc-arm-none-eabi-49/20150925/bin/../lib/gcc/arm-none-eabi/4.9.3/../../../../arm-none-eabi/lib/armv7e-m/fpu/libc_nano.a(lib_a-mprec.o)
                0x000000000800691c                _Balloc
 .text._Bfree   0x0000000008006986       0x2e /usr/local/Cellar/gcc-arm-none-eabi-49/20150925/bin/../lib/gcc/arm-none-eabi/4.9.3/../../../../arm-none-eabi/lib/armv7e-m/fpu/libc_nano.a(lib_a-mprec.o)
                0x0000000008006986                _Bfree
 .text.__multadd
                0x00000000080069b4       0x7c /usr/local/Cellar/gcc-arm-none-eabi-49/20150925/bin/../lib/gcc/arm-none-eabi/4.9.3/../../../../arm-none-eabi/lib/armv7e-m/fpu/libc_nano.a(lib_a-mprec.o)
                0x00000000080069b4                __multadd
 .text.__hi0bits
                0x0000000008006a30       0x40 /usr/local/Cellar/gcc-arm-none-eabi-49/20150925/bin/../lib/gcc/arm-none-eabi/4.9.3/../../../../arm-none-eabi/lib/armv7e-m/fpu/libc_nano.a(lib_a-mprec.o)
                0x0000000008006a30                __hi0bits
 .text.__lo0bits
                0x0000000008006a70       0x5a /usr/local/Cellar/gcc-arm-none-eabi-49/20150925/bin/../lib/gcc/arm-none-eabi/4.9.3/../../../../arm-none-eabi/lib/armv7e-m/fpu/libc_nano.a(lib_a-mprec.o)
                0x0000000008006a70                __lo0bits
 .text.__i2b    0x0000000008006aca       0x12 /usr/local/Cellar/gcc-arm-none-eabi-49/20150925/bin/../lib/gcc/arm-none-eabi/4.9.3/../../../../arm-none-eabi/lib/armv7e-m/fpu/libc_nano.a(lib_a-mprec.o)
                0x0000000008006aca                __i2b
 .text.__multiply
                0x0000000008006adc      0x122 /usr/local/Cellar/gcc-arm-none-eabi-49/20150925/bin/../lib/gcc/arm-none-eabi/4.9.3/../../../../arm-none-eabi/lib/armv7e-m/fpu/libc_nano.a(lib_a-mprec.o)
                0x0000000008006adc                __multiply
 *fill*         0x0000000008006bfe        0x2 
 .text.__pow5mult
                0x0000000008006c00       0x9c /usr/local/Cellar/gcc-arm-none-eabi-49/20150925/bin/../lib/gcc/arm-none-eabi/4.9.3/../../../../arm-none-eabi/lib/armv7e-m/fpu/libc_nano.a(lib_a-mprec.o)
                0x0000000008006c00                __pow5mult
 .text.__lshift
                0x0000000008006c9c       0xa6 /usr/local/Cellar/gcc-arm-none-eabi-49/20150925/bin/../lib/gcc/arm-none-eabi/4.9.3/../../../../arm-none-eabi/lib/armv7e-m/fpu/libc_nano.a(lib_a-mprec.o)
                0x0000000008006c9c                __lshift
 .text.__mcmp   0x0000000008006d42       0x38 /usr/local/Cellar/gcc-arm-none-eabi-49/20150925/bin/../lib/gcc/arm-none-eabi/4.9.3/../../../../arm-none-eabi/lib/armv7e-m/fpu/libc_nano.a(lib_a-mprec.o)
                0x0000000008006d42                __mcmp
 .text.__mdiff  0x0000000008006d7a       0xbe /usr/local/Cellar/gcc-arm-none-eabi-49/20150925/bin/../lib/gcc/arm-none-eabi/4.9.3/../../../../arm-none-eabi/lib/armv7e-m/fpu/libc_nano.a(lib_a-mprec.o)
                0x0000000008006d7a                __mdiff
 .text.__d2b    0x0000000008006e38       0xa4 /usr/local/Cellar/gcc-arm-none-eabi-49/20150925/bin/../lib/gcc/arm-none-eabi/4.9.3/../../../../arm-none-eabi/lib/armv7e-m/fpu/libc_nano.a(lib_a-mprec.o)
                0x0000000008006e38                __d2b
 .text._calloc_r
                0x0000000008006edc       0x1c /usr/local/Cellar/gcc-arm-none-eabi-49/20150925/bin/../lib/gcc/arm-none-eabi/4.9.3/../../../../arm-none-eabi/lib/armv7e-m/fpu/libc_nano.a(lib_a-nano-callocr.o)
                0x0000000008006edc                _calloc_r
 .text._free_r  0x0000000008006ef8       0x88 /usr/local/Cellar/gcc-arm-none-eabi-49/20150925/bin/../lib/gcc/arm-none-eabi/4.9.3/../../../../arm-none-eabi/lib/armv7e-m/fpu/libc_nano.a(lib_a-nano-freer.o)
                0x0000000008006ef8                _free_r
 .text._malloc_r
                0x0000000008006f80       0xac /usr/local/Cellar/gcc-arm-none-eabi-49/20150925/bin/../lib/gcc/arm-none-eabi/4.9.3/../../../../arm-none-eabi/lib/armv7e-m/fpu/libc_nano.a(lib_a-nano-mallocr.o)
                0x0000000008006f80                _malloc_r
 .text.__ssputs_r
                0x000000000800702c       0xb2 /usr/local/Cellar/gcc-arm-none-eabi-49/20150925/bin/../lib/gcc/arm-none-eabi/4.9.3/../../../../arm-none-eabi/lib/armv7e-m/fpu/libc_nano.a(lib_a-nano-svfprintf.o)
                0x000000000800702c                __ssputs_r
 *fill*         0x00000000080070de        0x2 
 .text._svfprintf_r
                0x00000000080070e0      0x1e4 /usr/local/Cellar/gcc-arm-none-eabi-49/20150925/bin/../lib/gcc/arm-none-eabi/4.9.3/../../../../arm-none-eabi/lib/armv7e-m/fpu/libc_nano.a(lib_a-nano-svfprintf.o)
                0x00000000080070e0                _svfprintf_r
                0x00000000080070e0                _svfiprintf_r
 .text._sbrk_r  0x00000000080072c4       0x20 /usr/local/Cellar/gcc-arm-none-eabi-49/20150925/bin/../lib/gcc/arm-none-eabi/4.9.3/../../../../arm-none-eabi/lib/armv7e-m/fpu/libc_nano.a(lib_a-sbrkr.o)
                0x00000000080072c4                _sbrk_r
 .text.memmove  0x00000000080072e4       0x36 /usr/local/Cellar/gcc-arm-none-eabi-49/20150925/bin/../lib/gcc/arm-none-eabi/4.9.3/../../../../arm-none-eabi/lib/armv7e-m/fpu/libc_nano.a(lib_a-memmove.o)
                0x00000000080072e4                memmove
 .text._realloc_r
                0x000000000800731a       0x4c /usr/local/Cellar/gcc-arm-none-eabi-49/20150925/bin/../lib/gcc/arm-none-eabi/4.9.3/../../../../arm-none-eabi/lib/armv7e-m/fpu/libc_nano.a(lib_a-nano-reallocr.o)
                0x000000000800731a                _realloc_r
 .text._malloc_usable_size_r
                0x0000000008007366       0x14 /usr/local/Cellar/gcc-arm-none-eabi-49/20150925/bin/../lib/gcc/arm-none-eabi/4.9.3/../../../../arm-none-eabi/lib/armv7e-m/fpu/libc_nano.a(lib_a-nano-msizer.o)
                0x0000000008007366                _malloc_usable_size_r
 *fill*         0x000000000800737a        0x2 
 .text.sqrtf    0x000000000800737c       0xb8 /usr/local/Cellar/gcc-arm-none-eabi-49/20150925/bin/../lib/gcc/arm-none-eabi/4.9.3/../../../../arm-none-eabi/lib/armv7e-m/fpu/libm.a(lib_a-wf_sqrt.o)
                0x000000000800737c                sqrtf
 .text.__ieee754_sqrtf
                0x0000000008007434       0xa4 /usr/local/Cellar/gcc-arm-none-eabi-49/20150925/bin/../lib/gcc/arm-none-eabi/4.9.3/../../../../arm-none-eabi/lib/armv7e-m/fpu/libm.a(lib_a-ef_sqrt.o)
                0x0000000008007434                __ieee754_sqrtf
 .text.matherr  0x00000000080074d8        0x4 /usr/local/Cellar/gcc-arm-none-eabi-49/20150925/bin/../lib/gcc/arm-none-eabi/4.9.3/../../../../arm-none-eabi/lib/armv7e-m/fpu/libm.a(lib_a-s_matherr.o)
                0x00000000080074d8                matherr
 .text.__fpclassifyf
                0x00000000080074dc       0x38 /usr/local/Cellar/gcc-arm-none-eabi-49/20150925/bin/../lib/gcc/arm-none-eabi/4.9.3/../../../../arm-none-eabi/lib/armv7e-m/fpu/libm.a(lib_a-sf_fpclassify.o)
                0x00000000080074dc                __fpclassifyf
 .text._sbrk    0x0000000008007514       0x1c /usr/local/Cellar/gcc-arm-none-eabi-49/20150925/bin/../lib/gcc/arm-none-eabi/4.9.3/../../../../arm-none-eabi/lib/armv7e-m/fpu/libnosys.a(sbrk.o)
                0x0000000008007514                _sbrk
 .text.__errno  0x0000000008007530        0xc /usr/local/Cellar/gcc-arm-none-eabi-49/20150925/bin/../lib/gcc/arm-none-eabi/4.9.3/../../../../arm-none-eabi/lib/armv7e-m/fpu/libc_nano.a(lib_a-errno.o)
                0x0000000008007530                __errno
 *(.glue_7)
 .glue_7        0x0000000000000000        0x0 linker stubs
 *(.glue_7t)
 .glue_7t       0x0000000000000000        0x0 linker stubs
 *(.eh_frame)
 .eh_frame      0x000000000800753c        0x0 /usr/local/Cellar/gcc-arm-none-eabi-49/20150925/bin/../lib/gcc/arm-none-eabi/4.9.3/armv7e-m/fpu/crtbegin.o
 *(.init)
 .init          0x000000000800753c        0x4 /usr/local/Cellar/gcc-arm-none-eabi-49/20150925/bin/../lib/gcc/arm-none-eabi/4.9.3/armv7e-m/fpu/crti.o
                0x000000000800753c                _init
 .init          0x0000000008007540        0x8 /usr/local/Cellar/gcc-arm-none-eabi-49/20150925/bin/../lib/gcc/arm-none-eabi/4.9.3/armv7e-m/fpu/crtn.o
 *(.fini)
 .fini          0x0000000008007548        0x4 /usr/local/Cellar/gcc-arm-none-eabi-49/20150925/bin/../lib/gcc/arm-none-eabi/4.9.3/armv7e-m/fpu/crti.o
                0x0000000008007548                _fini
 .fini          0x000000000800754c        0x8 /usr/local/Cellar/gcc-arm-none-eabi-49/20150925/bin/../lib/gcc/arm-none-eabi/4.9.3/armv7e-m/fpu/crtn.o
                0x0000000008007558                . = ALIGN (0x8)
 *fill*         0x0000000008007554        0x4 
                0x0000000008007558                _etext = .

.vfp11_veneer   0x0000000008007558        0x0
 .vfp11_veneer  0x0000000000000000        0x0 linker stubs

.v4_bx          0x0000000008007558        0x0
 .v4_bx         0x0000000000000000        0x0 linker stubs

.iplt           0x0000000008007558        0x0
 .iplt          0x0000000000000000        0x0 /usr/local/Cellar/gcc-arm-none-eabi-49/20150925/bin/../lib/gcc/arm-none-eabi/4.9.3/armv7e-m/fpu/crtbegin.o

.rodata         0x0000000008007558      0xfd0
                0x0000000008007558                . = ALIGN (0x8)
 *(.rodata)
 .rodata        0x0000000008007558       0x28 build/noteDetect.o
 *(.rodata*)
 .rodata.Font11x18
                0x0000000008007580      0xd5c build/fonts.o
 .rodata.str1.4
                0x00000000080082dc       0x13 build/main.o
 *fill*         0x00000000080082ef        0x1 
 .rodata.str1.4
                0x00000000080082f0        0xc build/opamp.o
 .rodata.str1.4
                0x00000000080082fc        0xa build/adc.o
 *fill*         0x0000000008008306        0x2 
 .rodata.str1.4
                0x0000000008008308       0x69 build/noteDetect.o
 *fill*         0x0000000008008371        0x3 
 .rodata.str1.4
                0x0000000008008374        0xa build/i2c.o
 *fill*         0x000000000800837e        0x2 
 .rodata.AHBPrescTable
                0x0000000008008380       0x10 build/system_stm32l4xx.o
                0x0000000008008380                AHBPrescTable
 .rodata.MSIRangeTable
                0x0000000008008390       0x30 build/system_stm32l4xx.o
                0x0000000008008390                MSIRangeTable
 .rodata.str1.1
                0x00000000080083c0        0x2 /usr/local/Cellar/gcc-arm-none-eabi-49/20150925/bin/../lib/gcc/arm-none-eabi/4.9.3/../../../../arm-none-eabi/lib/armv7e-m/fpu/libc_nano.a(lib_a-impure.o)
 .rodata.str1.1
                0x00000000080083c2       0x12 /usr/local/Cellar/gcc-arm-none-eabi-49/20150925/bin/../lib/gcc/arm-none-eabi/4.9.3/../../../../arm-none-eabi/lib/armv7e-m/fpu/libc_nano.a(lib_a-nano-vfprintf_float.o)
 .rodata.str1.1
                0x00000000080083d4       0x22 /usr/local/Cellar/gcc-arm-none-eabi-49/20150925/bin/../lib/gcc/arm-none-eabi/4.9.3/../../../../arm-none-eabi/lib/armv7e-m/fpu/libc_nano.a(lib_a-nano-vfprintf_i.o)
 .rodata.str1.1
                0x00000000080083f6        0xd /usr/local/Cellar/gcc-arm-none-eabi-49/20150925/bin/../lib/gcc/arm-none-eabi/4.9.3/../../../../arm-none-eabi/lib/armv7e-m/fpu/libc_nano.a(lib_a-dtoa.o)
                                          0xf (size before relaxing)
 .rodata.str1.1
                0x0000000008008403        0x8 /usr/local/Cellar/gcc-arm-none-eabi-49/20150925/bin/../lib/gcc/arm-none-eabi/4.9.3/../../../../arm-none-eabi/lib/armv7e-m/fpu/libc_nano.a(lib_a-locale.o)
                                          0xb (size before relaxing)
 *fill*         0x000000000800840b        0x5 
 .rodata.__mprec_tens
                0x0000000008008410       0xc8 /usr/local/Cellar/gcc-arm-none-eabi-49/20150925/bin/../lib/gcc/arm-none-eabi/4.9.3/../../../../arm-none-eabi/lib/armv7e-m/fpu/libc_nano.a(lib_a-mprec.o)
                0x0000000008008410                __mprec_tens
 .rodata.__mprec_bigtens
                0x00000000080084d8       0x28 /usr/local/Cellar/gcc-arm-none-eabi-49/20150925/bin/../lib/gcc/arm-none-eabi/4.9.3/../../../../arm-none-eabi/lib/armv7e-m/fpu/libc_nano.a(lib_a-mprec.o)
                0x00000000080084d8                __mprec_bigtens
 .rodata.p05.5314
                0x0000000008008500        0xc /usr/local/Cellar/gcc-arm-none-eabi-49/20150925/bin/../lib/gcc/arm-none-eabi/4.9.3/../../../../arm-none-eabi/lib/armv7e-m/fpu/libc_nano.a(lib_a-mprec.o)
 .rodata.str1.1
                0x000000000800850c       0x11 /usr/local/Cellar/gcc-arm-none-eabi-49/20150925/bin/../lib/gcc/arm-none-eabi/4.9.3/../../../../arm-none-eabi/lib/armv7e-m/fpu/libc_nano.a(lib_a-nano-svfprintf.o)
 *fill*         0x000000000800851d        0x3 
 .rodata.str1.4
                0x0000000008008520        0x8 /usr/local/Cellar/gcc-arm-none-eabi-49/20150925/bin/../lib/gcc/arm-none-eabi/4.9.3/../../../../arm-none-eabi/lib/armv7e-m/fpu/libm.a(lib_a-wf_sqrt.o)
                                          0x6 (size before relaxing)
                0x0000000008008528                . = ALIGN (0x8)

.rel.dyn        0x0000000008008528        0x0
 .rel.iplt      0x0000000000000000        0x0 /usr/local/Cellar/gcc-arm-none-eabi-49/20150925/bin/../lib/gcc/arm-none-eabi/4.9.3/armv7e-m/fpu/crtbegin.o

.ARM.extab      0x0000000008008528        0x0
                0x0000000008008528                . = ALIGN (0x8)
 *(.ARM.extab* .gnu.linkonce.armextab.*)
                0x0000000008008528                . = ALIGN (0x8)

.ARM            0x0000000008008528        0x0
                0x0000000008008528                . = ALIGN (0x8)
                0x0000000008008528                __exidx_start = .
 *(.ARM.exidx*)
                0x0000000008008528                __exidx_end = .
                0x0000000008008528                . = ALIGN (0x8)

.preinit_array  0x0000000008008528        0x0
                0x0000000008008528                . = ALIGN (0x8)
                0x0000000008008528                PROVIDE (__preinit_array_start, .)
 *(.preinit_array*)
                0x0000000008008528                PROVIDE (__preinit_array_end, .)
                0x0000000008008528                . = ALIGN (0x8)

.init_array     0x0000000008008528        0x8
                0x0000000008008528                . = ALIGN (0x8)
                0x0000000008008528                PROVIDE (__init_array_start, .)
 *(SORT(.init_array.*))
 *(.init_array*)
 .init_array    0x0000000008008528        0x4 /usr/local/Cellar/gcc-arm-none-eabi-49/20150925/bin/../lib/gcc/arm-none-eabi/4.9.3/armv7e-m/fpu/crtbegin.o
                0x000000000800852c                PROVIDE (__init_array_end, .)
                0x0000000008008530                . = ALIGN (0x8)
 *fill*         0x000000000800852c        0x4 

.fini_array     0x0000000008008530        0x8
                0x0000000008008530                . = ALIGN (0x8)
                0x0000000008008530                PROVIDE (__fini_array_start, .)
 *(SORT(.fini_array.*))
 *(.fini_array*)
 .fini_array    0x0000000008008530        0x4 /usr/local/Cellar/gcc-arm-none-eabi-49/20150925/bin/../lib/gcc/arm-none-eabi/4.9.3/armv7e-m/fpu/crtbegin.o
                0x0000000008008534                PROVIDE (__fini_array_end, .)
                0x0000000008008538                . = ALIGN (0x8)
 *fill*         0x0000000008008534        0x4 
                0x0000000008008538                _sidata = LOADADDR (.data)

.data           0x0000000020000000       0xb8 load address 0x0000000008008538
                0x0000000020000000                . = ALIGN (0x8)
                0x0000000020000000                _sdata = .
 *(.data)
 *(.data*)
 .data.Font_11x18
                0x0000000020000000        0x8 build/fonts.o
                0x0000000020000000                Font_11x18
 .data.pReadyWrite
                0x0000000020000008        0x4 build/main.o
                0x0000000020000008                pReadyWrite
 .data.pReadyProcess
                0x000000002000000c        0x4 build/main.o
                0x000000002000000c                pReadyProcess
 .data.SystemCoreClock
                0x0000000020000010        0x4 build/system_stm32l4xx.o
                0x0000000020000010                SystemCoreClock
 .data.impure_data
                0x0000000020000014       0x60 /usr/local/Cellar/gcc-arm-none-eabi-49/20150925/bin/../lib/gcc/arm-none-eabi/4.9.3/../../../../arm-none-eabi/lib/armv7e-m/fpu/libc_nano.a(lib_a-impure.o)
 .data._impure_ptr
                0x0000000020000074        0x4 /usr/local/Cellar/gcc-arm-none-eabi-49/20150925/bin/../lib/gcc/arm-none-eabi/4.9.3/../../../../arm-none-eabi/lib/armv7e-m/fpu/libc_nano.a(lib_a-impure.o)
                0x0000000020000074                _impure_ptr
 .data.lconv    0x0000000020000078       0x38 /usr/local/Cellar/gcc-arm-none-eabi-49/20150925/bin/../lib/gcc/arm-none-eabi/4.9.3/../../../../arm-none-eabi/lib/armv7e-m/fpu/libc_nano.a(lib_a-locale.o)
 .data.__fdlib_version
                0x00000000200000b0        0x1 /usr/local/Cellar/gcc-arm-none-eabi-49/20150925/bin/../lib/gcc/arm-none-eabi/4.9.3/../../../../arm-none-eabi/lib/armv7e-m/fpu/libm.a(lib_a-s_lib_ver.o)
                0x00000000200000b0                __fdlib_version
                0x00000000200000b8                . = ALIGN (0x8)
 *fill*         0x00000000200000b1        0x7 
                0x00000000200000b8                _edata = .

.jcr            0x00000000200000b8        0x0 load address 0x00000000080085f0
 .jcr           0x00000000200000b8        0x0 /usr/local/Cellar/gcc-arm-none-eabi-49/20150925/bin/../lib/gcc/arm-none-eabi/4.9.3/armv7e-m/fpu/crtbegin.o

.igot.plt       0x00000000200000b8        0x0 load address 0x00000000080085f0
 .igot.plt      0x0000000000000000        0x0 /usr/local/Cellar/gcc-arm-none-eabi-49/20150925/bin/../lib/gcc/arm-none-eabi/4.9.3/armv7e-m/fpu/crtbegin.o
                0x00000000200000b8                . = ALIGN (0x4)

.bss            0x00000000200000b8     0x24ac load address 0x00000000080085f0
                0x00000000200000b8                _sbss = .
                0x00000000200000b8                __bss_start__ = _sbss
 *(.bss)
 .bss           0x00000000200000b8       0x1c /usr/local/Cellar/gcc-arm-none-eabi-49/20150925/bin/../lib/gcc/arm-none-eabi/4.9.3/armv7e-m/fpu/crtbegin.o
 *(.bss*)
 .bss.SSD1306_Buffer
                0x00000000200000d4      0x400 build/ssd1306.o
 .bss.SSD1306   0x00000000200004d4        0x6 build/ssd1306.o
 *fill*         0x00000000200004da        0x2 
 .bss.ADC_DMA_DONE
                0x00000000200004dc        0x4 build/main.o
                0x00000000200004dc                ADC_DMA_DONE
 .bss.__malloc_sbrk_start
                0x00000000200004e0        0x4 /usr/local/Cellar/gcc-arm-none-eabi-49/20150925/bin/../lib/gcc/arm-none-eabi/4.9.3/../../../../arm-none-eabi/lib/armv7e-m/fpu/libc_nano.a(lib_a-nano-mallocr.o)
                0x00000000200004e0                __malloc_sbrk_start
 .bss.__malloc_free_list
                0x00000000200004e4        0x4 /usr/local/Cellar/gcc-arm-none-eabi-49/20150925/bin/../lib/gcc/arm-none-eabi/4.9.3/../../../../arm-none-eabi/lib/armv7e-m/fpu/libc_nano.a(lib_a-nano-mallocr.o)
                0x00000000200004e4                __malloc_free_list
 .bss.heap_end.4079
                0x00000000200004e8        0x4 /usr/local/Cellar/gcc-arm-none-eabi-49/20150925/bin/../lib/gcc/arm-none-eabi/4.9.3/../../../../arm-none-eabi/lib/armv7e-m/fpu/libnosys.a(sbrk.o)
 *(COMMON)
 COMMON         0x00000000200004ec     0x1f40 build/main.o
                0x00000000200004ec                Buffer_Pong
                0x000000002000148c                Buffer_Ping
 COMMON         0x000000002000242c       0x34 build/opamp.o
                0x000000002000242c                hopamp1
 COMMON         0x0000000020002460       0xb0 build/adc.o
                0x0000000020002460                hadc1
                0x00000000200024c8                hdma_adc1
 COMMON         0x0000000020002510       0x4c build/i2c.o
                0x0000000020002510                hi2c1
 COMMON         0x000000002000255c        0x4 build/stm32l4xx_hal.o
                0x000000002000255c                uwTick
 COMMON         0x0000000020002560        0x4 /usr/local/Cellar/gcc-arm-none-eabi-49/20150925/bin/../lib/gcc/arm-none-eabi/4.9.3/../../../../arm-none-eabi/lib/armv7e-m/fpu/libc_nano.a(lib_a-reent.o)
                0x0000000020002560                errno
                0x0000000020002564                . = ALIGN (0x4)
                0x0000000020002564                _ebss = .
                0x0000000020002564                __bss_end__ = _ebss

._user_heap_stack
                0x0000000020002564      0x604 load address 0x00000000080085f0
                0x0000000020002568                . = ALIGN (0x8)
 *fill*         0x0000000020002564        0x4 
                0x0000000020002568                PROVIDE (end, .)
                0x0000000020002568                PROVIDE (_end, .)
                0x0000000020002768                . = (. + _Min_Heap_Size)
 *fill*         0x0000000020002568      0x200 
                0x0000000020002b68                . = (. + _Min_Stack_Size)
 *fill*         0x0000000020002768      0x400 
                0x0000000020002b68                . = ALIGN (0x8)

/DISCARD/
 libc.a(*)
 libm.a(*)
 libgcc.a(*)

.ARM.attributes
                0x0000000000000000       0x30
 *(.ARM.attributes)
 .ARM.attributes
                0x0000000000000000       0x22 /usr/local/Cellar/gcc-arm-none-eabi-49/20150925/bin/../lib/gcc/arm-none-eabi/4.9.3/armv7e-m/fpu/crti.o
 .ARM.attributes
                0x0000000000000022       0x34 /usr/local/Cellar/gcc-arm-none-eabi-49/20150925/bin/../lib/gcc/arm-none-eabi/4.9.3/armv7e-m/fpu/crtbegin.o
 .ARM.attributes
                0x0000000000000056       0x39 build/ADCsrc.o
 .ARM.attributes
                0x000000000000008f       0x39 build/ssd1306.o
 .ARM.attributes
                0x00000000000000c8       0x39 build/fonts.o
 .ARM.attributes
                0x0000000000000101       0x39 build/main.o
 .ARM.attributes
                0x000000000000013a       0x39 build/gpio.o
 .ARM.attributes
                0x0000000000000173       0x39 build/opamp.o
 .ARM.attributes
                0x00000000000001ac       0x39 build/adc.o
 .ARM.attributes
                0x00000000000001e5       0x39 build/noteDetect.o
 .ARM.attributes
                0x000000000000021e       0x39 build/i2c.o
 .ARM.attributes
                0x0000000000000257       0x39 build/stm32l4xx_it.o
 .ARM.attributes
                0x0000000000000290       0x39 build/stm32l4xx_hal_msp.o
 .ARM.attributes
                0x00000000000002c9       0x39 build/stm32l4xx_hal_opamp.o
 .ARM.attributes
                0x0000000000000302       0x39 build/stm32l4xx_hal_adc.o
 .ARM.attributes
                0x000000000000033b       0x39 build/stm32l4xx_hal_adc_ex.o
 .ARM.attributes
                0x0000000000000374       0x39 build/stm32l4xx_hal.o
 .ARM.attributes
                0x00000000000003ad       0x39 build/stm32l4xx_hal_i2c.o
 .ARM.attributes
                0x00000000000003e6       0x39 build/stm32l4xx_hal_i2c_ex.o
 .ARM.attributes
                0x000000000000041f       0x39 build/stm32l4xx_hal_rcc.o
 .ARM.attributes
                0x0000000000000458       0x39 build/stm32l4xx_hal_gpio.o
 .ARM.attributes
                0x0000000000000491       0x39 build/stm32l4xx_hal_dma.o
 .ARM.attributes
                0x00000000000004ca       0x39 build/stm32l4xx_hal_pwr_ex.o
 .ARM.attributes
                0x0000000000000503       0x39 build/stm32l4xx_hal_cortex.o
 .ARM.attributes
                0x000000000000053c       0x39 build/system_stm32l4xx.o
 .ARM.attributes
                0x0000000000000575       0x21 build/startup_stm32l476xx.o
 .ARM.attributes
                0x0000000000000596       0x34 /usr/local/Cellar/gcc-arm-none-eabi-49/20150925/bin/../lib/gcc/arm-none-eabi/4.9.3/../../../../arm-none-eabi/lib/armv7e-m/fpu/libc_nano.a(lib_a-impure.o)
 .ARM.attributes
                0x00000000000005ca       0x34 /usr/local/Cellar/gcc-arm-none-eabi-49/20150925/bin/../lib/gcc/arm-none-eabi/4.9.3/../../../../arm-none-eabi/lib/armv7e-m/fpu/libc_nano.a(lib_a-init.o)
 .ARM.attributes
                0x00000000000005fe       0x34 /usr/local/Cellar/gcc-arm-none-eabi-49/20150925/bin/../lib/gcc/arm-none-eabi/4.9.3/../../../../arm-none-eabi/lib/armv7e-m/fpu/libc_nano.a(lib_a-memset.o)
 .ARM.attributes
                0x0000000000000632       0x34 /usr/local/Cellar/gcc-arm-none-eabi-49/20150925/bin/../lib/gcc/arm-none-eabi/4.9.3/../../../../arm-none-eabi/lib/armv7e-m/fpu/libc_nano.a(lib_a-nano-vfprintf_float.o)
 .ARM.attributes
                0x0000000000000666       0x34 /usr/local/Cellar/gcc-arm-none-eabi-49/20150925/bin/../lib/gcc/arm-none-eabi/4.9.3/../../../../arm-none-eabi/lib/armv7e-m/fpu/libc_nano.a(lib_a-nano-vfprintf_i.o)
 .ARM.attributes
                0x000000000000069a       0x34 /usr/local/Cellar/gcc-arm-none-eabi-49/20150925/bin/../lib/gcc/arm-none-eabi/4.9.3/../../../../arm-none-eabi/lib/armv7e-m/fpu/libc_nano.a(lib_a-s_fpclassify.o)
 .ARM.attributes
                0x00000000000006ce       0x34 /usr/local/Cellar/gcc-arm-none-eabi-49/20150925/bin/../lib/gcc/arm-none-eabi/4.9.3/../../../../arm-none-eabi/lib/armv7e-m/fpu/libc_nano.a(lib_a-sprintf.o)
 .ARM.attributes
                0x0000000000000702       0x34 /usr/local/Cellar/gcc-arm-none-eabi-49/20150925/bin/../lib/gcc/arm-none-eabi/4.9.3/../../../../arm-none-eabi/lib/armv7e-m/fpu/libc_nano.a(lib_a-strlen.o)
 .ARM.attributes
                0x0000000000000736       0x34 /usr/local/Cellar/gcc-arm-none-eabi-49/20150925/bin/../lib/gcc/arm-none-eabi/4.9.3/../../../../arm-none-eabi/lib/armv7e-m/fpu/libc_nano.a(lib_a-dtoa.o)
 .ARM.attributes
                0x000000000000076a       0x34 /usr/local/Cellar/gcc-arm-none-eabi-49/20150925/bin/../lib/gcc/arm-none-eabi/4.9.3/../../../../arm-none-eabi/lib/armv7e-m/fpu/libc_nano.a(lib_a-locale.o)
 .ARM.attributes
                0x000000000000079e       0x34 /usr/local/Cellar/gcc-arm-none-eabi-49/20150925/bin/../lib/gcc/arm-none-eabi/4.9.3/../../../../arm-none-eabi/lib/armv7e-m/fpu/libc_nano.a(lib_a-malloc.o)
 .ARM.attributes
                0x00000000000007d2       0x34 /usr/local/Cellar/gcc-arm-none-eabi-49/20150925/bin/../lib/gcc/arm-none-eabi/4.9.3/../../../../arm-none-eabi/lib/armv7e-m/fpu/libc_nano.a(lib_a-memchr.o)
 .ARM.attributes
                0x0000000000000806       0x34 /usr/local/Cellar/gcc-arm-none-eabi-49/20150925/bin/../lib/gcc/arm-none-eabi/4.9.3/../../../../arm-none-eabi/lib/armv7e-m/fpu/libc_nano.a(lib_a-memcpy.o)
 .ARM.attributes
                0x000000000000083a       0x34 /usr/local/Cellar/gcc-arm-none-eabi-49/20150925/bin/../lib/gcc/arm-none-eabi/4.9.3/../../../../arm-none-eabi/lib/armv7e-m/fpu/libc_nano.a(lib_a-mprec.o)
 .ARM.attributes
                0x000000000000086e       0x34 /usr/local/Cellar/gcc-arm-none-eabi-49/20150925/bin/../lib/gcc/arm-none-eabi/4.9.3/../../../../arm-none-eabi/lib/armv7e-m/fpu/libc_nano.a(lib_a-nano-callocr.o)
 .ARM.attributes
                0x00000000000008a2       0x34 /usr/local/Cellar/gcc-arm-none-eabi-49/20150925/bin/../lib/gcc/arm-none-eabi/4.9.3/../../../../arm-none-eabi/lib/armv7e-m/fpu/libc_nano.a(lib_a-nano-freer.o)
 .ARM.attributes
                0x00000000000008d6       0x34 /usr/local/Cellar/gcc-arm-none-eabi-49/20150925/bin/../lib/gcc/arm-none-eabi/4.9.3/../../../../arm-none-eabi/lib/armv7e-m/fpu/libc_nano.a(lib_a-nano-mallocr.o)
 .ARM.attributes
                0x000000000000090a       0x34 /usr/local/Cellar/gcc-arm-none-eabi-49/20150925/bin/../lib/gcc/arm-none-eabi/4.9.3/../../../../arm-none-eabi/lib/armv7e-m/fpu/libc_nano.a(lib_a-nano-svfprintf.o)
 .ARM.attributes
                0x000000000000093e       0x34 /usr/local/Cellar/gcc-arm-none-eabi-49/20150925/bin/../lib/gcc/arm-none-eabi/4.9.3/../../../../arm-none-eabi/lib/armv7e-m/fpu/libc_nano.a(lib_a-sbrkr.o)
 .ARM.attributes
                0x0000000000000972       0x34 /usr/local/Cellar/gcc-arm-none-eabi-49/20150925/bin/../lib/gcc/arm-none-eabi/4.9.3/../../../../arm-none-eabi/lib/armv7e-m/fpu/libc_nano.a(lib_a-memmove.o)
 .ARM.attributes
                0x00000000000009a6       0x34 /usr/local/Cellar/gcc-arm-none-eabi-49/20150925/bin/../lib/gcc/arm-none-eabi/4.9.3/../../../../arm-none-eabi/lib/armv7e-m/fpu/libc_nano.a(lib_a-nano-reallocr.o)
 .ARM.attributes
                0x00000000000009da       0x34 /usr/local/Cellar/gcc-arm-none-eabi-49/20150925/bin/../lib/gcc/arm-none-eabi/4.9.3/../../../../arm-none-eabi/lib/armv7e-m/fpu/libc_nano.a(lib_a-reent.o)
 .ARM.attributes
                0x0000000000000a0e       0x34 /usr/local/Cellar/gcc-arm-none-eabi-49/20150925/bin/../lib/gcc/arm-none-eabi/4.9.3/../../../../arm-none-eabi/lib/armv7e-m/fpu/libc_nano.a(lib_a-nano-msizer.o)
 .ARM.attributes
                0x0000000000000a42       0x34 /usr/local/Cellar/gcc-arm-none-eabi-49/20150925/bin/../lib/gcc/arm-none-eabi/4.9.3/../../../../arm-none-eabi/lib/armv7e-m/fpu/libm.a(lib_a-wf_sqrt.o)
 .ARM.attributes
                0x0000000000000a76       0x34 /usr/local/Cellar/gcc-arm-none-eabi-49/20150925/bin/../lib/gcc/arm-none-eabi/4.9.3/../../../../arm-none-eabi/lib/armv7e-m/fpu/libm.a(lib_a-ef_sqrt.o)
 .ARM.attributes
                0x0000000000000aaa       0x34 /usr/local/Cellar/gcc-arm-none-eabi-49/20150925/bin/../lib/gcc/arm-none-eabi/4.9.3/../../../../arm-none-eabi/lib/armv7e-m/fpu/libm.a(lib_a-s_lib_ver.o)
 .ARM.attributes
                0x0000000000000ade       0x34 /usr/local/Cellar/gcc-arm-none-eabi-49/20150925/bin/../lib/gcc/arm-none-eabi/4.9.3/../../../../arm-none-eabi/lib/armv7e-m/fpu/libm.a(lib_a-s_matherr.o)
 .ARM.attributes
                0x0000000000000b12       0x34 /usr/local/Cellar/gcc-arm-none-eabi-49/20150925/bin/../lib/gcc/arm-none-eabi/4.9.3/../../../../arm-none-eabi/lib/armv7e-m/fpu/libm.a(lib_a-sf_fpclassify.o)
 .ARM.attributes
                0x0000000000000b46       0x34 /usr/local/Cellar/gcc-arm-none-eabi-49/20150925/bin/../lib/gcc/arm-none-eabi/4.9.3/../../../../arm-none-eabi/lib/armv7e-m/fpu/libnosys.a(sbrk.o)
 .ARM.attributes
                0x0000000000000b7a       0x22 /usr/local/Cellar/gcc-arm-none-eabi-49/20150925/bin/../lib/gcc/arm-none-eabi/4.9.3/armv7e-m/fpu/libgcc.a(_arm_addsubdf3.o)
 .ARM.attributes
                0x0000000000000b9c       0x22 /usr/local/Cellar/gcc-arm-none-eabi-49/20150925/bin/../lib/gcc/arm-none-eabi/4.9.3/armv7e-m/fpu/libgcc.a(_arm_muldivdf3.o)
 .ARM.attributes
                0x0000000000000bbe       0x22 /usr/local/Cellar/gcc-arm-none-eabi-49/20150925/bin/../lib/gcc/arm-none-eabi/4.9.3/armv7e-m/fpu/libgcc.a(_arm_cmpdf2.o)
 .ARM.attributes
                0x0000000000000be0       0x22 /usr/local/Cellar/gcc-arm-none-eabi-49/20150925/bin/../lib/gcc/arm-none-eabi/4.9.3/armv7e-m/fpu/libgcc.a(_arm_fixdfsi.o)
 .ARM.attributes
                0x0000000000000c02       0x22 /usr/local/Cellar/gcc-arm-none-eabi-49/20150925/bin/../lib/gcc/arm-none-eabi/4.9.3/armv7e-m/fpu/libgcc.a(_arm_truncdfsf2.o)
 .ARM.attributes
                0x0000000000000c24       0x34 /usr/local/Cellar/gcc-arm-none-eabi-49/20150925/bin/../lib/gcc/arm-none-eabi/4.9.3/../../../../arm-none-eabi/lib/armv7e-m/fpu/libc_nano.a(lib_a-errno.o)
 .ARM.attributes
                0x0000000000000c58       0x22 /usr/local/Cellar/gcc-arm-none-eabi-49/20150925/bin/../lib/gcc/arm-none-eabi/4.9.3/armv7e-m/fpu/crtn.o
OUTPUT(build/DMA.elf elf32-littlearm)

.debug_info     0x0000000000000000    0x1788d
 .debug_info    0x0000000000000000     0x1b00 build/ADCsrc.o
 .debug_info    0x0000000000001b00      0xca2 build/ssd1306.o
 .debug_info    0x00000000000027a2      0x1c3 build/fonts.o
 .debug_info    0x0000000000002965     0x1cc8 build/main.o
 .debug_info    0x000000000000462d      0x403 build/gpio.o
 .debug_info    0x0000000000004a30      0x7e6 build/opamp.o
 .debug_info    0x0000000000005216     0x1192 build/adc.o
 .debug_info    0x00000000000063a8     0x1a46 build/noteDetect.o
 .debug_info    0x0000000000007dee      0xc03 build/i2c.o
 .debug_info    0x00000000000089f1      0x7c8 build/stm32l4xx_it.o
 .debug_info    0x00000000000091b9      0x6bc build/stm32l4xx_hal_msp.o
 .debug_info    0x0000000000009875      0x5f7 build/stm32l4xx_hal_opamp.o
 .debug_info    0x0000000000009e6c     0x28ea build/stm32l4xx_hal_adc.o
 .debug_info    0x000000000000c756     0x1f0f build/stm32l4xx_hal_adc_ex.o
 .debug_info    0x000000000000e665      0xce0 build/stm32l4xx_hal.o
 .debug_info    0x000000000000f345     0x3918 build/stm32l4xx_hal_i2c.o
 .debug_info    0x0000000000012c5d      0xaab build/stm32l4xx_hal_i2c_ex.o
 .debug_info    0x0000000000013708      0xf06 build/stm32l4xx_hal_rcc.o
 .debug_info    0x000000000001460e      0x897 build/stm32l4xx_hal_gpio.o
 .debug_info    0x0000000000014ea5      0x845 build/stm32l4xx_hal_dma.o
 .debug_info    0x00000000000156ea      0xb3e build/stm32l4xx_hal_pwr_ex.o
 .debug_info    0x0000000000016228      0xfe4 build/stm32l4xx_hal_cortex.o
 .debug_info    0x000000000001720c      0x613 build/system_stm32l4xx.o
 .debug_info    0x000000000001781f       0x6e build/startup_stm32l476xx.o

.debug_abbrev   0x0000000000000000     0x2eec
 .debug_abbrev  0x0000000000000000      0x362 build/ADCsrc.o
 .debug_abbrev  0x0000000000000362      0x236 build/ssd1306.o
 .debug_abbrev  0x0000000000000598       0xa9 build/fonts.o
 .debug_abbrev  0x0000000000000641      0x32b build/main.o
 .debug_abbrev  0x000000000000096c       0xfe build/gpio.o
 .debug_abbrev  0x0000000000000a6a      0x1bf build/opamp.o
 .debug_abbrev  0x0000000000000c29      0x1e9 build/adc.o
 .debug_abbrev  0x0000000000000e12      0x19c build/noteDetect.o
 .debug_abbrev  0x0000000000000fae      0x1ef build/i2c.o
 .debug_abbrev  0x000000000000119d      0x174 build/stm32l4xx_it.o
 .debug_abbrev  0x0000000000001311      0x122 build/stm32l4xx_hal_msp.o
 .debug_abbrev  0x0000000000001433      0x1a6 build/stm32l4xx_hal_opamp.o
 .debug_abbrev  0x00000000000015d9      0x2f3 build/stm32l4xx_hal_adc.o
 .debug_abbrev  0x00000000000018cc      0x319 build/stm32l4xx_hal_adc_ex.o
 .debug_abbrev  0x0000000000001be5      0x235 build/stm32l4xx_hal.o
 .debug_abbrev  0x0000000000001e1a      0x28a build/stm32l4xx_hal_i2c.o
 .debug_abbrev  0x00000000000020a4      0x182 build/stm32l4xx_hal_i2c_ex.o
 .debug_abbrev  0x0000000000002226      0x28e build/stm32l4xx_hal_rcc.o
 .debug_abbrev  0x00000000000024b4      0x200 build/stm32l4xx_hal_gpio.o
 .debug_abbrev  0x00000000000026b4      0x222 build/stm32l4xx_hal_dma.o
 .debug_abbrev  0x00000000000028d6      0x21a build/stm32l4xx_hal_pwr_ex.o
 .debug_abbrev  0x0000000000002af0      0x2c8 build/stm32l4xx_hal_cortex.o
 .debug_abbrev  0x0000000000002db8      0x122 build/system_stm32l4xx.o
 .debug_abbrev  0x0000000000002eda       0x12 build/startup_stm32l476xx.o

.debug_loc      0x0000000000000000     0xcab0
 .debug_loc     0x0000000000000000     0x11d6 build/ADCsrc.o
 .debug_loc     0x00000000000011d6      0x33d build/ssd1306.o
 .debug_loc     0x0000000000001513       0xd5 build/main.o
 .debug_loc     0x00000000000015e8       0x2c build/gpio.o
 .debug_loc     0x0000000000001614       0xd1 build/opamp.o
 .debug_loc     0x00000000000016e5       0xfa build/adc.o
 .debug_loc     0x00000000000017df      0x11d build/noteDetect.o
 .debug_loc     0x00000000000018fc       0xd1 build/i2c.o
 .debug_loc     0x00000000000019cd       0x40 build/stm32l4xx_it.o
 .debug_loc     0x0000000000001a0d       0x38 build/stm32l4xx_hal_msp.o
 .debug_loc     0x0000000000001a45      0x6a6 build/stm32l4xx_hal_opamp.o
 .debug_loc     0x00000000000020eb     0x2445 build/stm32l4xx_hal_adc.o
 .debug_loc     0x0000000000004530     0x1c0f build/stm32l4xx_hal_adc_ex.o
 .debug_loc     0x000000000000613f      0x1a3 build/stm32l4xx_hal.o
 .debug_loc     0x00000000000062e2     0x41ef build/stm32l4xx_hal_i2c.o
 .debug_loc     0x000000000000a4d1      0x25c build/stm32l4xx_hal_i2c_ex.o
 .debug_loc     0x000000000000a72d      0x805 build/stm32l4xx_hal_rcc.o
 .debug_loc     0x000000000000af32      0x392 build/stm32l4xx_hal_gpio.o
 .debug_loc     0x000000000000b2c4      0x7da build/stm32l4xx_hal_dma.o
 .debug_loc     0x000000000000ba9e      0x915 build/stm32l4xx_hal_pwr_ex.o
 .debug_loc     0x000000000000c3b3      0x566 build/stm32l4xx_hal_cortex.o
 .debug_loc     0x000000000000c919      0x197 build/system_stm32l4xx.o

.debug_aranges  0x0000000000000000      0xc30
 .debug_aranges
                0x0000000000000000       0x78 build/ADCsrc.o
 .debug_aranges
                0x0000000000000078       0x58 build/ssd1306.o
 .debug_aranges
                0x00000000000000d0       0x18 build/fonts.o
 .debug_aranges
                0x00000000000000e8       0x50 build/main.o
 .debug_aranges
                0x0000000000000138       0x20 build/gpio.o
 .debug_aranges
                0x0000000000000158       0x30 build/opamp.o
 .debug_aranges
                0x0000000000000188       0x30 build/adc.o
 .debug_aranges
                0x00000000000001b8       0x28 build/noteDetect.o
 .debug_aranges
                0x00000000000001e0       0x30 build/i2c.o
 .debug_aranges
                0x0000000000000210       0x28 build/stm32l4xx_it.o
 .debug_aranges
                0x0000000000000238       0x20 build/stm32l4xx_hal_msp.o
 .debug_aranges
                0x0000000000000258       0x68 build/stm32l4xx_hal_opamp.o
 .debug_aranges
                0x00000000000002c0       0xf8 build/stm32l4xx_hal_adc.o
 .debug_aranges
                0x00000000000003b8       0xf0 build/stm32l4xx_hal_adc_ex.o
 .debug_aranges
                0x00000000000004a8      0x118 build/stm32l4xx_hal.o
 .debug_aranges
                0x00000000000005c0      0x288 build/stm32l4xx_hal_i2c.o
 .debug_aranges
                0x0000000000000848       0x48 build/stm32l4xx_hal_i2c_ex.o
 .debug_aranges
                0x0000000000000890       0x88 build/stm32l4xx_hal_rcc.o
 .debug_aranges
                0x0000000000000918       0x58 build/stm32l4xx_hal_gpio.o
 .debug_aranges
                0x0000000000000970       0x80 build/stm32l4xx_hal_dma.o
 .debug_aranges
                0x00000000000009f0      0x148 build/stm32l4xx_hal_pwr_ex.o
 .debug_aranges
                0x0000000000000b38       0xa8 build/stm32l4xx_hal_cortex.o
 .debug_aranges
                0x0000000000000be0       0x28 build/system_stm32l4xx.o
 .debug_aranges
                0x0000000000000c08       0x28 build/startup_stm32l476xx.o

.debug_ranges   0x0000000000000000      0xac8
 .debug_ranges  0x0000000000000000       0x68 build/ADCsrc.o
 .debug_ranges  0x0000000000000068       0x48 build/ssd1306.o
 .debug_ranges  0x00000000000000b0       0x40 build/main.o
 .debug_ranges  0x00000000000000f0       0x10 build/gpio.o
 .debug_ranges  0x0000000000000100       0x20 build/opamp.o
 .debug_ranges  0x0000000000000120       0x20 build/adc.o
 .debug_ranges  0x0000000000000140       0x18 build/noteDetect.o
 .debug_ranges  0x0000000000000158       0x20 build/i2c.o
 .debug_ranges  0x0000000000000178       0x18 build/stm32l4xx_it.o
 .debug_ranges  0x0000000000000190       0x10 build/stm32l4xx_hal_msp.o
 .debug_ranges  0x00000000000001a0       0x58 build/stm32l4xx_hal_opamp.o
 .debug_ranges  0x00000000000001f8       0xe8 build/stm32l4xx_hal_adc.o
 .debug_ranges  0x00000000000002e0       0xe0 build/stm32l4xx_hal_adc_ex.o
 .debug_ranges  0x00000000000003c0      0x108 build/stm32l4xx_hal.o
 .debug_ranges  0x00000000000004c8      0x278 build/stm32l4xx_hal_i2c.o
 .debug_ranges  0x0000000000000740       0x38 build/stm32l4xx_hal_i2c_ex.o
 .debug_ranges  0x0000000000000778       0x90 build/stm32l4xx_hal_rcc.o
 .debug_ranges  0x0000000000000808       0x48 build/stm32l4xx_hal_gpio.o
 .debug_ranges  0x0000000000000850       0x70 build/stm32l4xx_hal_dma.o
 .debug_ranges  0x00000000000008c0      0x138 build/stm32l4xx_hal_pwr_ex.o
 .debug_ranges  0x00000000000009f8       0x98 build/stm32l4xx_hal_cortex.o
 .debug_ranges  0x0000000000000a90       0x18 build/system_stm32l4xx.o
 .debug_ranges  0x0000000000000aa8       0x20 build/startup_stm32l476xx.o

.debug_line     0x0000000000000000     0x7270
 .debug_line    0x0000000000000000      0x599 build/ADCsrc.o
 .debug_line    0x0000000000000599      0x303 build/ssd1306.o
 .debug_line    0x000000000000089c      0x118 build/fonts.o
 .debug_line    0x00000000000009b4      0x3a3 build/main.o
 .debug_line    0x0000000000000d57      0x192 build/gpio.o
 .debug_line    0x0000000000000ee9      0x207 build/opamp.o
 .debug_line    0x00000000000010f0      0x27e build/adc.o
 .debug_line    0x000000000000136e      0x42a build/noteDetect.o
 .debug_line    0x0000000000001798      0x234 build/i2c.o
 .debug_line    0x00000000000019cc      0x200 build/stm32l4xx_it.o
 .debug_line    0x0000000000001bcc      0x1a5 build/stm32l4xx_hal_msp.o
 .debug_line    0x0000000000001d71      0x3ae build/stm32l4xx_hal_opamp.o
 .debug_line    0x000000000000211f      0xfd1 build/stm32l4xx_hal_adc.o
 .debug_line    0x00000000000030f0      0xc6a build/stm32l4xx_hal_adc_ex.o
 .debug_line    0x0000000000003d5a      0x426 build/stm32l4xx_hal.o
 .debug_line    0x0000000000004180     0x14ec build/stm32l4xx_hal_i2c.o
 .debug_line    0x000000000000566c      0x31c build/stm32l4xx_hal_i2c_ex.o
 .debug_line    0x0000000000005988      0x57a build/stm32l4xx_hal_rcc.o
 .debug_line    0x0000000000005f02      0x32d build/stm32l4xx_hal_gpio.o
 .debug_line    0x000000000000622f      0x420 build/stm32l4xx_hal_dma.o
 .debug_line    0x000000000000664f      0x64d build/stm32l4xx_hal_pwr_ex.o
 .debug_line    0x0000000000006c9c      0x3c1 build/stm32l4xx_hal_cortex.o
 .debug_line    0x000000000000705d      0x19f build/system_stm32l4xx.o
 .debug_line    0x00000000000071fc       0x74 build/startup_stm32l476xx.o

.debug_str      0x0000000000000000     0x47a5
 .debug_str     0x0000000000000000     0x105c build/ADCsrc.o
                                       0x1179 (size before relaxing)
 .debug_str     0x000000000000105c      0x3cd build/ssd1306.o
                                        0x7df (size before relaxing)
 .debug_str     0x0000000000001429       0x49 build/fonts.o
                                        0x22f (size before relaxing)
 .debug_str     0x0000000000001472      0x8f9 build/main.o
                                       0x15bd (size before relaxing)
 .debug_str     0x0000000000001d6b       0x48 build/gpio.o
                                        0x355 (size before relaxing)
 .debug_str     0x0000000000001db3       0x6b build/opamp.o
                                        0x613 (size before relaxing)
 .debug_str     0x0000000000001e1e      0x133 build/adc.o
                                        0xeaa (size before relaxing)
 .debug_str     0x0000000000001f51       0x2f build/noteDetect.o
                                        0x2b1 (size before relaxing)
 .debug_str     0x0000000000001f80       0x7e build/i2c.o
                                        0x905 (size before relaxing)
 .debug_str     0x0000000000001ffe       0x6b build/stm32l4xx_it.o
                                        0x6b1 (size before relaxing)
 .debug_str     0x0000000000002069       0x41 build/stm32l4xx_hal_msp.o
                                        0x843 (size before relaxing)
 .debug_str     0x00000000000020aa      0x140 build/stm32l4xx_hal_opamp.o
                                        0x54d (size before relaxing)
 .debug_str     0x00000000000021ea      0x785 build/stm32l4xx_hal_adc.o
                                        0xf7e (size before relaxing)
 .debug_str     0x000000000000296f      0x45d build/stm32l4xx_hal_adc_ex.o
                                        0xe7d (size before relaxing)
 .debug_str     0x0000000000002dcc      0x3be build/stm32l4xx_hal.o
                                        0xceb (size before relaxing)
 .debug_str     0x000000000000318a      0x848 build/stm32l4xx_hal_i2c.o
                                        0xf66 (size before relaxing)
 .debug_str     0x00000000000039d2       0xb5 build/stm32l4xx_hal_i2c_ex.o
                                        0x91d (size before relaxing)
 .debug_str     0x0000000000003a87      0x244 build/stm32l4xx_hal_rcc.o
                                        0x869 (size before relaxing)
 .debug_str     0x0000000000003ccb      0x14f build/stm32l4xx_hal_gpio.o
                                        0x569 (size before relaxing)
 .debug_str     0x0000000000003e1a      0x208 build/stm32l4xx_hal_dma.o
                                        0x666 (size before relaxing)
 .debug_str     0x0000000000004022      0x47d build/stm32l4xx_hal_pwr_ex.o
                                        0x81b (size before relaxing)
 .debug_str     0x000000000000449f      0x2ce build/stm32l4xx_hal_cortex.o
                                        0xc20 (size before relaxing)
 .debug_str     0x000000000000476d       0x38 build/system_stm32l4xx.o
                                        0x3fd (size before relaxing)

.comment        0x0000000000000000       0x70
 .comment       0x0000000000000000       0x70 build/ADCsrc.o
                                         0x71 (size before relaxing)
 .comment       0x0000000000000000       0x71 build/ssd1306.o
 .comment       0x0000000000000000       0x71 build/fonts.o
 .comment       0x0000000000000000       0x71 build/main.o
 .comment       0x0000000000000000       0x71 build/gpio.o
 .comment       0x0000000000000000       0x71 build/opamp.o
 .comment       0x0000000000000000       0x71 build/adc.o
 .comment       0x0000000000000000       0x71 build/noteDetect.o
 .comment       0x0000000000000000       0x71 build/i2c.o
 .comment       0x0000000000000000       0x71 build/stm32l4xx_it.o
 .comment       0x0000000000000000       0x71 build/stm32l4xx_hal_msp.o
 .comment       0x0000000000000000       0x71 build/stm32l4xx_hal_opamp.o
 .comment       0x0000000000000000       0x71 build/stm32l4xx_hal_adc.o
 .comment       0x0000000000000000       0x71 build/stm32l4xx_hal_adc_ex.o
 .comment       0x0000000000000000       0x71 build/stm32l4xx_hal.o
 .comment       0x0000000000000000       0x71 build/stm32l4xx_hal_i2c.o
 .comment       0x0000000000000000       0x71 build/stm32l4xx_hal_i2c_ex.o
 .comment       0x0000000000000000       0x71 build/stm32l4xx_hal_rcc.o
 .comment       0x0000000000000000       0x71 build/stm32l4xx_hal_gpio.o
 .comment       0x0000000000000000       0x71 build/stm32l4xx_hal_dma.o
 .comment       0x0000000000000000       0x71 build/stm32l4xx_hal_pwr_ex.o
 .comment       0x0000000000000000       0x71 build/stm32l4xx_hal_cortex.o
 .comment       0x0000000000000000       0x71 build/system_stm32l4xx.o

.debug_frame    0x0000000000000000     0x2b38
 .debug_frame   0x0000000000000000      0x16c build/ADCsrc.o
 .debug_frame   0x000000000000016c       0xf4 build/ssd1306.o
 .debug_frame   0x0000000000000260       0xac build/main.o
 .debug_frame   0x000000000000030c       0x28 build/gpio.o
 .debug_frame   0x0000000000000334       0x74 build/opamp.o
 .debug_frame   0x00000000000003a8       0x7c build/adc.o
 .debug_frame   0x0000000000000424       0x68 build/noteDetect.o
 .debug_frame   0x000000000000048c       0x6c build/i2c.o
 .debug_frame   0x00000000000004f8       0x48 build/stm32l4xx_it.o
 .debug_frame   0x0000000000000540       0x30 build/stm32l4xx_hal_msp.o
 .debug_frame   0x0000000000000570      0x144 build/stm32l4xx_hal_opamp.o
 .debug_frame   0x00000000000006b4      0x38c build/stm32l4xx_hal_adc.o
 .debug_frame   0x0000000000000a40      0x34c build/stm32l4xx_hal_adc_ex.o
 .debug_frame   0x0000000000000d8c      0x250 build/stm32l4xx_hal.o
 .debug_frame   0x0000000000000fdc      0xa04 build/stm32l4xx_hal_i2c.o
 .debug_frame   0x00000000000019e0       0x80 build/stm32l4xx_hal_i2c_ex.o
 .debug_frame   0x0000000000001a60      0x1b0 build/stm32l4xx_hal_rcc.o
 .debug_frame   0x0000000000001c10       0xd4 build/stm32l4xx_hal_gpio.o
 .debug_frame   0x0000000000001ce4      0x180 build/stm32l4xx_hal_dma.o
 .debug_frame   0x0000000000001e64      0x27c build/stm32l4xx_hal_pwr_ex.o
 .debug_frame   0x00000000000020e0      0x168 build/stm32l4xx_hal_cortex.o
 .debug_frame   0x0000000000002248       0x30 build/system_stm32l4xx.o
 .debug_frame   0x0000000000002278       0x2c /usr/local/Cellar/gcc-arm-none-eabi-49/20150925/bin/../lib/gcc/arm-none-eabi/4.9.3/../../../../arm-none-eabi/lib/armv7e-m/fpu/libc_nano.a(lib_a-init.o)
 .debug_frame   0x00000000000022a4       0x20 /usr/local/Cellar/gcc-arm-none-eabi-49/20150925/bin/../lib/gcc/arm-none-eabi/4.9.3/../../../../arm-none-eabi/lib/armv7e-m/fpu/libc_nano.a(lib_a-memset.o)
 .debug_frame   0x00000000000022c4       0x88 /usr/local/Cellar/gcc-arm-none-eabi-49/20150925/bin/../lib/gcc/arm-none-eabi/4.9.3/../../../../arm-none-eabi/lib/armv7e-m/fpu/libc_nano.a(lib_a-nano-vfprintf_float.o)
 .debug_frame   0x000000000000234c       0x58 /usr/local/Cellar/gcc-arm-none-eabi-49/20150925/bin/../lib/gcc/arm-none-eabi/4.9.3/../../../../arm-none-eabi/lib/armv7e-m/fpu/libc_nano.a(lib_a-nano-vfprintf_i.o)
 .debug_frame   0x00000000000023a4       0x28 /usr/local/Cellar/gcc-arm-none-eabi-49/20150925/bin/../lib/gcc/arm-none-eabi/4.9.3/../../../../arm-none-eabi/lib/armv7e-m/fpu/libc_nano.a(lib_a-s_fpclassify.o)
 .debug_frame   0x00000000000023cc       0x70 /usr/local/Cellar/gcc-arm-none-eabi-49/20150925/bin/../lib/gcc/arm-none-eabi/4.9.3/../../../../arm-none-eabi/lib/armv7e-m/fpu/libc_nano.a(lib_a-sprintf.o)
 .debug_frame   0x000000000000243c       0x20 /usr/local/Cellar/gcc-arm-none-eabi-49/20150925/bin/../lib/gcc/arm-none-eabi/4.9.3/../../../../arm-none-eabi/lib/armv7e-m/fpu/libc_nano.a(lib_a-strlen.o)
 .debug_frame   0x000000000000245c       0x6c /usr/local/Cellar/gcc-arm-none-eabi-49/20150925/bin/../lib/gcc/arm-none-eabi/4.9.3/../../../../arm-none-eabi/lib/armv7e-m/fpu/libc_nano.a(lib_a-dtoa.o)
 .debug_frame   0x00000000000024c8       0x98 /usr/local/Cellar/gcc-arm-none-eabi-49/20150925/bin/../lib/gcc/arm-none-eabi/4.9.3/../../../../arm-none-eabi/lib/armv7e-m/fpu/libc_nano.a(lib_a-locale.o)
 .debug_frame   0x0000000000002560       0x30 /usr/local/Cellar/gcc-arm-none-eabi-49/20150925/bin/../lib/gcc/arm-none-eabi/4.9.3/../../../../arm-none-eabi/lib/armv7e-m/fpu/libc_nano.a(lib_a-malloc.o)
 .debug_frame   0x0000000000002590       0x28 /usr/local/Cellar/gcc-arm-none-eabi-49/20150925/bin/../lib/gcc/arm-none-eabi/4.9.3/../../../../arm-none-eabi/lib/armv7e-m/fpu/libc_nano.a(lib_a-memchr.o)
 .debug_frame   0x00000000000025b8       0x28 /usr/local/Cellar/gcc-arm-none-eabi-49/20150925/bin/../lib/gcc/arm-none-eabi/4.9.3/../../../../arm-none-eabi/lib/armv7e-m/fpu/libc_nano.a(lib_a-memcpy.o)
 .debug_frame   0x00000000000025e0      0x230 /usr/local/Cellar/gcc-arm-none-eabi-49/20150925/bin/../lib/gcc/arm-none-eabi/4.9.3/../../../../arm-none-eabi/lib/armv7e-m/fpu/libc_nano.a(lib_a-mprec.o)
 .debug_frame   0x0000000000002810       0x2c /usr/local/Cellar/gcc-arm-none-eabi-49/20150925/bin/../lib/gcc/arm-none-eabi/4.9.3/../../../../arm-none-eabi/lib/armv7e-m/fpu/libc_nano.a(lib_a-nano-callocr.o)
 .debug_frame   0x000000000000283c       0x2c /usr/local/Cellar/gcc-arm-none-eabi-49/20150925/bin/../lib/gcc/arm-none-eabi/4.9.3/../../../../arm-none-eabi/lib/armv7e-m/fpu/libc_nano.a(lib_a-nano-freer.o)
 .debug_frame   0x0000000000002868       0x2c /usr/local/Cellar/gcc-arm-none-eabi-49/20150925/bin/../lib/gcc/arm-none-eabi/4.9.3/../../../../arm-none-eabi/lib/armv7e-m/fpu/libc_nano.a(lib_a-nano-mallocr.o)
 .debug_frame   0x0000000000002894       0x8c /usr/local/Cellar/gcc-arm-none-eabi-49/20150925/bin/../lib/gcc/arm-none-eabi/4.9.3/../../../../arm-none-eabi/lib/armv7e-m/fpu/libc_nano.a(lib_a-nano-svfprintf.o)
 .debug_frame   0x0000000000002920       0x2c /usr/local/Cellar/gcc-arm-none-eabi-49/20150925/bin/../lib/gcc/arm-none-eabi/4.9.3/../../../../arm-none-eabi/lib/armv7e-m/fpu/libc_nano.a(lib_a-sbrkr.o)
 .debug_frame   0x000000000000294c       0x28 /usr/local/Cellar/gcc-arm-none-eabi-49/20150925/bin/../lib/gcc/arm-none-eabi/4.9.3/../../../../arm-none-eabi/lib/armv7e-m/fpu/libc_nano.a(lib_a-memmove.o)
 .debug_frame   0x0000000000002974       0x3c /usr/local/Cellar/gcc-arm-none-eabi-49/20150925/bin/../lib/gcc/arm-none-eabi/4.9.3/../../../../arm-none-eabi/lib/armv7e-m/fpu/libc_nano.a(lib_a-nano-reallocr.o)
 .debug_frame   0x00000000000029b0       0x5c /usr/local/Cellar/gcc-arm-none-eabi-49/20150925/bin/../lib/gcc/arm-none-eabi/4.9.3/../../../../arm-none-eabi/lib/armv7e-m/fpu/libc_nano.a(lib_a-reent.o)
 .debug_frame   0x0000000000002a0c       0x20 /usr/local/Cellar/gcc-arm-none-eabi-49/20150925/bin/../lib/gcc/arm-none-eabi/4.9.3/../../../../arm-none-eabi/lib/armv7e-m/fpu/libc_nano.a(lib_a-nano-msizer.o)
 .debug_frame   0x0000000000002a2c       0x50 /usr/local/Cellar/gcc-arm-none-eabi-49/20150925/bin/../lib/gcc/arm-none-eabi/4.9.3/../../../../arm-none-eabi/lib/armv7e-m/fpu/libm.a(lib_a-wf_sqrt.o)
 .debug_frame   0x0000000000002a7c       0x3c /usr/local/Cellar/gcc-arm-none-eabi-49/20150925/bin/../lib/gcc/arm-none-eabi/4.9.3/../../../../arm-none-eabi/lib/armv7e-m/fpu/libm.a(lib_a-ef_sqrt.o)
 .debug_frame   0x0000000000002ab8       0x20 /usr/local/Cellar/gcc-arm-none-eabi-49/20150925/bin/../lib/gcc/arm-none-eabi/4.9.3/../../../../arm-none-eabi/lib/armv7e-m/fpu/libm.a(lib_a-s_matherr.o)
 .debug_frame   0x0000000000002ad8       0x20 /usr/local/Cellar/gcc-arm-none-eabi-49/20150925/bin/../lib/gcc/arm-none-eabi/4.9.3/../../../../arm-none-eabi/lib/armv7e-m/fpu/libm.a(lib_a-sf_fpclassify.o)
 .debug_frame   0x0000000000002af8       0x20 /usr/local/Cellar/gcc-arm-none-eabi-49/20150925/bin/../lib/gcc/arm-none-eabi/4.9.3/../../../../arm-none-eabi/lib/armv7e-m/fpu/libnosys.a(sbrk.o)
 .debug_frame   0x0000000000002b18       0x20 /usr/local/Cellar/gcc-arm-none-eabi-49/20150925/bin/../lib/gcc/arm-none-eabi/4.9.3/../../../../arm-none-eabi/lib/armv7e-m/fpu/libc_nano.a(lib_a-errno.o)

Cross Reference Table

Symbol                                            File
ADC1_2_IRQHandler                                 build/stm32l4xx_it.o
ADC1_Init                                         build/ADCsrc.o
ADC1_Wakeup                                       build/ADCsrc.o
ADC3_IRQHandler                                   build/startup_stm32l476xx.o
ADC_Calibration                                   build/ADCsrc.o
ADC_ConversionStop                                build/stm32l4xx_hal_adc.o
                                                  build/stm32l4xx_hal_adc_ex.o
ADC_DMAConvCplt                                   build/stm32l4xx_hal_adc.o
                                                  build/stm32l4xx_hal_adc_ex.o
ADC_DMAError                                      build/stm32l4xx_hal_adc.o
                                                  build/stm32l4xx_hal_adc_ex.o
ADC_DMAHalfConvCplt                               build/stm32l4xx_hal_adc.o
                                                  build/stm32l4xx_hal_adc_ex.o
ADC_DMA_DONE                                      build/main.o
ADC_Disable                                       build/stm32l4xx_hal_adc.o
                                                  build/stm32l4xx_hal_adc_ex.o
ADC_Enable                                        build/stm32l4xx_hal_adc.o
                                                  build/stm32l4xx_hal_adc_ex.o
AHBPrescTable                                     build/system_stm32l4xx.o
                                                  build/stm32l4xx_hal_rcc.o
APBPrescTable                                     build/system_stm32l4xx.o
                                                  build/stm32l4xx_hal_rcc.o
Buffer_Ping                                       build/main.o
Buffer_Pong                                       build/main.o
BusFault_Handler                                  build/startup_stm32l476xx.o
CAN1_RX0_IRQHandler                               build/startup_stm32l476xx.o
CAN1_RX1_IRQHandler                               build/startup_stm32l476xx.o
CAN1_SCE_IRQHandler                               build/startup_stm32l476xx.o
CAN1_TX_IRQHandler                                build/startup_stm32l476xx.o
COMP_IRQHandler                                   build/startup_stm32l476xx.o
DFSDM1_FLT0_IRQHandler                            build/startup_stm32l476xx.o
DFSDM1_FLT1_IRQHandler                            build/startup_stm32l476xx.o
DFSDM1_FLT2_IRQHandler                            build/startup_stm32l476xx.o
DFSDM1_FLT3_IRQHandler                            build/startup_stm32l476xx.o
DMA1_Channel1_IRQHandler                          build/main.o
DMA1_Channel2_IRQHandler                          build/startup_stm32l476xx.o
DMA1_Channel3_IRQHandler                          build/startup_stm32l476xx.o
DMA1_Channel4_IRQHandler                          build/startup_stm32l476xx.o
DMA1_Channel5_IRQHandler                          build/startup_stm32l476xx.o
DMA1_Channel6_IRQHandler                          build/startup_stm32l476xx.o
DMA1_Channel7_IRQHandler                          build/startup_stm32l476xx.o
DMA2_Channel1_IRQHandler                          build/startup_stm32l476xx.o
DMA2_Channel2_IRQHandler                          build/startup_stm32l476xx.o
DMA2_Channel3_IRQHandler                          build/startup_stm32l476xx.o
DMA2_Channel4_IRQHandler                          build/startup_stm32l476xx.o
DMA2_Channel5_IRQHandler                          build/startup_stm32l476xx.o
DMA2_Channel6_IRQHandler                          build/startup_stm32l476xx.o
DMA2_Channel7_IRQHandler                          build/startup_stm32l476xx.o
DMA_Init                                          build/main.o
DebugMon_Handler                                  build/startup_stm32l476xx.o
Default_Handler                                   build/startup_stm32l476xx.o
EXTI0_IRQHandler                                  build/startup_stm32l476xx.o
EXTI15_10_IRQHandler                              build/startup_stm32l476xx.o
EXTI1_IRQHandler                                  build/startup_stm32l476xx.o
EXTI2_IRQHandler                                  build/startup_stm32l476xx.o
EXTI3_IRQHandler                                  build/startup_stm32l476xx.o
EXTI4_IRQHandler                                  build/startup_stm32l476xx.o
EXTI9_5_IRQHandler                                build/startup_stm32l476xx.o
FLASH_FlushCaches                                 build/stm32l4xx_hal_flash_ex.o
                                                  build/stm32l4xx_hal_flash.o
FLASH_IRQHandler                                  build/startup_stm32l476xx.o
FLASH_PageErase                                   build/stm32l4xx_hal_flash_ex.o
                                                  build/stm32l4xx_hal_flash.o
FLASH_WaitForLastOperation                        build/stm32l4xx_hal_flash.o
                                                  build/stm32l4xx_hal_flash_ex.o
FMC_IRQHandler                                    build/startup_stm32l476xx.o
FPU_IRQHandler                                    build/startup_stm32l476xx.o
Font_11x18                                        build/fonts.o
                                                  build/noteDetect.o
                                                  build/main.o
Font_16x26                                        build/fonts.o
Font_7x10                                         build/fonts.o
GPIO_Init                                         build/ADCsrc.o
HAL_ADCEx_Calibration_GetValue                    build/stm32l4xx_hal_adc_ex.o
HAL_ADCEx_Calibration_SetValue                    build/stm32l4xx_hal_adc_ex.o
HAL_ADCEx_Calibration_Start                       build/stm32l4xx_hal_adc_ex.o
HAL_ADCEx_DisableInjectedQueue                    build/stm32l4xx_hal_adc_ex.o
HAL_ADCEx_DisableVoltageRegulator                 build/stm32l4xx_hal_adc_ex.o
HAL_ADCEx_EnableInjectedQueue                     build/stm32l4xx_hal_adc_ex.o
HAL_ADCEx_EndOfSamplingCallback                   build/stm32l4xx_hal_adc_ex.o
                                                  build/stm32l4xx_hal_adc.o
HAL_ADCEx_EnterADCDeepPowerDownMode               build/stm32l4xx_hal_adc_ex.o
HAL_ADCEx_InjectedConfigChannel                   build/stm32l4xx_hal_adc_ex.o
HAL_ADCEx_InjectedConvCpltCallback                build/stm32l4xx_hal_adc_ex.o
                                                  build/stm32l4xx_hal_adc.o
HAL_ADCEx_InjectedGetValue                        build/stm32l4xx_hal_adc_ex.o
HAL_ADCEx_InjectedPollForConversion               build/stm32l4xx_hal_adc_ex.o
HAL_ADCEx_InjectedQueueOverflowCallback           build/stm32l4xx_hal_adc_ex.o
                                                  build/stm32l4xx_hal_adc.o
HAL_ADCEx_InjectedStart                           build/stm32l4xx_hal_adc_ex.o
HAL_ADCEx_InjectedStart_IT                        build/stm32l4xx_hal_adc_ex.o
HAL_ADCEx_InjectedStop                            build/stm32l4xx_hal_adc_ex.o
HAL_ADCEx_InjectedStop_IT                         build/stm32l4xx_hal_adc_ex.o
HAL_ADCEx_LevelOutOfWindow2Callback               build/stm32l4xx_hal_adc_ex.o
                                                  build/stm32l4xx_hal_adc.o
HAL_ADCEx_LevelOutOfWindow3Callback               build/stm32l4xx_hal_adc_ex.o
                                                  build/stm32l4xx_hal_adc.o
HAL_ADCEx_MultiModeConfigChannel                  build/stm32l4xx_hal_adc_ex.o
                                                  build/adc.o
HAL_ADCEx_MultiModeGetValue                       build/stm32l4xx_hal_adc_ex.o
HAL_ADCEx_MultiModeStart_DMA                      build/stm32l4xx_hal_adc_ex.o
HAL_ADCEx_MultiModeStop_DMA                       build/stm32l4xx_hal_adc_ex.o
HAL_ADCEx_RegularMultiModeStop_DMA                build/stm32l4xx_hal_adc_ex.o
HAL_ADCEx_RegularStop                             build/stm32l4xx_hal_adc_ex.o
HAL_ADCEx_RegularStop_DMA                         build/stm32l4xx_hal_adc_ex.o
HAL_ADCEx_RegularStop_IT                          build/stm32l4xx_hal_adc_ex.o
HAL_ADC_AnalogWDGConfig                           build/stm32l4xx_hal_adc.o
HAL_ADC_ConfigChannel                             build/stm32l4xx_hal_adc.o
                                                  build/adc.o
HAL_ADC_ConvCpltCallback                          build/main.o
HAL_ADC_ConvHalfCpltCallback                      build/stm32l4xx_hal_adc.o
HAL_ADC_DeInit                                    build/stm32l4xx_hal_adc.o
HAL_ADC_ErrorCallback                             build/stm32l4xx_hal_adc.o
HAL_ADC_GetError                                  build/stm32l4xx_hal_adc.o
HAL_ADC_GetState                                  build/stm32l4xx_hal_adc.o
HAL_ADC_GetValue                                  build/stm32l4xx_hal_adc.o
HAL_ADC_IRQHandler                                build/stm32l4xx_hal_adc.o
                                                  build/stm32l4xx_it.o
HAL_ADC_Init                                      build/stm32l4xx_hal_adc.o
                                                  build/adc.o
HAL_ADC_LevelOutOfWindowCallback                  build/stm32l4xx_hal_adc.o
HAL_ADC_MspDeInit                                 build/adc.o
HAL_ADC_MspInit                                   build/adc.o
HAL_ADC_PollForConversion                         build/stm32l4xx_hal_adc.o
HAL_ADC_PollForEvent                              build/stm32l4xx_hal_adc.o
HAL_ADC_Start                                     build/stm32l4xx_hal_adc.o
HAL_ADC_Start_DMA                                 build/stm32l4xx_hal_adc.o
                                                  build/main.o
HAL_ADC_Start_IT                                  build/stm32l4xx_hal_adc.o
HAL_ADC_Stop                                      build/stm32l4xx_hal_adc.o
HAL_ADC_Stop_DMA                                  build/stm32l4xx_hal_adc.o
HAL_ADC_Stop_IT                                   build/stm32l4xx_hal_adc.o
HAL_DBGMCU_DisableDBGSleepMode                    build/stm32l4xx_hal.o
HAL_DBGMCU_DisableDBGStandbyMode                  build/stm32l4xx_hal.o
HAL_DBGMCU_DisableDBGStopMode                     build/stm32l4xx_hal.o
HAL_DBGMCU_EnableDBGSleepMode                     build/stm32l4xx_hal.o
HAL_DBGMCU_EnableDBGStandbyMode                   build/stm32l4xx_hal.o
HAL_DBGMCU_EnableDBGStopMode                      build/stm32l4xx_hal.o
HAL_DMA_Abort                                     build/stm32l4xx_hal_dma.o